 Annual; detailed (Metric Units)                                        


          USDA WATER EROSION PREDICTION PROJECT
          -------------------------------------

          HILLSLOPE PROFILE AND WATERSHED MODEL
                     VERSION  2010.100
           January 28,      2010


               TO REPORT PROBLEMS OR TO BE PUT ON THE MAILING
               LIST FOR FUTURE WEPP MODEL RELEASES, PLEASE CONTACT:

                    WEPP TECHNICAL SUPPORT
                    USDA-AGRICULTURAL RESEARCH SERVICE
                    NATIONAL SOIL EROSION RESEARCH LABORATORY
                    275 SOUTH RUSSELL STREET
                    WEST LAFAYETTE, IN 47907-2077  USA

                    PHONE: (765) 494-8673
                      FAX: (765) 494-5948
                    email:  wepp@ecn.purdue.edu
                      URL:  http://topsoil.nserl.purdue.edu


     HILLSLOPE INPUT DATA FILES - VERSION  2010.100
      January 28,      2010


    MANAGEMENT: ../working/wepp-883.man                           
 MAN. PRACTICE: Two OFEs for forest conditions                              
                W. Elliot 02/99                                             
                                                                            
         SLOPE: ../working/wepp-883.slp                           
       CLIMATE: ../working/wepp-883.cli                           
       Station:  MOUNT SHASTA CA                                CLIGEN VERSION  4.31
          SOIL: ../working/wepp-883.sol                           
      PLANE  1 LOW                 clay loam           
      PLANE  2 LOW                 clay loam           


     HILLSLOPE 1 YEARLY SUMMARY FOR    1
     ----------------------------------


I.   RAINFALL AND RUNOFF SUMMARY
     -------- --- ------ -------

      year:      1

         Rainfall         Storm Runoff        Melt Runoff
      events   amount   events   amount     events  amount
                (mm)              (mm)               (mm)

        86     890.40       1       0.03       5      37.45


II.  ON SITE EFFECTS  ON SITE EFFECTS  ON SITE EFFECTS
     ---------------  ---------------  ---------------


  A.  AREA OF NET SOIL LOSS

      ** Soil Loss (Avg. of Net Detachment Areas) =    0.000 kg/m2 **
      ** Maximum Soil Loss  =    0.000 kg/m2 at   35.93 meters **


      Area of    Soil Loss   Soil Loss   MAX   MAX Loss   MIN   MIN Loss
      Net Loss      MEAN      STDEV      Loss    Point    Loss   Point
        (m)       (kg/m2)     (kg/m2)  (kg/m2)    (m)    (kg/m2)  (m)
------------------------------------------------------------------------
   0.00-  41.16    0.000     0.000      0.000   35.93     0.000    35.82



  C.  SOIL LOSS/DEPOSITION ALONG SLOPE PROFILE

          Profile distances are from top to bottom of hillslope


 distance soil  flow    distance   soil  flow    distance   soil  flow
    (m)   loss  elem       (m)     loss  elem       (m)     loss  elem
         (kg/m2)                  (kg/m2)                  (kg/m2)
------------------------------------------------------------------------

   0.30     0.000  1       20.73     0.000  1       34.22     0.000  2
   0.61     0.000  1       21.04     0.000  1       34.33     0.000  2
   0.91     0.000  1       21.34     0.000  1       34.44     0.000  2
   1.22     0.000  1       21.65     0.000  1       34.54     0.000  2
   1.52     0.000  1       21.95     0.000  1       34.65     0.000  2
   1.83     0.000  1       22.26     0.000  1       34.76     0.000  2
   2.13     0.000  1       22.56     0.000  1       34.86     0.000  2
   2.44     0.000  1       22.87     0.000  1       34.97     0.000  2
   2.74     0.000  1       23.17     0.000  1       35.08     0.000  2
   3.05     0.000  1       23.48     0.000  1       35.18     0.000  2
   3.35     0.000  1       23.78     0.000  1       35.29     0.000  2
   3.66     0.000  1       24.09     0.000  1       35.40     0.000  2
   3.96     0.000  1       24.39     0.000  1       35.50     0.000  2
   4.27     0.000  1       24.70     0.000  1       35.61     0.000  2
   4.57     0.000  1       25.00     0.000  1       35.72     0.000  2
   4.88     0.000  1       25.31     0.000  1       35.82     0.000  2
   5.18     0.000  1       25.61     0.000  1       35.93     0.000  2
   5.49     0.000  1       25.92     0.000  1       36.04     0.000  2
   5.79     0.000  1       26.22     0.000  1       36.15     0.000  2
   6.10     0.000  1       26.53     0.000  1       36.25     0.000  2
   6.40     0.000  1       26.83     0.000  1       36.36     0.000  2
   6.71     0.000  1       27.14     0.000  1       36.47     0.000  2
   7.01     0.000  1       27.44     0.000  1       36.57     0.000  2
   7.32     0.000  1       27.75     0.000  1       36.68     0.000  2
   7.62     0.000  1       28.05     0.000  1       36.79     0.000  2
   7.93     0.000  1       28.36     0.000  1       36.89     0.000  2
   8.23     0.000  1       28.66     0.000  1       37.00     0.000  2
   8.54     0.000  1       28.97     0.000  1       37.11     0.000  2
   8.84     0.000  1       29.27     0.000  1       37.21     0.000  2
   9.15     0.000  1       29.58     0.000  1       37.32     0.000  2
   9.45     0.000  1       29.88     0.000  1       37.43     0.000  2
   9.76     0.000  1       30.19     0.000  1       37.53     0.000  2
  10.06     0.000  1       30.49     0.000  1       37.64     0.000  2
  10.37     0.000  1       30.60     0.000  2       37.75     0.000  2
  10.67     0.000  1       30.70     0.000  2       37.85     0.000  2
  10.98     0.000  1       30.81     0.000  2       37.96     0.000  2
  11.28     0.000  1       30.92     0.000  2       38.07     0.000  2
  11.59     0.000  1       31.02     0.000  2       38.17     0.000  2
  11.89     0.000  1       31.13     0.000  2       38.28     0.000  2
  12.20     0.000  1       31.24     0.000  2       38.39     0.000  2
  12.50     0.000  1       31.34     0.000  2       38.49     0.000  2
  12.81     0.000  1       31.45     0.000  2       38.60     0.000  2
  13.11     0.000  1       31.56     0.000  2       38.71     0.000  2
  13.42     0.000  1       31.66     0.000  2       38.81     0.000  2
  13.72     0.000  1       31.77     0.000  2       38.92     0.000  2
  14.03     0.000  1       31.88     0.000  2       39.03     0.000  2
  14.33     0.000  1       31.98     0.000  2       39.13     0.000  2
  14.64     0.000  1       32.09     0.000  2       39.24     0.000  2
  14.94     0.000  1       32.20     0.000  2       39.35     0.000  2
  15.25     0.000  1       32.30     0.000  2       39.45     0.000  2
  15.55     0.000  1       32.41     0.000  2       39.56     0.000  2
  15.85     0.000  1       32.52     0.000  2       39.67     0.000  2
  16.16     0.000  1       32.62     0.000  2       39.77     0.000  2
  16.46     0.000  1       32.73     0.000  2       39.88     0.000  2
  16.77     0.000  1       32.84     0.000  2       39.99     0.000  2
  17.07     0.000  1       32.94     0.000  2       40.09     0.000  2
  17.38     0.000  1       33.05     0.000  2       40.20     0.000  2
  17.68     0.000  1       33.16     0.000  2       40.31     0.000  2
  17.99     0.000  1       33.26     0.000  2       40.41     0.000  2
  18.29     0.000  1       33.37     0.000  2       40.52     0.000  2
  18.60     0.000  1       33.48     0.000  2       40.63     0.000  2
  18.90     0.000  1       33.58     0.000  2       40.73     0.000  2
  19.21     0.000  1       33.69     0.000  2       40.84     0.000  2
  19.51     0.000  1       33.80     0.000  2       40.95     0.000  2
  19.82     0.000  1       33.90     0.000  2       41.05     0.000  2
  20.12     0.000  1       34.01     0.000  2       41.16     0.000  2
  20.43     0.000  1       34.12     0.000  2

note:  (+) soil loss - detachment     (-) soil loss - deposition



III. OFF SITE EFFECTS  OFF SITE EFFECTS  OFF SITE EFFECTS
     ----------------  ----------------  ----------------

     A.  SEDIMENT LEAVING PROFILE for year    1     0.002 kg/m



     B.  SEDIMENT CHARACTERISTICS AND ENRICHMENT

     Sediment particle information leaving profile
-------------------------------------------------------------------------------
                                 Particle Composition         Detached Fraction
Class  Diameter  Specific  ---------------------------------  Sediment  In Flow
         (mm)    Gravity   % Sand   % Silt   % Clay   % O.M.  Fraction  Exiting
-------------------------------------------------------------------------------
  1     0.002      2.60      0.0      0.0    100.0     16.7     0.078    0.092
  2     0.010      2.65      0.0    100.0      0.0      0.0     0.072    0.085
  3     0.040      1.80      0.0     60.0     40.0      6.7     0.378    0.447
  4     0.600      1.60     48.4     35.2     16.5      2.7     0.430    0.342
  5     0.200      2.65    100.0      0.0      0.0      0.0     0.042    0.033
-------------------------------------------------------------------------------


     Weighted SSA enrichment ratio leaving profile for year    1 =   1.09


     HILLSLOPE 1 YEARLY SUMMARY FOR    2
     ----------------------------------


I.   RAINFALL AND RUNOFF SUMMARY
     -------- --- ------ -------

      year:      2

         Rainfall         Storm Runoff        Melt Runoff
      events   amount   events   amount     events  amount
                (mm)              (mm)               (mm)

        98    1290.60       1       1.03      11     120.40


II.  ON SITE EFFECTS  ON SITE EFFECTS  ON SITE EFFECTS
     ---------------  ---------------  ---------------


  A.  AREA OF NET SOIL LOSS

      ** Soil Loss (Avg. of Net Detachment Areas) =    0.014 kg/m2 **
      ** Maximum Soil Loss  =    0.035 kg/m2 at   41.16 meters **


      Area of    Soil Loss   Soil Loss   MAX   MAX Loss   MIN   MIN Loss
      Net Loss      MEAN      STDEV      Loss    Point    Loss   Point
        (m)       (kg/m2)     (kg/m2)  (kg/m2)    (m)    (kg/m2)  (m)
------------------------------------------------------------------------
   0.00-  41.16    0.014     0.015      0.035   41.16     0.000     4.57



  C.  SOIL LOSS/DEPOSITION ALONG SLOPE PROFILE

          Profile distances are from top to bottom of hillslope


 distance soil  flow    distance   soil  flow    distance   soil  flow
    (m)   loss  elem       (m)     loss  elem       (m)     loss  elem
         (kg/m2)                  (kg/m2)                  (kg/m2)
------------------------------------------------------------------------

   0.30     0.000  1       20.73     0.012  1       34.22     0.031  2
   0.61     0.000  1       21.04     0.012  1       34.33     0.031  2
   0.91     0.000  1       21.34     0.012  1       34.44     0.031  2
   1.22     0.000  1       21.65     0.013  1       34.54     0.031  2
   1.52     0.000  1       21.95     0.013  1       34.65     0.032  2
   1.83     0.000  1       22.26     0.014  1       34.76     0.032  2
   2.13     0.000  1       22.56     0.014  1       34.86     0.032  2
   2.44     0.000  1       22.87     0.014  1       34.97     0.032  2
   2.74     0.000  1       23.17     0.015  1       35.08     0.032  2
   3.05     0.000  1       23.48     0.015  1       35.18     0.032  2
   3.35     0.000  1       23.78     0.015  1       35.29     0.032  2
   3.66     0.000  1       24.09     0.016  1       35.40     0.033  2
   3.96     0.000  1       24.39     0.016  1       35.50     0.033  2
   4.27     0.000  1       24.70     0.016  1       35.61     0.033  2
   4.57     0.000  1       25.00     0.017  1       35.72     0.033  2
   4.88     0.000  1       25.31     0.017  1       35.82     0.033  2
   5.18     0.000  1       25.61     0.017  1       35.93     0.033  2
   5.49     0.000  1       25.92     0.018  1       36.04     0.033  2
   5.79     0.000  1       26.22     0.018  1       36.15     0.033  2
   6.10     0.000  1       26.53     0.018  1       36.25     0.034  2
   6.40     0.000  1       26.83     0.019  1       36.36     0.034  2
   6.71     0.000  1       27.14     0.019  1       36.47     0.034  2
   7.01     0.000  1       27.44     0.019  1       36.57     0.034  2
   7.32     0.000  1       27.75     0.020  1       36.68     0.034  2
   7.62     0.000  1       28.05     0.020  1       36.79     0.034  2
   7.93     0.000  1       28.36     0.020  1       36.89     0.034  2
   8.23     0.000  1       28.66     0.021  1       37.00     0.034  2
   8.54     0.000  1       28.97     0.021  1       37.11     0.034  2
   8.84     0.000  1       29.27     0.021  1       37.21     0.034  2
   9.15     0.000  1       29.58     0.022  1       37.32     0.034  2
   9.45     0.000  1       29.88     0.022  1       37.43     0.034  2
   9.76     0.000  1       30.19     0.023  1       37.53     0.034  2
  10.06     0.001  1       30.49     0.023  1       37.64     0.034  2
  10.37     0.001  1       30.60     0.025  2       37.75     0.034  2
  10.67     0.001  1       30.70     0.026  2       37.85     0.034  2
  10.98     0.001  1       30.81     0.026  2       37.96     0.034  2
  11.28     0.001  1       30.92     0.026  2       38.07     0.034  2
  11.59     0.002  1       31.02     0.026  2       38.17     0.034  2
  11.89     0.002  1       31.13     0.026  2       38.28     0.034  2
  12.20     0.002  1       31.24     0.026  2       38.39     0.034  2
  12.50     0.002  1       31.34     0.027  2       38.49     0.034  2
  12.81     0.003  1       31.45     0.027  2       38.60     0.034  2
  13.11     0.003  1       31.56     0.027  2       38.71     0.034  2
  13.42     0.003  1       31.66     0.027  2       38.81     0.034  2
  13.72     0.003  1       31.77     0.027  2       38.92     0.034  2
  14.03     0.003  1       31.88     0.027  2       39.03     0.035  2
  14.33     0.004  1       31.98     0.028  2       39.13     0.035  2
  14.64     0.004  1       32.09     0.028  2       39.24     0.035  2
  14.94     0.004  1       32.20     0.028  2       39.35     0.035  2
  15.25     0.005  1       32.30     0.028  2       39.45     0.035  2
  15.55     0.005  1       32.41     0.028  2       39.56     0.035  2
  15.85     0.006  1       32.52     0.028  2       39.67     0.035  2
  16.16     0.006  1       32.62     0.028  2       39.77     0.035  2
  16.46     0.006  1       32.73     0.029  2       39.88     0.035  2
  16.77     0.007  1       32.84     0.029  2       39.99     0.035  2
  17.07     0.007  1       32.94     0.029  2       40.09     0.035  2
  17.38     0.008  1       33.05     0.029  2       40.20     0.035  2
  17.68     0.008  1       33.16     0.029  2       40.31     0.035  2
  17.99     0.008  1       33.26     0.029  2       40.41     0.035  2
  18.29     0.009  1       33.37     0.030  2       40.52     0.035  2
  18.60     0.009  1       33.48     0.030  2       40.63     0.035  2
  18.90     0.010  1       33.58     0.030  2       40.73     0.035  2
  19.21     0.010  1       33.69     0.030  2       40.84     0.035  2
  19.51     0.010  1       33.80     0.030  2       40.95     0.035  2
  19.82     0.011  1       33.90     0.030  2       41.05     0.035  2
  20.12     0.011  1       34.01     0.031  2       41.16     0.035  2
  20.43     0.011  1       34.12     0.031  2

note:  (+) soil loss - detachment     (-) soil loss - deposition



III. OFF SITE EFFECTS  OFF SITE EFFECTS  OFF SITE EFFECTS
     ----------------  ----------------  ----------------

     A.  SEDIMENT LEAVING PROFILE for year    2     0.575 kg/m



     B.  SEDIMENT CHARACTERISTICS AND ENRICHMENT

     Sediment particle information leaving profile
-------------------------------------------------------------------------------
                                 Particle Composition         Detached Fraction
Class  Diameter  Specific  ---------------------------------  Sediment  In Flow
         (mm)    Gravity   % Sand   % Silt   % Clay   % O.M.  Fraction  Exiting
-------------------------------------------------------------------------------
  1     0.002      2.60      0.0      0.0    100.0     16.7     0.078    0.079
  2     0.010      2.65      0.0    100.0      0.0      0.0     0.072    0.073
  3     0.040      1.80      0.0     60.0     40.0      6.7     0.378    0.382
  4     0.600      1.60     48.4     35.2     16.5      2.7     0.430    0.425
  5     0.200      2.65    100.0      0.0      0.0      0.0     0.042    0.041
-------------------------------------------------------------------------------


     Weighted SSA enrichment ratio leaving profile for year    2 =   1.01


     HILLSLOPE 1 YEARLY SUMMARY FOR    3
     ----------------------------------


I.   RAINFALL AND RUNOFF SUMMARY
     -------- --- ------ -------

      year:      3

         Rainfall         Storm Runoff        Melt Runoff
      events   amount   events   amount     events  amount
                (mm)              (mm)               (mm)

        85     700.60       1       0.00       3      41.53


II.  ON SITE EFFECTS  ON SITE EFFECTS  ON SITE EFFECTS
     ---------------  ---------------  ---------------


  A.  AREA OF NET SOIL LOSS

      ** Soil Loss (Avg. of Net Detachment Areas) =    0.000 kg/m2 **
      ** Maximum Soil Loss  =    0.000 kg/m2 at   14.64 meters **


      Area of    Soil Loss   Soil Loss   MAX   MAX Loss   MIN   MIN Loss
      Net Loss      MEAN      STDEV      Loss    Point    Loss   Point
        (m)       (kg/m2)     (kg/m2)  (kg/m2)    (m)    (kg/m2)  (m)
------------------------------------------------------------------------
   0.00-  41.16    0.000     0.000      0.000   14.64     0.000    34.54



  C.  SOIL LOSS/DEPOSITION ALONG SLOPE PROFILE

          Profile distances are from top to bottom of hillslope


 distance soil  flow    distance   soil  flow    distance   soil  flow
    (m)   loss  elem       (m)     loss  elem       (m)     loss  elem
         (kg/m2)                  (kg/m2)                  (kg/m2)
------------------------------------------------------------------------

   0.30     0.000  1       20.73     0.000  1       34.22     0.000  2
   0.61     0.000  1       21.04     0.000  1       34.33     0.000  2
   0.91     0.000  1       21.34     0.000  1       34.44     0.000  2
   1.22     0.000  1       21.65     0.000  1       34.54     0.000  2
   1.52     0.000  1       21.95     0.000  1       34.65     0.000  2
   1.83     0.000  1       22.26     0.000  1       34.76     0.000  2
   2.13     0.000  1       22.56     0.000  1       34.86     0.000  2
   2.44     0.000  1       22.87     0.000  1       34.97     0.000  2
   2.74     0.000  1       23.17     0.000  1       35.08     0.000  2
   3.05     0.000  1       23.48     0.000  1       35.18     0.000  2
   3.35     0.000  1       23.78     0.000  1       35.29     0.000  2
   3.66     0.000  1       24.09     0.000  1       35.40     0.000  2
   3.96     0.000  1       24.39     0.000  1       35.50     0.000  2
   4.27     0.000  1       24.70     0.000  1       35.61     0.000  2
   4.57     0.000  1       25.00     0.000  1       35.72     0.000  2
   4.88     0.000  1       25.31     0.000  1       35.82     0.000  2
   5.18     0.000  1       25.61     0.000  1       35.93     0.000  2
   5.49     0.000  1       25.92     0.000  1       36.04     0.000  2
   5.79     0.000  1       26.22     0.000  1       36.15     0.000  2
   6.10     0.000  1       26.53     0.000  1       36.25     0.000  2
   6.40     0.000  1       26.83     0.000  1       36.36     0.000  2
   6.71     0.000  1       27.14     0.000  1       36.47     0.000  2
   7.01     0.000  1       27.44     0.000  1       36.57     0.000  2
   7.32     0.000  1       27.75     0.000  1       36.68     0.000  2
   7.62     0.000  1       28.05     0.000  1       36.79     0.000  2
   7.93     0.000  1       28.36     0.000  1       36.89     0.000  2
   8.23     0.000  1       28.66     0.000  1       37.00     0.000  2
   8.54     0.000  1       28.97     0.000  1       37.11     0.000  2
   8.84     0.000  1       29.27     0.000  1       37.21     0.000  2
   9.15     0.000  1       29.58     0.000  1       37.32     0.000  2
   9.45     0.000  1       29.88     0.000  1       37.43     0.000  2
   9.76     0.000  1       30.19     0.000  1       37.53     0.000  2
  10.06     0.000  1       30.49     0.000  1       37.64     0.000  2
  10.37     0.000  1       30.60     0.000  2       37.75     0.000  2
  10.67     0.000  1       30.70     0.000  2       37.85     0.000  2
  10.98     0.000  1       30.81     0.000  2       37.96     0.000  2
  11.28     0.000  1       30.92     0.000  2       38.07     0.000  2
  11.59     0.000  1       31.02     0.000  2       38.17     0.000  2
  11.89     0.000  1       31.13     0.000  2       38.28     0.000  2
  12.20     0.000  1       31.24     0.000  2       38.39     0.000  2
  12.50     0.000  1       31.34     0.000  2       38.49     0.000  2
  12.81     0.000  1       31.45     0.000  2       38.60     0.000  2
  13.11     0.000  1       31.56     0.000  2       38.71     0.000  2
  13.42     0.000  1       31.66     0.000  2       38.81     0.000  2
  13.72     0.000  1       31.77     0.000  2       38.92     0.000  2
  14.03     0.000  1       31.88     0.000  2       39.03     0.000  2
  14.33     0.000  1       31.98     0.000  2       39.13     0.000  2
  14.64     0.000  1       32.09     0.000  2       39.24     0.000  2
  14.94     0.000  1       32.20     0.000  2       39.35     0.000  2
  15.25     0.000  1       32.30     0.000  2       39.45     0.000  2
  15.55     0.000  1       32.41     0.000  2       39.56     0.000  2
  15.85     0.000  1       32.52     0.000  2       39.67     0.000  2
  16.16     0.000  1       32.62     0.000  2       39.77     0.000  2
  16.46     0.000  1       32.73     0.000  2       39.88     0.000  2
  16.77     0.000  1       32.84     0.000  2       39.99     0.000  2
  17.07     0.000  1       32.94     0.000  2       40.09     0.000  2
  17.38     0.000  1       33.05     0.000  2       40.20     0.000  2
  17.68     0.000  1       33.16     0.000  2       40.31     0.000  2
  17.99     0.000  1       33.26     0.000  2       40.41     0.000  2
  18.29     0.000  1       33.37     0.000  2       40.52     0.000  2
  18.60     0.000  1       33.48     0.000  2       40.63     0.000  2
  18.90     0.000  1       33.58     0.000  2       40.73     0.000  2
  19.21     0.000  1       33.69     0.000  2       40.84     0.000  2
  19.51     0.000  1       33.80     0.000  2       40.95     0.000  2
  19.82     0.000  1       33.90     0.000  2       41.05     0.000  2
  20.12     0.000  1       34.01     0.000  2       41.16     0.000  2
  20.43     0.000  1       34.12     0.000  2

note:  (+) soil loss - detachment     (-) soil loss - deposition



III. OFF SITE EFFECTS  OFF SITE EFFECTS  OFF SITE EFFECTS
     ----------------  ----------------  ----------------

     A.  SEDIMENT LEAVING PROFILE for year    3     0.000 kg/m



     B.  SEDIMENT CHARACTERISTICS AND ENRICHMENT

     Sediment particle information leaving profile
-------------------------------------------------------------------------------
                                 Particle Composition         Detached Fraction
Class  Diameter  Specific  ---------------------------------  Sediment  In Flow
         (mm)    Gravity   % Sand   % Silt   % Clay   % O.M.  Fraction  Exiting
-------------------------------------------------------------------------------
  1     0.002      2.60      0.0      0.0    100.0     16.7     0.078    0.100
  2     0.010      2.65      0.0    100.0      0.0      0.0     0.072    0.093
  3     0.040      1.80      0.0     60.0     40.0      6.7     0.378    0.486
  4     0.600      1.60     48.4     35.2     16.5      2.7     0.430    0.292
  5     0.200      2.65    100.0      0.0      0.0      0.0     0.042    0.029
-------------------------------------------------------------------------------


     Weighted SSA enrichment ratio leaving profile for year    3 =   1.14


     HILLSLOPE 1 YEARLY SUMMARY FOR    4
     ----------------------------------


I.   RAINFALL AND RUNOFF SUMMARY
     -------- --- ------ -------

      year:      4

         Rainfall         Storm Runoff        Melt Runoff
      events   amount   events   amount     events  amount
                (mm)              (mm)               (mm)

        95    1208.30       0       0.00      13     185.57


II.  ON SITE EFFECTS  ON SITE EFFECTS  ON SITE EFFECTS
     ---------------  ---------------  ---------------


  A.  AREA OF NET SOIL LOSS

      ** Soil Loss (Avg. of Net Detachment Areas) =    0.019 kg/m2 **
      ** Maximum Soil Loss  =    0.032 kg/m2 at   41.16 meters **


      Area of    Soil Loss   Soil Loss   MAX   MAX Loss   MIN   MIN Loss
      Net Loss      MEAN      STDEV      Loss    Point    Loss   Point
        (m)       (kg/m2)     (kg/m2)  (kg/m2)    (m)    (kg/m2)  (m)
------------------------------------------------------------------------
  25.61-  41.16    0.019     0.009      0.032   41.16     0.000    25.92



  C.  SOIL LOSS/DEPOSITION ALONG SLOPE PROFILE

          Profile distances are from top to bottom of hillslope


 distance soil  flow    distance   soil  flow    distance   soil  flow
    (m)   loss  elem       (m)     loss  elem       (m)     loss  elem
         (kg/m2)                  (kg/m2)                  (kg/m2)
------------------------------------------------------------------------

   0.30     0.000  1       20.73     0.000  1       34.22     0.024  2
   0.61     0.000  1       21.04     0.000  1       34.33     0.024  2
   0.91     0.000  1       21.34     0.000  1       34.44     0.024  2
   1.22     0.000  1       21.65     0.000  1       34.54     0.024  2
   1.52     0.000  1       21.95     0.000  1       34.65     0.025  2
   1.83     0.000  1       22.26     0.000  1       34.76     0.025  2
   2.13     0.000  1       22.56     0.000  1       34.86     0.025  2
   2.44     0.000  1       22.87     0.000  1       34.97     0.025  2
   2.74     0.000  1       23.17     0.000  1       35.08     0.026  2
   3.05     0.000  1       23.48     0.000  1       35.18     0.026  2
   3.35     0.000  1       23.78     0.000  1       35.29     0.026  2
   3.66     0.000  1       24.09     0.000  1       35.40     0.027  2
   3.96     0.000  1       24.39     0.000  1       35.50     0.027  2
   4.27     0.000  1       24.70     0.000  1       35.61     0.027  2
   4.57     0.000  1       25.00     0.000  1       35.72     0.027  2
   4.88     0.000  1       25.31     0.000  1       35.82     0.028  2
   5.18     0.000  1       25.61     0.000  1       35.93     0.028  2
   5.49     0.000  1       25.92     0.000  1       36.04     0.028  2
   5.79     0.000  1       26.22     0.001  1       36.15     0.028  2
   6.10     0.000  1       26.53     0.002  1       36.25     0.028  2
   6.40     0.000  1       26.83     0.003  1       36.36     0.028  2
   6.71     0.000  1       27.14     0.003  1       36.47     0.028  2
   7.01     0.000  1       27.44     0.004  1       36.57     0.029  2
   7.32     0.000  1       27.75     0.005  1       36.68     0.029  2
   7.62     0.000  1       28.05     0.006  1       36.79     0.029  2
   7.93     0.000  1       28.36     0.007  1       36.89     0.029  2
   8.23     0.000  1       28.66     0.007  1       37.00     0.029  2
   8.54     0.000  1       28.97     0.008  1       37.11     0.029  2
   8.84     0.000  1       29.27     0.009  1       37.21     0.029  2
   9.15     0.000  1       29.58     0.010  1       37.32     0.029  2
   9.45     0.000  1       29.88     0.011  1       37.43     0.029  2
   9.76     0.000  1       30.19     0.011  1       37.53     0.029  2
  10.06     0.000  1       30.49     0.012  1       37.64     0.029  2
  10.37     0.000  1       30.60     0.014  2       37.75     0.030  2
  10.67     0.000  1       30.70     0.014  2       37.85     0.030  2
  10.98     0.000  1       30.81     0.015  2       37.96     0.030  2
  11.28     0.000  1       30.92     0.015  2       38.07     0.030  2
  11.59     0.000  1       31.02     0.015  2       38.17     0.030  2
  11.89     0.000  1       31.13     0.015  2       38.28     0.030  2
  12.20     0.000  1       31.24     0.016  2       38.39     0.030  2
  12.50     0.000  1       31.34     0.016  2       38.49     0.030  2
  12.81     0.000  1       31.45     0.016  2       38.60     0.030  2
  13.11     0.000  1       31.56     0.017  2       38.71     0.030  2
  13.42     0.000  1       31.66     0.017  2       38.81     0.030  2
  13.72     0.000  1       31.77     0.017  2       38.92     0.031  2
  14.03     0.000  1       31.88     0.017  2       39.03     0.031  2
  14.33     0.000  1       31.98     0.018  2       39.13     0.031  2
  14.64     0.000  1       32.09     0.018  2       39.24     0.031  2
  14.94     0.000  1       32.20     0.018  2       39.35     0.031  2
  15.25     0.000  1       32.30     0.018  2       39.45     0.031  2
  15.55     0.000  1       32.41     0.019  2       39.56     0.031  2
  15.85     0.000  1       32.52     0.019  2       39.67     0.031  2
  16.16     0.000  1       32.62     0.019  2       39.77     0.031  2
  16.46     0.000  1       32.73     0.020  2       39.88     0.031  2
  16.77     0.000  1       32.84     0.020  2       39.99     0.031  2
  17.07     0.000  1       32.94     0.020  2       40.09     0.032  2
  17.38     0.000  1       33.05     0.020  2       40.20     0.032  2
  17.68     0.000  1       33.16     0.021  2       40.31     0.032  2
  17.99     0.000  1       33.26     0.021  2       40.41     0.032  2
  18.29     0.000  1       33.37     0.021  2       40.52     0.032  2
  18.60     0.000  1       33.48     0.022  2       40.63     0.032  2
  18.90     0.000  1       33.58     0.022  2       40.73     0.032  2
  19.21     0.000  1       33.69     0.022  2       40.84     0.032  2
  19.51     0.000  1       33.80     0.022  2       40.95     0.032  2
  19.82     0.000  1       33.90     0.023  2       41.05     0.032  2
  20.12     0.000  1       34.01     0.023  2       41.16     0.032  2
  20.43     0.000  1       34.12     0.023  2

note:  (+) soil loss - detachment     (-) soil loss - deposition



III. OFF SITE EFFECTS  OFF SITE EFFECTS  OFF SITE EFFECTS
     ----------------  ----------------  ----------------

     A.  SEDIMENT LEAVING PROFILE for year    4     0.303 kg/m



     B.  SEDIMENT CHARACTERISTICS AND ENRICHMENT

     Sediment particle information leaving profile
-------------------------------------------------------------------------------
                                 Particle Composition         Detached Fraction
Class  Diameter  Specific  ---------------------------------  Sediment  In Flow
         (mm)    Gravity   % Sand   % Silt   % Clay   % O.M.  Fraction  Exiting
-------------------------------------------------------------------------------
  1     0.002      2.60      0.0      0.0    100.0     16.7     0.078    0.078
  2     0.010      2.65      0.0    100.0      0.0      0.0     0.072    0.072
  3     0.040      1.80      0.0     60.0     40.0      6.7     0.378    0.378
  4     0.600      1.60     48.4     35.2     16.5      2.7     0.430    0.430
  5     0.200      2.65    100.0      0.0      0.0      0.0     0.042    0.042
-------------------------------------------------------------------------------


     Weighted SSA enrichment ratio leaving profile for year    4 =   1.00


     HILLSLOPE 1 YEARLY SUMMARY FOR    5
     ----------------------------------


I.   RAINFALL AND RUNOFF SUMMARY
     -------- --- ------ -------

      year:      5

         Rainfall         Storm Runoff        Melt Runoff
      events   amount   events   amount     events  amount
                (mm)              (mm)               (mm)

        94    1095.60       3      79.55       5      43.91


II.  ON SITE EFFECTS  ON SITE EFFECTS  ON SITE EFFECTS
     ---------------  ---------------  ---------------


  A.  AREA OF NET SOIL LOSS

      ** Soil Loss (Avg. of Net Detachment Areas) =    0.069 kg/m2 **
      ** Maximum Soil Loss  =    0.104 kg/m2 at   41.16 meters **


      Area of    Soil Loss   Soil Loss   MAX   MAX Loss   MIN   MIN Loss
      Net Loss      MEAN      STDEV      Loss    Point    Loss   Point
        (m)       (kg/m2)     (kg/m2)  (kg/m2)    (m)    (kg/m2)  (m)
------------------------------------------------------------------------
   0.00-  41.16    0.069     0.026      0.104   41.16     0.037     1.52



  C.  SOIL LOSS/DEPOSITION ALONG SLOPE PROFILE

          Profile distances are from top to bottom of hillslope


 distance soil  flow    distance   soil  flow    distance   soil  flow
    (m)   loss  elem       (m)     loss  elem       (m)     loss  elem
         (kg/m2)                  (kg/m2)                  (kg/m2)
------------------------------------------------------------------------

   0.30     0.037  1       20.73     0.067  1       34.22     0.098  2
   0.61     0.037  1       21.04     0.067  1       34.33     0.099  2
   0.91     0.037  1       21.34     0.068  1       34.44     0.099  2
   1.22     0.037  1       21.65     0.069  1       34.54     0.099  2
   1.52     0.037  1       21.95     0.069  1       34.65     0.099  2
   1.83     0.037  1       22.26     0.070  1       34.76     0.099  2
   2.13     0.037  1       22.56     0.071  1       34.86     0.100  2
   2.44     0.037  1       22.87     0.072  1       34.97     0.100  2
   2.74     0.037  1       23.17     0.072  1       35.08     0.100  2
   3.05     0.037  1       23.48     0.073  1       35.18     0.100  2
   3.35     0.037  1       23.78     0.074  1       35.29     0.100  2
   3.66     0.037  1       24.09     0.074  1       35.40     0.101  2
   3.96     0.037  1       24.39     0.075  1       35.50     0.101  2
   4.27     0.037  1       24.70     0.076  1       35.61     0.101  2
   4.57     0.038  1       25.00     0.077  1       35.72     0.101  2
   4.88     0.038  1       25.31     0.077  1       35.82     0.101  2
   5.18     0.039  1       25.61     0.078  1       35.93     0.102  2
   5.49     0.039  1       25.92     0.079  1       36.04     0.102  2
   5.79     0.040  1       26.22     0.079  1       36.15     0.102  2
   6.10     0.041  1       26.53     0.080  1       36.25     0.102  2
   6.40     0.041  1       26.83     0.081  1       36.36     0.102  2
   6.71     0.042  1       27.14     0.081  1       36.47     0.102  2
   7.01     0.042  1       27.44     0.082  1       36.57     0.102  2
   7.32     0.043  1       27.75     0.083  1       36.68     0.102  2
   7.62     0.044  1       28.05     0.083  1       36.79     0.102  2
   7.93     0.044  1       28.36     0.084  1       36.89     0.102  2
   8.23     0.045  1       28.66     0.085  1       37.00     0.102  2
   8.54     0.045  1       28.97     0.085  1       37.11     0.102  2
   8.84     0.046  1       29.27     0.086  1       37.21     0.102  2
   9.15     0.047  1       29.58     0.087  1       37.32     0.102  2
   9.45     0.047  1       29.88     0.087  1       37.43     0.102  2
   9.76     0.048  1       30.19     0.088  1       37.53     0.102  2
  10.06     0.048  1       30.49     0.089  1       37.64     0.102  2
  10.37     0.049  1       30.60     0.092  2       37.75     0.102  2
  10.67     0.049  1       30.70     0.092  2       37.85     0.102  2
  10.98     0.050  1       30.81     0.092  2       37.96     0.103  2
  11.28     0.050  1       30.92     0.092  2       38.07     0.103  2
  11.59     0.051  1       31.02     0.092  2       38.17     0.103  2
  11.89     0.051  1       31.13     0.093  2       38.28     0.103  2
  12.20     0.052  1       31.24     0.093  2       38.39     0.103  2
  12.50     0.052  1       31.34     0.093  2       38.49     0.103  2
  12.81     0.053  1       31.45     0.093  2       38.60     0.103  2
  13.11     0.053  1       31.56     0.093  2       38.71     0.103  2
  13.42     0.054  1       31.66     0.094  2       38.81     0.103  2
  13.72     0.054  1       31.77     0.094  2       38.92     0.103  2
  14.03     0.055  1       31.88     0.094  2       39.03     0.103  2
  14.33     0.055  1       31.98     0.094  2       39.13     0.103  2
  14.64     0.056  1       32.09     0.094  2       39.24     0.103  2
  14.94     0.056  1       32.20     0.095  2       39.35     0.103  2
  15.25     0.057  1       32.30     0.095  2       39.45     0.103  2
  15.55     0.057  1       32.41     0.095  2       39.56     0.103  2
  15.85     0.058  1       32.52     0.095  2       39.67     0.103  2
  16.16     0.058  1       32.62     0.095  2       39.77     0.103  2
  16.46     0.059  1       32.73     0.096  2       39.88     0.103  2
  16.77     0.059  1       32.84     0.096  2       39.99     0.103  2
  17.07     0.060  1       32.94     0.096  2       40.09     0.103  2
  17.38     0.060  1       33.05     0.096  2       40.20     0.104  2
  17.68     0.060  1       33.16     0.096  2       40.31     0.104  2
  17.99     0.061  1       33.26     0.097  2       40.41     0.104  2
  18.29     0.061  1       33.37     0.097  2       40.52     0.104  2
  18.60     0.062  1       33.48     0.097  2       40.63     0.104  2
  18.90     0.062  1       33.58     0.097  2       40.73     0.104  2
  19.21     0.063  1       33.69     0.097  2       40.84     0.104  2
  19.51     0.064  1       33.80     0.098  2       40.95     0.104  2
  19.82     0.064  1       33.90     0.098  2       41.05     0.104  2
  20.12     0.065  1       34.01     0.098  2       41.16     0.104  2
  20.43     0.066  1       34.12     0.098  2

note:  (+) soil loss - detachment     (-) soil loss - deposition



III. OFF SITE EFFECTS  OFF SITE EFFECTS  OFF SITE EFFECTS
     ----------------  ----------------  ----------------

     A.  SEDIMENT LEAVING PROFILE for year    5     2.844 kg/m



     B.  SEDIMENT CHARACTERISTICS AND ENRICHMENT

     Sediment particle information leaving profile
-------------------------------------------------------------------------------
                                 Particle Composition         Detached Fraction
Class  Diameter  Specific  ---------------------------------  Sediment  In Flow
         (mm)    Gravity   % Sand   % Silt   % Clay   % O.M.  Fraction  Exiting
-------------------------------------------------------------------------------
  1     0.002      2.60      0.0      0.0    100.0     16.7     0.078    0.090
  2     0.010      2.65      0.0    100.0      0.0      0.0     0.072    0.083
  3     0.040      1.80      0.0     60.0     40.0      6.7     0.378    0.438
  4     0.600      1.60     48.4     35.2     16.5      2.7     0.430    0.354
  5     0.200      2.65    100.0      0.0      0.0      0.0     0.042    0.035
-------------------------------------------------------------------------------


     Weighted SSA enrichment ratio leaving profile for year    5 =   1.08


     HILLSLOPE 1 YEARLY SUMMARY FOR    6
     ----------------------------------


I.   RAINFALL AND RUNOFF SUMMARY
     -------- --- ------ -------

      year:      6

         Rainfall         Storm Runoff        Melt Runoff
      events   amount   events   amount     events  amount
                (mm)              (mm)               (mm)

       116    1408.80       1      16.80      12     180.18


II.  ON SITE EFFECTS  ON SITE EFFECTS  ON SITE EFFECTS
     ---------------  ---------------  ---------------


  A.  AREA OF NET SOIL LOSS

      ** Soil Loss (Avg. of Net Detachment Areas) =    0.030 kg/m2 **
      ** Maximum Soil Loss  =    0.059 kg/m2 at   41.16 meters **


      Area of    Soil Loss   Soil Loss   MAX   MAX Loss   MIN   MIN Loss
      Net Loss      MEAN      STDEV      Loss    Point    Loss   Point
        (m)       (kg/m2)     (kg/m2)  (kg/m2)    (m)    (kg/m2)  (m)
------------------------------------------------------------------------
   0.00-  41.16    0.030     0.018      0.059   41.16     0.014     2.74



  C.  SOIL LOSS/DEPOSITION ALONG SLOPE PROFILE

          Profile distances are from top to bottom of hillslope


 distance soil  flow    distance   soil  flow    distance   soil  flow
    (m)   loss  elem       (m)     loss  elem       (m)     loss  elem
         (kg/m2)                  (kg/m2)                  (kg/m2)
------------------------------------------------------------------------

   0.30     0.014  1       20.73     0.025  1       34.22     0.051  2
   0.61     0.014  1       21.04     0.025  1       34.33     0.051  2
   0.91     0.014  1       21.34     0.026  1       34.44     0.051  2
   1.22     0.014  1       21.65     0.026  1       34.54     0.052  2
   1.52     0.014  1       21.95     0.027  1       34.65     0.052  2
   1.83     0.014  1       22.26     0.028  1       34.76     0.052  2
   2.13     0.014  1       22.56     0.028  1       34.86     0.052  2
   2.44     0.014  1       22.87     0.029  1       34.97     0.053  2
   2.74     0.014  1       23.17     0.029  1       35.08     0.053  2
   3.05     0.014  1       23.48     0.030  1       35.18     0.053  2
   3.35     0.014  1       23.78     0.031  1       35.29     0.054  2
   3.66     0.014  1       24.09     0.031  1       35.40     0.054  2
   3.96     0.014  1       24.39     0.032  1       35.50     0.054  2
   4.27     0.014  1       24.70     0.032  1       35.61     0.054  2
   4.57     0.014  1       25.00     0.033  1       35.72     0.055  2
   4.88     0.014  1       25.31     0.033  1       35.82     0.055  2
   5.18     0.014  1       25.61     0.034  1       35.93     0.055  2
   5.49     0.014  1       25.92     0.034  1       36.04     0.055  2
   5.79     0.014  1       26.22     0.035  1       36.15     0.055  2
   6.10     0.014  1       26.53     0.036  1       36.25     0.055  2
   6.40     0.014  1       26.83     0.036  1       36.36     0.055  2
   6.71     0.015  1       27.14     0.037  1       36.47     0.056  2
   7.01     0.015  1       27.44     0.037  1       36.57     0.056  2
   7.32     0.015  1       27.75     0.038  1       36.68     0.056  2
   7.62     0.015  1       28.05     0.038  1       36.79     0.056  2
   7.93     0.015  1       28.36     0.039  1       36.89     0.056  2
   8.23     0.015  1       28.66     0.039  1       37.00     0.056  2
   8.54     0.015  1       28.97     0.040  1       37.11     0.056  2
   8.84     0.016  1       29.27     0.040  1       37.21     0.056  2
   9.15     0.016  1       29.58     0.041  1       37.32     0.056  2
   9.45     0.016  1       29.88     0.041  1       37.43     0.056  2
   9.76     0.016  1       30.19     0.042  1       37.53     0.056  2
  10.06     0.016  1       30.49     0.043  1       37.64     0.056  2
  10.37     0.016  1       30.60     0.044  2       37.75     0.057  2
  10.67     0.016  1       30.70     0.044  2       37.85     0.057  2
  10.98     0.016  1       30.81     0.044  2       37.96     0.057  2
  11.28     0.017  1       30.92     0.045  2       38.07     0.057  2
  11.59     0.017  1       31.02     0.045  2       38.17     0.057  2
  11.89     0.017  1       31.13     0.045  2       38.28     0.057  2
  12.20     0.017  1       31.24     0.045  2       38.39     0.057  2
  12.50     0.017  1       31.34     0.045  2       38.49     0.057  2
  12.81     0.017  1       31.45     0.045  2       38.60     0.057  2
  13.11     0.017  1       31.56     0.046  2       38.71     0.057  2
  13.42     0.018  1       31.66     0.046  2       38.81     0.057  2
  13.72     0.018  1       31.77     0.046  2       38.92     0.057  2
  14.03     0.018  1       31.88     0.046  2       39.03     0.058  2
  14.33     0.018  1       31.98     0.046  2       39.13     0.058  2
  14.64     0.018  1       32.09     0.047  2       39.24     0.058  2
  14.94     0.018  1       32.20     0.047  2       39.35     0.058  2
  15.25     0.018  1       32.30     0.047  2       39.45     0.058  2
  15.55     0.019  1       32.41     0.047  2       39.56     0.058  2
  15.85     0.019  1       32.52     0.047  2       39.67     0.058  2
  16.16     0.019  1       32.62     0.047  2       39.77     0.058  2
  16.46     0.019  1       32.73     0.048  2       39.88     0.058  2
  16.77     0.019  1       32.84     0.048  2       39.99     0.058  2
  17.07     0.020  1       32.94     0.048  2       40.09     0.058  2
  17.38     0.020  1       33.05     0.048  2       40.20     0.058  2
  17.68     0.020  1       33.16     0.048  2       40.31     0.058  2
  17.99     0.021  1       33.26     0.048  2       40.41     0.059  2
  18.29     0.021  1       33.37     0.049  2       40.52     0.059  2
  18.60     0.021  1       33.48     0.049  2       40.63     0.059  2
  18.90     0.022  1       33.58     0.049  2       40.73     0.059  2
  19.21     0.022  1       33.69     0.049  2       40.84     0.059  2
  19.51     0.022  1       33.80     0.050  2       40.95     0.059  2
  19.82     0.023  1       33.90     0.050  2       41.05     0.059  2
  20.12     0.023  1       34.01     0.050  2       41.16     0.059  2
  20.43     0.024  1       34.12     0.050  2

note:  (+) soil loss - detachment     (-) soil loss - deposition



III. OFF SITE EFFECTS  OFF SITE EFFECTS  OFF SITE EFFECTS
     ----------------  ----------------  ----------------

     A.  SEDIMENT LEAVING PROFILE for year    6     1.250 kg/m



     B.  SEDIMENT CHARACTERISTICS AND ENRICHMENT

     Sediment particle information leaving profile
-------------------------------------------------------------------------------
                                 Particle Composition         Detached Fraction
Class  Diameter  Specific  ---------------------------------  Sediment  In Flow
         (mm)    Gravity   % Sand   % Silt   % Clay   % O.M.  Fraction  Exiting
-------------------------------------------------------------------------------
  1     0.002      2.60      0.0      0.0    100.0     16.7     0.078    0.079
  2     0.010      2.65      0.0    100.0      0.0      0.0     0.072    0.073
  3     0.040      1.80      0.0     60.0     40.0      6.7     0.378    0.382
  4     0.600      1.60     48.4     35.2     16.5      2.7     0.430    0.425
  5     0.200      2.65    100.0      0.0      0.0      0.0     0.042    0.042
-------------------------------------------------------------------------------


     Weighted SSA enrichment ratio leaving profile for year    6 =   1.01


     HILLSLOPE 1 YEARLY SUMMARY FOR    7
     ----------------------------------


I.   RAINFALL AND RUNOFF SUMMARY
     -------- --- ------ -------

      year:      7

         Rainfall         Storm Runoff        Melt Runoff
      events   amount   events   amount     events  amount
                (mm)              (mm)               (mm)

        96     988.60       2      54.00       3      11.39


II.  ON SITE EFFECTS  ON SITE EFFECTS  ON SITE EFFECTS
     ---------------  ---------------  ---------------


  A.  AREA OF NET SOIL LOSS

      ** Soil Loss (Avg. of Net Detachment Areas) =    0.062 kg/m2 **
      ** Maximum Soil Loss  =    0.076 kg/m2 at   41.16 meters **


      Area of    Soil Loss   Soil Loss   MAX   MAX Loss   MIN   MIN Loss
      Net Loss      MEAN      STDEV      Loss    Point    Loss   Point
        (m)       (kg/m2)     (kg/m2)  (kg/m2)    (m)    (kg/m2)  (m)
------------------------------------------------------------------------
   0.00-  41.16    0.062     0.012      0.076   41.16     0.044     1.52



  C.  SOIL LOSS/DEPOSITION ALONG SLOPE PROFILE

          Profile distances are from top to bottom of hillslope


 distance soil  flow    distance   soil  flow    distance   soil  flow
    (m)   loss  elem       (m)     loss  elem       (m)     loss  elem
         (kg/m2)                  (kg/m2)                  (kg/m2)
------------------------------------------------------------------------

   0.30     0.044  1       20.73     0.063  1       34.22     0.074  2
   0.61     0.044  1       21.04     0.063  1       34.33     0.074  2
   0.91     0.044  1       21.34     0.063  1       34.44     0.075  2
   1.22     0.044  1       21.65     0.063  1       34.54     0.075  2
   1.52     0.044  1       21.95     0.064  1       34.65     0.075  2
   1.83     0.044  1       22.26     0.064  1       34.76     0.075  2
   2.13     0.044  1       22.56     0.064  1       34.86     0.075  2
   2.44     0.044  1       22.87     0.065  1       34.97     0.075  2
   2.74     0.044  1       23.17     0.065  1       35.08     0.075  2
   3.05     0.044  1       23.48     0.065  1       35.18     0.075  2
   3.35     0.044  1       23.78     0.065  1       35.29     0.075  2
   3.66     0.045  1       24.09     0.066  1       35.40     0.075  2
   3.96     0.045  1       24.39     0.066  1       35.50     0.075  2
   4.27     0.045  1       24.70     0.066  1       35.61     0.075  2
   4.57     0.046  1       25.00     0.066  1       35.72     0.075  2
   4.88     0.046  1       25.31     0.067  1       35.82     0.076  2
   5.18     0.047  1       25.61     0.067  1       35.93     0.076  2
   5.49     0.047  1       25.92     0.067  1       36.04     0.076  2
   5.79     0.047  1       26.22     0.067  1       36.15     0.076  2
   6.10     0.048  1       26.53     0.068  1       36.25     0.076  2
   6.40     0.048  1       26.83     0.068  1       36.36     0.076  2
   6.71     0.048  1       27.14     0.068  1       36.47     0.076  2
   7.01     0.049  1       27.44     0.068  1       36.57     0.076  2
   7.32     0.049  1       27.75     0.069  1       36.68     0.076  2
   7.62     0.049  1       28.05     0.069  1       36.79     0.076  2
   7.93     0.050  1       28.36     0.069  1       36.89     0.076  2
   8.23     0.050  1       28.66     0.069  1       37.00     0.076  2
   8.54     0.050  1       28.97     0.070  1       37.11     0.076  2
   8.84     0.051  1       29.27     0.070  1       37.21     0.076  2
   9.15     0.051  1       29.58     0.070  1       37.32     0.076  2
   9.45     0.051  1       29.88     0.070  1       37.43     0.076  2
   9.76     0.052  1       30.19     0.071  1       37.53     0.076  2
  10.06     0.052  1       30.49     0.071  1       37.64     0.076  2
  10.37     0.052  1       30.60     0.072  2       37.75     0.076  2
  10.67     0.053  1       30.70     0.072  2       37.85     0.076  2
  10.98     0.053  1       30.81     0.072  2       37.96     0.076  2
  11.28     0.053  1       30.92     0.072  2       38.07     0.076  2
  11.59     0.054  1       31.02     0.072  2       38.17     0.076  2
  11.89     0.054  1       31.13     0.072  2       38.28     0.076  2
  12.20     0.054  1       31.24     0.072  2       38.39     0.076  2
  12.50     0.055  1       31.34     0.072  2       38.49     0.076  2
  12.81     0.055  1       31.45     0.072  2       38.60     0.076  2
  13.11     0.055  1       31.56     0.073  2       38.71     0.076  2
  13.42     0.056  1       31.66     0.073  2       38.81     0.076  2
  13.72     0.056  1       31.77     0.073  2       38.92     0.076  2
  14.03     0.056  1       31.88     0.073  2       39.03     0.076  2
  14.33     0.057  1       31.98     0.073  2       39.13     0.076  2
  14.64     0.057  1       32.09     0.073  2       39.24     0.076  2
  14.94     0.057  1       32.20     0.073  2       39.35     0.076  2
  15.25     0.057  1       32.30     0.073  2       39.45     0.076  2
  15.55     0.058  1       32.41     0.073  2       39.56     0.076  2
  15.85     0.058  1       32.52     0.073  2       39.67     0.076  2
  16.16     0.058  1       32.62     0.073  2       39.77     0.076  2
  16.46     0.059  1       32.73     0.073  2       39.88     0.076  2
  16.77     0.059  1       32.84     0.073  2       39.99     0.076  2
  17.07     0.059  1       32.94     0.074  2       40.09     0.076  2
  17.38     0.060  1       33.05     0.074  2       40.20     0.076  2
  17.68     0.060  1       33.16     0.074  2       40.31     0.076  2
  17.99     0.060  1       33.26     0.074  2       40.41     0.076  2
  18.29     0.060  1       33.37     0.074  2       40.52     0.076  2
  18.60     0.061  1       33.48     0.074  2       40.63     0.076  2
  18.90     0.061  1       33.58     0.074  2       40.73     0.076  2
  19.21     0.061  1       33.69     0.074  2       40.84     0.076  2
  19.51     0.062  1       33.80     0.074  2       40.95     0.076  2
  19.82     0.062  1       33.90     0.074  2       41.05     0.076  2
  20.12     0.062  1       34.01     0.074  2       41.16     0.076  2
  20.43     0.062  1       34.12     0.074  2

note:  (+) soil loss - detachment     (-) soil loss - deposition



III. OFF SITE EFFECTS  OFF SITE EFFECTS  OFF SITE EFFECTS
     ----------------  ----------------  ----------------

     A.  SEDIMENT LEAVING PROFILE for year    7     2.539 kg/m



     B.  SEDIMENT CHARACTERISTICS AND ENRICHMENT

     Sediment particle information leaving profile
-------------------------------------------------------------------------------
                                 Particle Composition         Detached Fraction
Class  Diameter  Specific  ---------------------------------  Sediment  In Flow
         (mm)    Gravity   % Sand   % Silt   % Clay   % O.M.  Fraction  Exiting
-------------------------------------------------------------------------------
  1     0.002      2.60      0.0      0.0    100.0     16.7     0.078    0.084
  2     0.010      2.65      0.0    100.0      0.0      0.0     0.072    0.077
  3     0.040      1.80      0.0     60.0     40.0      6.7     0.378    0.407
  4     0.600      1.60     48.4     35.2     16.5      2.7     0.430    0.394
  5     0.200      2.65    100.0      0.0      0.0      0.0     0.042    0.038
-------------------------------------------------------------------------------


     Weighted SSA enrichment ratio leaving profile for year    7 =   1.04


     HILLSLOPE 1 YEARLY SUMMARY FOR    8
     ----------------------------------


I.   RAINFALL AND RUNOFF SUMMARY
     -------- --- ------ -------

      year:      8

         Rainfall         Storm Runoff        Melt Runoff
      events   amount   events   amount     events  amount
                (mm)              (mm)               (mm)

        89     932.50       1       0.14       9      59.31


II.  ON SITE EFFECTS  ON SITE EFFECTS  ON SITE EFFECTS
     ---------------  ---------------  ---------------


  A.  AREA OF NET SOIL LOSS

      ** Soil Loss (Avg. of Net Detachment Areas) =    0.004 kg/m2 **
      ** Maximum Soil Loss  =    0.015 kg/m2 at   41.16 meters **


      Area of    Soil Loss   Soil Loss   MAX   MAX Loss   MIN   MIN Loss
      Net Loss      MEAN      STDEV      Loss    Point    Loss   Point
        (m)       (kg/m2)     (kg/m2)  (kg/m2)    (m)    (kg/m2)  (m)
------------------------------------------------------------------------
   0.00-  41.16    0.004     0.007      0.015   41.16     0.000    11.89



  C.  SOIL LOSS/DEPOSITION ALONG SLOPE PROFILE

          Profile distances are from top to bottom of hillslope


 distance soil  flow    distance   soil  flow    distance   soil  flow
    (m)   loss  elem       (m)     loss  elem       (m)     loss  elem
         (kg/m2)                  (kg/m2)                  (kg/m2)
------------------------------------------------------------------------

   0.30     0.000  1       20.73     0.000  1       34.22     0.012  2
   0.61     0.000  1       21.04     0.000  1       34.33     0.012  2
   0.91     0.000  1       21.34     0.000  1       34.44     0.012  2
   1.22     0.000  1       21.65     0.000  1       34.54     0.012  2
   1.52     0.000  1       21.95     0.000  1       34.65     0.012  2
   1.83     0.000  1       22.26     0.000  1       34.76     0.012  2
   2.13     0.000  1       22.56     0.000  1       34.86     0.012  2
   2.44     0.000  1       22.87     0.000  1       34.97     0.013  2
   2.74     0.000  1       23.17     0.000  1       35.08     0.013  2
   3.05     0.000  1       23.48     0.000  1       35.18     0.013  2
   3.35     0.000  1       23.78     0.000  1       35.29     0.013  2
   3.66     0.000  1       24.09     0.000  1       35.40     0.013  2
   3.96     0.000  1       24.39     0.000  1       35.50     0.013  2
   4.27     0.000  1       24.70     0.000  1       35.61     0.013  2
   4.57     0.000  1       25.00     0.001  1       35.72     0.013  2
   4.88     0.000  1       25.31     0.001  1       35.82     0.014  2
   5.18     0.000  1       25.61     0.001  1       35.93     0.014  2
   5.49     0.000  1       25.92     0.002  1       36.04     0.014  2
   5.79     0.000  1       26.22     0.002  1       36.15     0.014  2
   6.10     0.000  1       26.53     0.003  1       36.25     0.014  2
   6.40     0.000  1       26.83     0.003  1       36.36     0.014  2
   6.71     0.000  1       27.14     0.003  1       36.47     0.014  2
   7.01     0.000  1       27.44     0.004  1       36.57     0.014  2
   7.32     0.000  1       27.75     0.004  1       36.68     0.014  2
   7.62     0.000  1       28.05     0.004  1       36.79     0.014  2
   7.93     0.000  1       28.36     0.005  1       36.89     0.014  2
   8.23     0.000  1       28.66     0.005  1       37.00     0.014  2
   8.54     0.000  1       28.97     0.005  1       37.11     0.014  2
   8.84     0.000  1       29.27     0.006  1       37.21     0.014  2
   9.15     0.000  1       29.58     0.006  1       37.32     0.014  2
   9.45     0.000  1       29.88     0.006  1       37.43     0.014  2
   9.76     0.000  1       30.19     0.007  1       37.53     0.014  2
  10.06     0.000  1       30.49     0.007  1       37.64     0.014  2
  10.37     0.000  1       30.60     0.008  2       37.75     0.014  2
  10.67     0.000  1       30.70     0.008  2       37.85     0.014  2
  10.98     0.000  1       30.81     0.008  2       37.96     0.014  2
  11.28     0.000  1       30.92     0.008  2       38.07     0.014  2
  11.59     0.000  1       31.02     0.008  2       38.17     0.014  2
  11.89     0.000  1       31.13     0.008  2       38.28     0.014  2
  12.20     0.000  1       31.24     0.009  2       38.39     0.015  2
  12.50     0.000  1       31.34     0.009  2       38.49     0.015  2
  12.81     0.000  1       31.45     0.009  2       38.60     0.015  2
  13.11     0.000  1       31.56     0.009  2       38.71     0.015  2
  13.42     0.000  1       31.66     0.009  2       38.81     0.015  2
  13.72     0.000  1       31.77     0.009  2       38.92     0.015  2
  14.03     0.000  1       31.88     0.009  2       39.03     0.015  2
  14.33     0.000  1       31.98     0.009  2       39.13     0.015  2
  14.64     0.000  1       32.09     0.009  2       39.24     0.015  2
  14.94     0.000  1       32.20     0.010  2       39.35     0.015  2
  15.25     0.000  1       32.30     0.010  2       39.45     0.015  2
  15.55     0.000  1       32.41     0.010  2       39.56     0.015  2
  15.85     0.000  1       32.52     0.010  2       39.67     0.015  2
  16.16     0.000  1       32.62     0.010  2       39.77     0.015  2
  16.46     0.000  1       32.73     0.010  2       39.88     0.015  2
  16.77     0.000  1       32.84     0.010  2       39.99     0.015  2
  17.07     0.000  1       32.94     0.010  2       40.09     0.015  2
  17.38     0.000  1       33.05     0.011  2       40.20     0.015  2
  17.68     0.000  1       33.16     0.011  2       40.31     0.015  2
  17.99     0.000  1       33.26     0.011  2       40.41     0.015  2
  18.29     0.000  1       33.37     0.011  2       40.52     0.015  2
  18.60     0.000  1       33.48     0.011  2       40.63     0.015  2
  18.90     0.000  1       33.58     0.011  2       40.73     0.015  2
  19.21     0.000  1       33.69     0.011  2       40.84     0.015  2
  19.51     0.000  1       33.80     0.011  2       40.95     0.015  2
  19.82     0.000  1       33.90     0.011  2       41.05     0.015  2
  20.12     0.000  1       34.01     0.012  2       41.16     0.015  2
  20.43     0.000  1       34.12     0.012  2

note:  (+) soil loss - detachment     (-) soil loss - deposition



III. OFF SITE EFFECTS  OFF SITE EFFECTS  OFF SITE EFFECTS
     ----------------  ----------------  ----------------

     A.  SEDIMENT LEAVING PROFILE for year    8     0.159 kg/m



     B.  SEDIMENT CHARACTERISTICS AND ENRICHMENT

     Sediment particle information leaving profile
-------------------------------------------------------------------------------
                                 Particle Composition         Detached Fraction
Class  Diameter  Specific  ---------------------------------  Sediment  In Flow
         (mm)    Gravity   % Sand   % Silt   % Clay   % O.M.  Fraction  Exiting
-------------------------------------------------------------------------------
  1     0.002      2.60      0.0      0.0    100.0     16.7     0.078    0.078
  2     0.010      2.65      0.0    100.0      0.0      0.0     0.072    0.072
  3     0.040      1.80      0.0     60.0     40.0      6.7     0.378    0.379
  4     0.600      1.60     48.4     35.2     16.5      2.7     0.430    0.429
  5     0.200      2.65    100.0      0.0      0.0      0.0     0.042    0.042
-------------------------------------------------------------------------------


     Weighted SSA enrichment ratio leaving profile for year    8 =   1.00


     HILLSLOPE 1 YEARLY SUMMARY FOR    9
     ----------------------------------


I.   RAINFALL AND RUNOFF SUMMARY
     -------- --- ------ -------

      year:      9

         Rainfall         Storm Runoff        Melt Runoff
      events   amount   events   amount     events  amount
                (mm)              (mm)               (mm)

        91     741.20       0       0.00       7      61.38


II.  ON SITE EFFECTS  ON SITE EFFECTS  ON SITE EFFECTS
     ---------------  ---------------  ---------------


  A.  AREA OF NET SOIL LOSS

      ** Soil Loss (Avg. of Net Detachment Areas) =    0.001 kg/m2 **
      ** Maximum Soil Loss  =    0.001 kg/m2 at   41.16 meters **


      Area of    Soil Loss   Soil Loss   MAX   MAX Loss   MIN   MIN Loss
      Net Loss      MEAN      STDEV      Loss    Point    Loss   Point
        (m)       (kg/m2)     (kg/m2)  (kg/m2)    (m)    (kg/m2)  (m)
------------------------------------------------------------------------
  10.06-  41.16    0.001     0.000      0.001   41.16     0.000    10.37



  C.  SOIL LOSS/DEPOSITION ALONG SLOPE PROFILE

          Profile distances are from top to bottom of hillslope


 distance soil  flow    distance   soil  flow    distance   soil  flow
    (m)   loss  elem       (m)     loss  elem       (m)     loss  elem
         (kg/m2)                  (kg/m2)                  (kg/m2)
------------------------------------------------------------------------

   0.30     0.000  1       20.73     0.000  1       34.22     0.001  2
   0.61     0.000  1       21.04     0.000  1       34.33     0.001  2
   0.91     0.000  1       21.34     0.000  1       34.44     0.001  2
   1.22     0.000  1       21.65     0.000  1       34.54     0.001  2
   1.52     0.000  1       21.95     0.000  1       34.65     0.001  2
   1.83     0.000  1       22.26     0.000  1       34.76     0.001  2
   2.13     0.000  1       22.56     0.000  1       34.86     0.001  2
   2.44     0.000  1       22.87     0.000  1       34.97     0.001  2
   2.74     0.000  1       23.17     0.000  1       35.08     0.001  2
   3.05     0.000  1       23.48     0.001  1       35.18     0.001  2
   3.35     0.000  1       23.78     0.001  1       35.29     0.001  2
   3.66     0.000  1       24.09     0.001  1       35.40     0.001  2
   3.96     0.000  1       24.39     0.001  1       35.50     0.001  2
   4.27     0.000  1       24.70     0.001  1       35.61     0.001  2
   4.57     0.000  1       25.00     0.001  1       35.72     0.001  2
   4.88     0.000  1       25.31     0.001  1       35.82     0.001  2
   5.18     0.000  1       25.61     0.001  1       35.93     0.001  2
   5.49     0.000  1       25.92     0.001  1       36.04     0.001  2
   5.79     0.000  1       26.22     0.001  1       36.15     0.001  2
   6.10     0.000  1       26.53     0.001  1       36.25     0.001  2
   6.40     0.000  1       26.83     0.001  1       36.36     0.001  2
   6.71     0.000  1       27.14     0.001  1       36.47     0.001  2
   7.01     0.000  1       27.44     0.001  1       36.57     0.001  2
   7.32     0.000  1       27.75     0.001  1       36.68     0.001  2
   7.62     0.000  1       28.05     0.001  1       36.79     0.001  2
   7.93     0.000  1       28.36     0.001  1       36.89     0.001  2
   8.23     0.000  1       28.66     0.001  1       37.00     0.001  2
   8.54     0.000  1       28.97     0.001  1       37.11     0.001  2
   8.84     0.000  1       29.27     0.001  1       37.21     0.001  2
   9.15     0.000  1       29.58     0.001  1       37.32     0.001  2
   9.45     0.000  1       29.88     0.001  1       37.43     0.001  2
   9.76     0.000  1       30.19     0.001  1       37.53     0.001  2
  10.06     0.000  1       30.49     0.001  1       37.64     0.001  2
  10.37     0.000  1       30.60     0.001  2       37.75     0.001  2
  10.67     0.000  1       30.70     0.001  2       37.85     0.001  2
  10.98     0.000  1       30.81     0.001  2       37.96     0.001  2
  11.28     0.000  1       30.92     0.001  2       38.07     0.001  2
  11.59     0.000  1       31.02     0.001  2       38.17     0.001  2
  11.89     0.000  1       31.13     0.001  2       38.28     0.001  2
  12.20     0.000  1       31.24     0.001  2       38.39     0.001  2
  12.50     0.000  1       31.34     0.001  2       38.49     0.001  2
  12.81     0.000  1       31.45     0.001  2       38.60     0.001  2
  13.11     0.000  1       31.56     0.001  2       38.71     0.001  2
  13.42     0.000  1       31.66     0.001  2       38.81     0.001  2
  13.72     0.000  1       31.77     0.001  2       38.92     0.001  2
  14.03     0.000  1       31.88     0.001  2       39.03     0.001  2
  14.33     0.000  1       31.98     0.001  2       39.13     0.001  2
  14.64     0.000  1       32.09     0.001  2       39.24     0.001  2
  14.94     0.000  1       32.20     0.001  2       39.35     0.001  2
  15.25     0.000  1       32.30     0.001  2       39.45     0.001  2
  15.55     0.000  1       32.41     0.001  2       39.56     0.001  2
  15.85     0.000  1       32.52     0.001  2       39.67     0.001  2
  16.16     0.000  1       32.62     0.001  2       39.77     0.001  2
  16.46     0.000  1       32.73     0.001  2       39.88     0.001  2
  16.77     0.000  1       32.84     0.001  2       39.99     0.001  2
  17.07     0.000  1       32.94     0.001  2       40.09     0.001  2
  17.38     0.000  1       33.05     0.001  2       40.20     0.001  2
  17.68     0.000  1       33.16     0.001  2       40.31     0.001  2
  17.99     0.000  1       33.26     0.001  2       40.41     0.001  2
  18.29     0.000  1       33.37     0.001  2       40.52     0.001  2
  18.60     0.000  1       33.48     0.001  2       40.63     0.001  2
  18.90     0.000  1       33.58     0.001  2       40.73     0.001  2
  19.21     0.000  1       33.69     0.001  2       40.84     0.001  2
  19.51     0.000  1       33.80     0.001  2       40.95     0.001  2
  19.82     0.000  1       33.90     0.001  2       41.05     0.001  2
  20.12     0.000  1       34.01     0.001  2       41.16     0.001  2
  20.43     0.000  1       34.12     0.001  2

note:  (+) soil loss - detachment     (-) soil loss - deposition



III. OFF SITE EFFECTS  OFF SITE EFFECTS  OFF SITE EFFECTS
     ----------------  ----------------  ----------------

     A.  SEDIMENT LEAVING PROFILE for year    9     0.018 kg/m



     B.  SEDIMENT CHARACTERISTICS AND ENRICHMENT

     Sediment particle information leaving profile
-------------------------------------------------------------------------------
                                 Particle Composition         Detached Fraction
Class  Diameter  Specific  ---------------------------------  Sediment  In Flow
         (mm)    Gravity   % Sand   % Silt   % Clay   % O.M.  Fraction  Exiting
-------------------------------------------------------------------------------
  1     0.002      2.60      0.0      0.0    100.0     16.7     0.078    0.078
  2     0.010      2.65      0.0    100.0      0.0      0.0     0.072    0.072
  3     0.040      1.80      0.0     60.0     40.0      6.7     0.378    0.378
  4     0.600      1.60     48.4     35.2     16.5      2.7     0.430    0.430
  5     0.200      2.65    100.0      0.0      0.0      0.0     0.042    0.042
-------------------------------------------------------------------------------


     Weighted SSA enrichment ratio leaving profile for year    9 =   1.00


     HILLSLOPE 1 YEARLY SUMMARY FOR   10
     ----------------------------------


I.   RAINFALL AND RUNOFF SUMMARY
     -------- --- ------ -------

      year:     10

         Rainfall         Storm Runoff        Melt Runoff
      events   amount   events   amount     events  amount
                (mm)              (mm)               (mm)

        97    1010.50       7      19.44       6      67.50


II.  ON SITE EFFECTS  ON SITE EFFECTS  ON SITE EFFECTS
     ---------------  ---------------  ---------------


  A.  AREA OF NET SOIL LOSS

      ** Soil Loss (Avg. of Net Detachment Areas) =    0.023 kg/m2 **
      ** Maximum Soil Loss  =    0.050 kg/m2 at   41.16 meters **


      Area of    Soil Loss   Soil Loss   MAX   MAX Loss   MIN   MIN Loss
      Net Loss      MEAN      STDEV      Loss    Point    Loss   Point
        (m)       (kg/m2)     (kg/m2)  (kg/m2)    (m)    (kg/m2)  (m)
------------------------------------------------------------------------
   0.00-  41.16    0.023     0.019      0.050   41.16     0.005     3.96



  C.  SOIL LOSS/DEPOSITION ALONG SLOPE PROFILE

          Profile distances are from top to bottom of hillslope


 distance soil  flow    distance   soil  flow    distance   soil  flow
    (m)   loss  elem       (m)     loss  elem       (m)     loss  elem
         (kg/m2)                  (kg/m2)                  (kg/m2)
------------------------------------------------------------------------

   0.30     0.005  1       20.73     0.019  1       34.22     0.045  2
   0.61     0.005  1       21.04     0.020  1       34.33     0.045  2
   0.91     0.005  1       21.34     0.020  1       34.44     0.045  2
   1.22     0.005  1       21.65     0.021  1       34.54     0.046  2
   1.52     0.005  1       21.95     0.021  1       34.65     0.046  2
   1.83     0.005  1       22.26     0.022  1       34.76     0.046  2
   2.13     0.005  1       22.56     0.022  1       34.86     0.046  2
   2.44     0.005  1       22.87     0.023  1       34.97     0.046  2
   2.74     0.005  1       23.17     0.024  1       35.08     0.046  2
   3.05     0.005  1       23.48     0.024  1       35.18     0.047  2
   3.35     0.005  1       23.78     0.025  1       35.29     0.047  2
   3.66     0.005  1       24.09     0.025  1       35.40     0.047  2
   3.96     0.005  1       24.39     0.026  1       35.50     0.047  2
   4.27     0.005  1       24.70     0.026  1       35.61     0.047  2
   4.57     0.005  1       25.00     0.027  1       35.72     0.047  2
   4.88     0.005  1       25.31     0.027  1       35.82     0.048  2
   5.18     0.005  1       25.61     0.028  1       35.93     0.048  2
   5.49     0.005  1       25.92     0.028  1       36.04     0.048  2
   5.79     0.005  1       26.22     0.029  1       36.15     0.048  2
   6.10     0.005  1       26.53     0.029  1       36.25     0.048  2
   6.40     0.005  1       26.83     0.030  1       36.36     0.048  2
   6.71     0.005  1       27.14     0.030  1       36.47     0.048  2
   7.01     0.005  1       27.44     0.031  1       36.57     0.048  2
   7.32     0.005  1       27.75     0.032  1       36.68     0.048  2
   7.62     0.005  1       28.05     0.032  1       36.79     0.048  2
   7.93     0.005  1       28.36     0.033  1       36.89     0.048  2
   8.23     0.005  1       28.66     0.033  1       37.00     0.048  2
   8.54     0.005  1       28.97     0.034  1       37.11     0.048  2
   8.84     0.005  1       29.27     0.034  1       37.21     0.048  2
   9.15     0.006  1       29.58     0.035  1       37.32     0.048  2
   9.45     0.006  1       29.88     0.035  1       37.43     0.048  2
   9.76     0.006  1       30.19     0.036  1       37.53     0.048  2
  10.06     0.006  1       30.49     0.036  1       37.64     0.049  2
  10.37     0.006  1       30.60     0.039  2       37.75     0.049  2
  10.67     0.007  1       30.70     0.039  2       37.85     0.049  2
  10.98     0.007  1       30.81     0.040  2       37.96     0.049  2
  11.28     0.007  1       30.92     0.040  2       38.07     0.049  2
  11.59     0.007  1       31.02     0.040  2       38.17     0.049  2
  11.89     0.008  1       31.13     0.040  2       38.28     0.049  2
  12.20     0.008  1       31.24     0.040  2       38.39     0.049  2
  12.50     0.008  1       31.34     0.040  2       38.49     0.049  2
  12.81     0.008  1       31.45     0.041  2       38.60     0.049  2
  13.11     0.009  1       31.56     0.041  2       38.71     0.049  2
  13.42     0.009  1       31.66     0.041  2       38.81     0.049  2
  13.72     0.009  1       31.77     0.041  2       38.92     0.049  2
  14.03     0.009  1       31.88     0.041  2       39.03     0.049  2
  14.33     0.009  1       31.98     0.041  2       39.13     0.049  2
  14.64     0.010  1       32.09     0.042  2       39.24     0.049  2
  14.94     0.010  1       32.20     0.042  2       39.35     0.049  2
  15.25     0.010  1       32.30     0.042  2       39.45     0.049  2
  15.55     0.011  1       32.41     0.042  2       39.56     0.049  2
  15.85     0.011  1       32.52     0.042  2       39.67     0.049  2
  16.16     0.011  1       32.62     0.042  2       39.77     0.050  2
  16.46     0.011  1       32.73     0.043  2       39.88     0.050  2
  16.77     0.012  1       32.84     0.043  2       39.99     0.050  2
  17.07     0.012  1       32.94     0.043  2       40.09     0.050  2
  17.38     0.013  1       33.05     0.043  2       40.20     0.050  2
  17.68     0.013  1       33.16     0.043  2       40.31     0.050  2
  17.99     0.014  1       33.26     0.043  2       40.41     0.050  2
  18.29     0.014  1       33.37     0.044  2       40.52     0.050  2
  18.60     0.015  1       33.48     0.044  2       40.63     0.050  2
  18.90     0.016  1       33.58     0.044  2       40.73     0.050  2
  19.21     0.016  1       33.69     0.044  2       40.84     0.050  2
  19.51     0.017  1       33.80     0.044  2       40.95     0.050  2
  19.82     0.017  1       33.90     0.044  2       41.05     0.050  2
  20.12     0.018  1       34.01     0.045  2       41.16     0.050  2
  20.43     0.018  1       34.12     0.045  2

note:  (+) soil loss - detachment     (-) soil loss - deposition



III. OFF SITE EFFECTS  OFF SITE EFFECTS  OFF SITE EFFECTS
     ----------------  ----------------  ----------------

     A.  SEDIMENT LEAVING PROFILE for year   10     0.940 kg/m



     B.  SEDIMENT CHARACTERISTICS AND ENRICHMENT

     Sediment particle information leaving profile
-------------------------------------------------------------------------------
                                 Particle Composition         Detached Fraction
Class  Diameter  Specific  ---------------------------------  Sediment  In Flow
         (mm)    Gravity   % Sand   % Silt   % Clay   % O.M.  Fraction  Exiting
-------------------------------------------------------------------------------
  1     0.002      2.60      0.0      0.0    100.0     16.7     0.078    0.094
  2     0.010      2.65      0.0    100.0      0.0      0.0     0.072    0.086
  3     0.040      1.80      0.0     60.0     40.0      6.7     0.378    0.410
  4     0.600      1.60     48.4     35.2     16.5      2.7     0.430    0.373
  5     0.200      2.65    100.0      0.0      0.0      0.0     0.042    0.036
-------------------------------------------------------------------------------


     Weighted SSA enrichment ratio leaving profile for year   10 =   1.06


     ANNUAL AVERAGE SUMMARIES
     ------------------------


I.   RAINFALL AND RUNOFF SUMMARY
     -------- --- ------ -------

      total summary:  years    1 -   10

       947 storms produced                        10267.10 mm of precipitation
        17 rain storm runoff events produced        170.98 mm of runoff
        74 snow melts and/or
             events during winter produced          808.62 mm of runoff

      annual averages
      ---------------

        Number of years                                   10
        Mean annual precipitation                    1026.71    mm
        Mean annual runoff from rainfall               17.10    mm
        Mean annual runoff from snow melt
          and/or rain storm during winter              80.86    mm



II.  ON SITE EFFECTS  ON SITE EFFECTS  ON SITE EFFECTS
     ---------------  ---------------  ---------------


  A.  AREA OF NET SOIL LOSS

      ** Soil Loss (Avg. of Net Detachment Areas) =    0.021 kg/m2 **
      ** Maximum Soil Loss  =    0.037 kg/m2 at   41.16 meters **


      Area of    Soil Loss   Soil Loss   MAX   MAX Loss   MIN   MIN Loss
      Net Loss      MEAN      STDEV      Loss    Point    Loss   Point
        (m)       (kg/m2)     (kg/m2)  (kg/m2)    (m)    (kg/m2)  (m)
------------------------------------------------------------------------
   0.00-  41.16    0.021     0.011      0.037   41.16     0.010     1.52



  C.  SOIL LOSS/DEPOSITION ALONG SLOPE PROFILE

          Profile distances are from top to bottom of hillslope


 distance soil  flow    distance   soil  flow    distance   soil  flow
    (m)   loss  elem       (m)     loss  elem       (m)     loss  elem
         (kg/m2)                  (kg/m2)                  (kg/m2)
------------------------------------------------------------------------

   0.30     0.010  1       20.73     0.019  1       34.22     0.034  2
   0.61     0.010  1       21.04     0.019  1       34.33     0.034  2
   0.91     0.010  1       21.34     0.019  1       34.44     0.034  2
   1.22     0.010  1       21.65     0.019  1       34.54     0.034  2
   1.52     0.010  1       21.95     0.020  1       34.65     0.034  2
   1.83     0.010  1       22.26     0.020  1       34.76     0.034  2
   2.13     0.010  1       22.56     0.020  1       34.86     0.034  2
   2.44     0.010  1       22.87     0.020  1       34.97     0.034  2
   2.74     0.010  1       23.17     0.021  1       35.08     0.035  2
   3.05     0.010  1       23.48     0.021  1       35.18     0.035  2
   3.35     0.010  1       23.78     0.021  1       35.29     0.035  2
   3.66     0.010  1       24.09     0.021  1       35.40     0.035  2
   3.96     0.010  1       24.39     0.022  1       35.50     0.035  2
   4.27     0.010  1       24.70     0.022  1       35.61     0.035  2
   4.57     0.010  1       25.00     0.022  1       35.72     0.035  2
   4.88     0.010  1       25.31     0.022  1       35.82     0.036  2
   5.18     0.010  1       25.61     0.023  1       35.93     0.036  2
   5.49     0.011  1       25.92     0.023  1       36.04     0.036  2
   5.79     0.011  1       26.22     0.023  1       36.15     0.036  2
   6.10     0.011  1       26.53     0.024  1       36.25     0.036  2
   6.40     0.011  1       26.83     0.024  1       36.36     0.036  2
   6.71     0.011  1       27.14     0.024  1       36.47     0.036  2
   7.01     0.011  1       27.44     0.025  1       36.57     0.036  2
   7.32     0.011  1       27.75     0.025  1       36.68     0.036  2
   7.62     0.011  1       28.05     0.025  1       36.79     0.036  2
   7.93     0.011  1       28.36     0.026  1       36.89     0.036  2
   8.23     0.012  1       28.66     0.026  1       37.00     0.036  2
   8.54     0.012  1       28.97     0.026  1       37.11     0.036  2
   8.84     0.012  1       29.27     0.027  1       37.21     0.036  2
   9.15     0.012  1       29.58     0.027  1       37.32     0.036  2
   9.45     0.012  1       29.88     0.027  1       37.43     0.036  2
   9.76     0.012  1       30.19     0.028  1       37.53     0.036  2
  10.06     0.012  1       30.49     0.028  1       37.64     0.036  2
  10.37     0.012  1       30.60     0.029  2       37.75     0.036  2
  10.67     0.013  1       30.70     0.030  2       37.85     0.036  2
  10.98     0.013  1       30.81     0.030  2       37.96     0.036  2
  11.28     0.013  1       30.92     0.030  2       38.07     0.036  2
  11.59     0.013  1       31.02     0.030  2       38.17     0.036  2
  11.89     0.013  1       31.13     0.030  2       38.28     0.036  2
  12.20     0.013  1       31.24     0.030  2       38.39     0.036  2
  12.50     0.013  1       31.34     0.030  2       38.49     0.037  2
  12.81     0.014  1       31.45     0.030  2       38.60     0.037  2
  13.11     0.014  1       31.56     0.031  2       38.71     0.037  2
  13.42     0.014  1       31.66     0.031  2       38.81     0.037  2
  13.72     0.014  1       31.77     0.031  2       38.92     0.037  2
  14.03     0.014  1       31.88     0.031  2       39.03     0.037  2
  14.33     0.014  1       31.98     0.031  2       39.13     0.037  2
  14.64     0.014  1       32.09     0.031  2       39.24     0.037  2
  14.94     0.015  1       32.20     0.031  2       39.35     0.037  2
  15.25     0.015  1       32.30     0.031  2       39.45     0.037  2
  15.55     0.015  1       32.41     0.031  2       39.56     0.037  2
  15.85     0.015  1       32.52     0.032  2       39.67     0.037  2
  16.16     0.015  1       32.62     0.032  2       39.77     0.037  2
  16.46     0.015  1       32.73     0.032  2       39.88     0.037  2
  16.77     0.016  1       32.84     0.032  2       39.99     0.037  2
  17.07     0.016  1       32.94     0.032  2       40.09     0.037  2
  17.38     0.016  1       33.05     0.032  2       40.20     0.037  2
  17.68     0.016  1       33.16     0.032  2       40.31     0.037  2
  17.99     0.016  1       33.26     0.032  2       40.41     0.037  2
  18.29     0.017  1       33.37     0.033  2       40.52     0.037  2
  18.60     0.017  1       33.48     0.033  2       40.63     0.037  2
  18.90     0.017  1       33.58     0.033  2       40.73     0.037  2
  19.21     0.017  1       33.69     0.033  2       40.84     0.037  2
  19.51     0.017  1       33.80     0.033  2       40.95     0.037  2
  19.82     0.018  1       33.90     0.033  2       41.05     0.037  2
  20.12     0.018  1       34.01     0.033  2       41.16     0.037  2
  20.43     0.018  1       34.12     0.033  2

note:  (+) soil loss - detachment     (-) soil loss - deposition



III. OFF SITE EFFECTS  OFF SITE EFFECTS  OFF SITE EFFECTS
     ----------------  ----------------  ----------------

     A.  AVERAGE ANNUAL SEDIMENT LEAVING PROFILE
             0.863   kg/m of width
            86.281     kg (based on profile width of    100.000      m)
             0.210   t/ha (assuming contributions from     0.412     ha)


     B.  SEDIMENT CHARACTERISTICS AND ENRICHMENT

     Sediment particle information leaving profile
-------------------------------------------------------------------------------
                                 Particle Composition         Detached Fraction
Class  Diameter  Specific  ---------------------------------  Sediment  In Flow
         (mm)    Gravity   % Sand   % Silt   % Clay   % O.M.  Fraction  Exiting
-------------------------------------------------------------------------------
  1     0.002      2.60      0.0      0.0    100.0     16.7     0.078    0.086
  2     0.010      2.65      0.0    100.0      0.0      0.0     0.072    0.079
  3     0.040      1.80      0.0     60.0     40.0      6.7     0.378    0.410
  4     0.600      1.60     48.4     35.2     16.5      2.7     0.430    0.387
  5     0.200      2.65    100.0      0.0      0.0      0.0     0.042    0.038
-------------------------------------------------------------------------------


     Average annual SSA enrichment ratio leaving profile =   1.04
