 Annual; detailed (Metric Units)                                        


          USDA WATER EROSION PREDICTION PROJECT
          -------------------------------------

          HILLSLOPE PROFILE AND WATERSHED MODEL
                     VERSION  2010.100
           January 28,      2010


               TO REPORT PROBLEMS OR TO BE PUT ON THE MAILING
               LIST FOR FUTURE WEPP MODEL RELEASES, PLEASE CONTACT:

                    WEPP TECHNICAL SUPPORT
                    USDA-AGRICULTURAL RESEARCH SERVICE
                    NATIONAL SOIL EROSION RESEARCH LABORATORY
                    275 SOUTH RUSSELL STREET
                    WEST LAFAYETTE, IN 47907-2077  USA

                    PHONE: (765) 494-8673
                      FAX: (765) 494-5948
                    email:  wepp@ecn.purdue.edu
                      URL:  http://topsoil.nserl.purdue.edu


     HILLSLOPE INPUT DATA FILES - VERSION  2010.100
      January 28,      2010


    MANAGEMENT: ../working/wepp-857.man                           
 MAN. PRACTICE: Two OFEs for forest conditions                              
                W. Elliot 02/99                                             
                                                                            
         SLOPE: ../working/wepp-857.slp                           
       CLIMATE: ../working/wepp-857.cli                           
       Station:  BIRMINGHAM WB AP AL                            CLIGEN VERSION  4.31
          SOIL: ../working/wepp-857.sol                           
      PLANE  1 OldF                clay loam           
      PLANE  2 OldF                clay loam           


     HILLSLOPE 1 YEARLY SUMMARY FOR    1
     ----------------------------------


I.   RAINFALL AND RUNOFF SUMMARY
     -------- --- ------ -------

      year:      1

         Rainfall         Storm Runoff        Melt Runoff
      events   amount   events   amount     events  amount
                (mm)              (mm)               (mm)

       111    1318.20       3      63.63       1       2.78


II.  ON SITE EFFECTS  ON SITE EFFECTS  ON SITE EFFECTS
     ---------------  ---------------  ---------------


  A.  AREA OF NET SOIL LOSS

      ** Soil Loss (Avg. of Net Detachment Areas) =    0.004 kg/m2 **
      ** Maximum Soil Loss  =    0.005 kg/m2 at   22.86 meters **


      Area of    Soil Loss   Soil Loss   MAX   MAX Loss   MIN   MIN Loss
      Net Loss      MEAN      STDEV      Loss    Point    Loss   Point
        (m)       (kg/m2)     (kg/m2)  (kg/m2)    (m)    (kg/m2)  (m)
------------------------------------------------------------------------
   0.00-  30.48    0.004     0.001      0.005   22.86     0.003     0.15



  C.  SOIL LOSS/DEPOSITION ALONG SLOPE PROFILE

          Profile distances are from top to bottom of hillslope


 distance soil  flow    distance   soil  flow    distance   soil  flow
    (m)   loss  elem       (m)     loss  elem       (m)     loss  elem
         (kg/m2)                  (kg/m2)                  (kg/m2)
------------------------------------------------------------------------

   0.15     0.003  1       10.36     0.004  1       20.57     0.005  2
   0.30     0.003  1       10.52     0.004  1       20.73     0.005  2
   0.46     0.003  1       10.67     0.004  1       20.88     0.005  2
   0.61     0.003  1       10.82     0.004  1       21.03     0.005  2
   0.76     0.003  1       10.97     0.004  1       21.18     0.005  2
   0.91     0.003  1       11.13     0.004  1       21.34     0.005  2
   1.07     0.003  1       11.28     0.004  1       21.49     0.005  2
   1.22     0.003  1       11.43     0.004  1       21.64     0.005  2
   1.37     0.003  1       11.58     0.004  1       21.79     0.005  2
   1.52     0.003  1       11.73     0.004  1       21.95     0.005  2
   1.68     0.003  1       11.89     0.004  1       22.10     0.005  2
   1.83     0.003  1       12.04     0.004  1       22.25     0.005  2
   1.98     0.003  1       12.19     0.004  1       22.40     0.005  2
   2.13     0.003  1       12.34     0.004  1       22.56     0.005  2
   2.29     0.003  1       12.50     0.004  1       22.71     0.005  2
   2.44     0.003  1       12.65     0.004  1       22.86     0.005  2
   2.59     0.003  1       12.80     0.004  1       23.01     0.005  2
   2.74     0.003  1       12.95     0.004  1       23.16     0.005  2
   2.90     0.003  1       13.11     0.004  1       23.32     0.005  2
   3.05     0.003  1       13.26     0.004  1       23.47     0.005  2
   3.20     0.003  1       13.41     0.004  1       23.62     0.005  2
   3.35     0.003  1       13.56     0.004  1       23.77     0.005  2
   3.51     0.003  1       13.72     0.004  1       23.93     0.005  2
   3.66     0.003  1       13.87     0.004  1       24.08     0.005  2
   3.81     0.003  1       14.02     0.004  1       24.23     0.005  2
   3.96     0.003  1       14.17     0.004  1       24.38     0.005  2
   4.11     0.003  1       14.33     0.004  1       24.54     0.005  2
   4.27     0.003  1       14.48     0.004  1       24.69     0.005  2
   4.42     0.003  1       14.63     0.004  1       24.84     0.005  2
   4.57     0.003  1       14.78     0.004  1       24.99     0.005  2
   4.72     0.003  1       14.94     0.004  1       25.15     0.005  2
   4.88     0.003  1       15.09     0.004  1       25.30     0.005  2
   5.03     0.003  1       15.24     0.004  1       25.45     0.005  2
   5.18     0.003  1       15.39     0.005  2       25.60     0.005  2
   5.33     0.003  1       15.54     0.005  2       25.76     0.005  2
   5.49     0.003  1       15.70     0.005  2       25.91     0.005  2
   5.64     0.003  1       15.85     0.005  2       26.06     0.005  2
   5.79     0.003  1       16.00     0.005  2       26.21     0.005  2
   5.94     0.003  1       16.15     0.005  2       26.37     0.005  2
   6.10     0.003  1       16.31     0.005  2       26.52     0.005  2
   6.25     0.003  1       16.46     0.005  2       26.67     0.005  2
   6.40     0.003  1       16.61     0.005  2       26.82     0.005  2
   6.55     0.003  1       16.76     0.005  2       26.97     0.005  2
   6.71     0.003  1       16.92     0.005  2       27.13     0.004  2
   6.86     0.003  1       17.07     0.005  2       27.28     0.004  2
   7.01     0.003  1       17.22     0.005  2       27.43     0.004  2
   7.16     0.004  1       17.37     0.005  2       27.58     0.004  2
   7.32     0.004  1       17.53     0.005  2       27.74     0.004  2
   7.47     0.004  1       17.68     0.005  2       27.89     0.004  2
   7.62     0.004  1       17.83     0.005  2       28.04     0.004  2
   7.77     0.004  1       17.98     0.005  2       28.19     0.004  2
   7.92     0.004  1       18.14     0.005  2       28.35     0.004  2
   8.08     0.004  1       18.29     0.005  2       28.50     0.004  2
   8.23     0.004  1       18.44     0.005  2       28.65     0.004  2
   8.38     0.004  1       18.59     0.005  2       28.80     0.004  2
   8.53     0.004  1       18.75     0.005  2       28.96     0.004  2
   8.69     0.004  1       18.90     0.005  2       29.11     0.004  2
   8.84     0.004  1       19.05     0.005  2       29.26     0.004  2
   8.99     0.004  1       19.20     0.005  2       29.41     0.004  2
   9.14     0.004  1       19.35     0.005  2       29.57     0.004  2
   9.30     0.004  1       19.51     0.005  2       29.72     0.004  2
   9.45     0.004  1       19.66     0.005  2       29.87     0.004  2
   9.60     0.004  1       19.81     0.005  2       30.02     0.004  2
   9.75     0.004  1       19.96     0.005  2       30.18     0.003  2
   9.91     0.004  1       20.12     0.005  2       30.33     0.003  2
  10.06     0.004  1       20.27     0.005  2       30.48     0.003  2
  10.21     0.004  1       20.42     0.005  2

note:  (+) soil loss - detachment     (-) soil loss - deposition



III. OFF SITE EFFECTS  OFF SITE EFFECTS  OFF SITE EFFECTS
     ----------------  ----------------  ----------------

     A.  SEDIMENT LEAVING PROFILE for year    1     0.129 kg/m



     B.  SEDIMENT CHARACTERISTICS AND ENRICHMENT

     Sediment particle information leaving profile
-------------------------------------------------------------------------------
                                 Particle Composition         Detached Fraction
Class  Diameter  Specific  ---------------------------------  Sediment  In Flow
         (mm)    Gravity   % Sand   % Silt   % Clay   % O.M.  Fraction  Exiting
-------------------------------------------------------------------------------
  1     0.002      2.60      0.0      0.0    100.0     16.7     0.078    0.176
  2     0.010      2.65      0.0    100.0      0.0      0.0     0.072    0.155
  3     0.040      1.80      0.0     60.0     40.0      6.7     0.378    0.561
  4     0.600      1.60     48.4     35.2     16.5      2.7     0.430    0.099
  5     0.200      2.65    100.0      0.0      0.0      0.0     0.042    0.010
-------------------------------------------------------------------------------


     Weighted SSA enrichment ratio leaving profile for year    1 =   1.37


     HILLSLOPE 1 YEARLY SUMMARY FOR    2
     ----------------------------------


I.   RAINFALL AND RUNOFF SUMMARY
     -------- --- ------ -------

      year:      2

         Rainfall         Storm Runoff        Melt Runoff
      events   amount   events   amount     events  amount
                (mm)              (mm)               (mm)

       104    1355.60       4      64.00       4      11.50


II.  ON SITE EFFECTS  ON SITE EFFECTS  ON SITE EFFECTS
     ---------------  ---------------  ---------------


  A.  AREA OF NET SOIL LOSS

      ** Soil Loss (Avg. of Net Detachment Areas) =    0.001 kg/m2 **
      ** Maximum Soil Loss  =    0.002 kg/m2 at   22.86 meters **


      Area of    Soil Loss   Soil Loss   MAX   MAX Loss   MIN   MIN Loss
      Net Loss      MEAN      STDEV      Loss    Point    Loss   Point
        (m)       (kg/m2)     (kg/m2)  (kg/m2)    (m)    (kg/m2)  (m)
------------------------------------------------------------------------
   4.27-  30.48    0.001     0.000      0.002   22.86     0.000     4.42



  C.  SOIL LOSS/DEPOSITION ALONG SLOPE PROFILE

          Profile distances are from top to bottom of hillslope


 distance soil  flow    distance   soil  flow    distance   soil  flow
    (m)   loss  elem       (m)     loss  elem       (m)     loss  elem
         (kg/m2)                  (kg/m2)                  (kg/m2)
------------------------------------------------------------------------

   0.15     0.000  1       10.36     0.001  1       20.57     0.002  2
   0.30     0.000  1       10.52     0.001  1       20.73     0.002  2
   0.46     0.000  1       10.67     0.001  1       20.88     0.002  2
   0.61     0.000  1       10.82     0.001  1       21.03     0.002  2
   0.76     0.000  1       10.97     0.001  1       21.18     0.002  2
   0.91     0.000  1       11.13     0.001  1       21.34     0.002  2
   1.07     0.000  1       11.28     0.001  1       21.49     0.002  2
   1.22     0.000  1       11.43     0.001  1       21.64     0.002  2
   1.37     0.000  1       11.58     0.001  1       21.79     0.002  2
   1.52     0.000  1       11.73     0.001  1       21.95     0.002  2
   1.68     0.000  1       11.89     0.001  1       22.10     0.002  2
   1.83     0.000  1       12.04     0.001  1       22.25     0.002  2
   1.98     0.000  1       12.19     0.001  1       22.40     0.002  2
   2.13     0.000  1       12.34     0.001  1       22.56     0.002  2
   2.29     0.000  1       12.50     0.001  1       22.71     0.002  2
   2.44     0.000  1       12.65     0.001  1       22.86     0.002  2
   2.59     0.000  1       12.80     0.001  1       23.01     0.002  2
   2.74     0.000  1       12.95     0.001  1       23.16     0.002  2
   2.90     0.000  1       13.11     0.001  1       23.32     0.002  2
   3.05     0.000  1       13.26     0.001  1       23.47     0.002  2
   3.20     0.000  1       13.41     0.001  1       23.62     0.002  2
   3.35     0.000  1       13.56     0.001  1       23.77     0.002  2
   3.51     0.000  1       13.72     0.001  1       23.93     0.002  2
   3.66     0.000  1       13.87     0.001  1       24.08     0.002  2
   3.81     0.000  1       14.02     0.001  1       24.23     0.002  2
   3.96     0.000  1       14.17     0.001  1       24.38     0.002  2
   4.11     0.000  1       14.33     0.001  1       24.54     0.001  2
   4.27     0.000  1       14.48     0.001  1       24.69     0.001  2
   4.42     0.000  1       14.63     0.001  1       24.84     0.001  2
   4.57     0.000  1       14.78     0.001  1       24.99     0.001  2
   4.72     0.000  1       14.94     0.001  1       25.15     0.001  2
   4.88     0.000  1       15.09     0.001  1       25.30     0.001  2
   5.03     0.000  1       15.24     0.001  1       25.45     0.001  2
   5.18     0.000  1       15.39     0.001  2       25.60     0.001  2
   5.33     0.000  1       15.54     0.001  2       25.76     0.001  2
   5.49     0.000  1       15.70     0.001  2       25.91     0.001  2
   5.64     0.000  1       15.85     0.001  2       26.06     0.001  2
   5.79     0.000  1       16.00     0.001  2       26.21     0.001  2
   5.94     0.000  1       16.15     0.001  2       26.37     0.001  2
   6.10     0.000  1       16.31     0.001  2       26.52     0.001  2
   6.25     0.000  1       16.46     0.001  2       26.67     0.001  2
   6.40     0.000  1       16.61     0.001  2       26.82     0.001  2
   6.55     0.000  1       16.76     0.001  2       26.97     0.001  2
   6.71     0.000  1       16.92     0.001  2       27.13     0.001  2
   6.86     0.000  1       17.07     0.001  2       27.28     0.001  2
   7.01     0.000  1       17.22     0.001  2       27.43     0.001  2
   7.16     0.000  1       17.37     0.001  2       27.58     0.001  2
   7.32     0.000  1       17.53     0.001  2       27.74     0.001  2
   7.47     0.000  1       17.68     0.001  2       27.89     0.001  2
   7.62     0.000  1       17.83     0.001  2       28.04     0.001  2
   7.77     0.000  1       17.98     0.001  2       28.19     0.001  2
   7.92     0.000  1       18.14     0.001  2       28.35     0.001  2
   8.08     0.001  1       18.29     0.001  2       28.50     0.001  2
   8.23     0.001  1       18.44     0.001  2       28.65     0.001  2
   8.38     0.001  1       18.59     0.001  2       28.80     0.001  2
   8.53     0.001  1       18.75     0.001  2       28.96     0.001  2
   8.69     0.001  1       18.90     0.002  2       29.11     0.001  2
   8.84     0.001  1       19.05     0.002  2       29.26     0.001  2
   8.99     0.001  1       19.20     0.002  2       29.41     0.001  2
   9.14     0.001  1       19.35     0.002  2       29.57     0.000  2
   9.30     0.001  1       19.51     0.002  2       29.72     0.000  2
   9.45     0.001  1       19.66     0.002  2       29.87     0.000  2
   9.60     0.001  1       19.81     0.002  2       30.02     0.000  2
   9.75     0.001  1       19.96     0.002  2       30.18     0.000  2
   9.91     0.001  1       20.12     0.002  2       30.33     0.000  2
  10.06     0.001  1       20.27     0.002  2       30.48     0.000  2
  10.21     0.001  1       20.42     0.002  2

note:  (+) soil loss - detachment     (-) soil loss - deposition



III. OFF SITE EFFECTS  OFF SITE EFFECTS  OFF SITE EFFECTS
     ----------------  ----------------  ----------------

     A.  SEDIMENT LEAVING PROFILE for year    2     0.026 kg/m



     B.  SEDIMENT CHARACTERISTICS AND ENRICHMENT

     Sediment particle information leaving profile
-------------------------------------------------------------------------------
                                 Particle Composition         Detached Fraction
Class  Diameter  Specific  ---------------------------------  Sediment  In Flow
         (mm)    Gravity   % Sand   % Silt   % Clay   % O.M.  Fraction  Exiting
-------------------------------------------------------------------------------
  1     0.002      2.60      0.0      0.0    100.0     16.7     0.078    0.078
  2     0.010      2.65      0.0    100.0      0.0      0.0     0.072    0.072
  3     0.040      1.80      0.0     60.0     40.0      6.7     0.378    0.378
  4     0.600      1.60     48.4     35.2     16.5      2.7     0.430    0.430
  5     0.200      2.65    100.0      0.0      0.0      0.0     0.042    0.042
-------------------------------------------------------------------------------


     Weighted SSA enrichment ratio leaving profile for year    2 =   1.00


     HILLSLOPE 1 YEARLY SUMMARY FOR    3
     ----------------------------------


I.   RAINFALL AND RUNOFF SUMMARY
     -------- --- ------ -------

      year:      3

         Rainfall         Storm Runoff        Melt Runoff
      events   amount   events   amount     events  amount
                (mm)              (mm)               (mm)

       109    1388.60       6     151.32       1       2.60


II.  ON SITE EFFECTS  ON SITE EFFECTS  ON SITE EFFECTS
     ---------------  ---------------  ---------------


  A.  AREA OF NET SOIL LOSS

      ** Soil Loss (Avg. of Net Detachment Areas) =    0.014 kg/m2 **
      ** Maximum Soil Loss  =    0.017 kg/m2 at   22.86 meters **


      Area of    Soil Loss   Soil Loss   MAX   MAX Loss   MIN   MIN Loss
      Net Loss      MEAN      STDEV      Loss    Point    Loss   Point
        (m)       (kg/m2)     (kg/m2)  (kg/m2)    (m)    (kg/m2)  (m)
------------------------------------------------------------------------
   0.00-  30.48    0.014     0.002      0.017   22.86     0.012     0.15



  C.  SOIL LOSS/DEPOSITION ALONG SLOPE PROFILE

          Profile distances are from top to bottom of hillslope


 distance soil  flow    distance   soil  flow    distance   soil  flow
    (m)   loss  elem       (m)     loss  elem       (m)     loss  elem
         (kg/m2)                  (kg/m2)                  (kg/m2)
------------------------------------------------------------------------

   0.15     0.012  1       10.36     0.014  1       20.57     0.017  2
   0.30     0.012  1       10.52     0.014  1       20.73     0.017  2
   0.46     0.012  1       10.67     0.014  1       20.88     0.017  2
   0.61     0.012  1       10.82     0.014  1       21.03     0.017  2
   0.76     0.012  1       10.97     0.014  1       21.18     0.017  2
   0.91     0.012  1       11.13     0.014  1       21.34     0.017  2
   1.07     0.012  1       11.28     0.014  1       21.49     0.017  2
   1.22     0.012  1       11.43     0.014  1       21.64     0.017  2
   1.37     0.012  1       11.58     0.014  1       21.79     0.017  2
   1.52     0.012  1       11.73     0.014  1       21.95     0.017  2
   1.68     0.012  1       11.89     0.014  1       22.10     0.017  2
   1.83     0.012  1       12.04     0.014  1       22.25     0.017  2
   1.98     0.012  1       12.19     0.014  1       22.40     0.017  2
   2.13     0.012  1       12.34     0.014  1       22.56     0.017  2
   2.29     0.012  1       12.50     0.014  1       22.71     0.017  2
   2.44     0.012  1       12.65     0.014  1       22.86     0.017  2
   2.59     0.012  1       12.80     0.014  1       23.01     0.017  2
   2.74     0.012  1       12.95     0.014  1       23.16     0.017  2
   2.90     0.012  1       13.11     0.014  1       23.32     0.017  2
   3.05     0.012  1       13.26     0.014  1       23.47     0.017  2
   3.20     0.012  1       13.41     0.014  1       23.62     0.017  2
   3.35     0.012  1       13.56     0.014  1       23.77     0.017  2
   3.51     0.012  1       13.72     0.014  1       23.93     0.017  2
   3.66     0.012  1       13.87     0.014  1       24.08     0.016  2
   3.81     0.012  1       14.02     0.015  1       24.23     0.016  2
   3.96     0.012  1       14.17     0.015  1       24.38     0.016  2
   4.11     0.012  1       14.33     0.015  1       24.54     0.016  2
   4.27     0.012  1       14.48     0.015  1       24.69     0.016  2
   4.42     0.012  1       14.63     0.015  1       24.84     0.016  2
   4.57     0.012  1       14.78     0.015  1       24.99     0.016  2
   4.72     0.012  1       14.94     0.015  1       25.15     0.016  2
   4.88     0.012  1       15.09     0.015  1       25.30     0.016  2
   5.03     0.012  1       15.24     0.015  1       25.45     0.016  2
   5.18     0.012  1       15.39     0.016  2       25.60     0.016  2
   5.33     0.012  1       15.54     0.016  2       25.76     0.016  2
   5.49     0.012  1       15.70     0.016  2       25.91     0.016  2
   5.64     0.012  1       15.85     0.016  2       26.06     0.016  2
   5.79     0.012  1       16.00     0.016  2       26.21     0.015  2
   5.94     0.012  1       16.15     0.016  2       26.37     0.015  2
   6.10     0.012  1       16.31     0.016  2       26.52     0.015  2
   6.25     0.013  1       16.46     0.016  2       26.67     0.015  2
   6.40     0.013  1       16.61     0.016  2       26.82     0.015  2
   6.55     0.013  1       16.76     0.016  2       26.97     0.015  2
   6.71     0.013  1       16.92     0.016  2       27.13     0.015  2
   6.86     0.013  1       17.07     0.016  2       27.28     0.015  2
   7.01     0.013  1       17.22     0.016  2       27.43     0.015  2
   7.16     0.013  1       17.37     0.016  2       27.58     0.015  2
   7.32     0.013  1       17.53     0.016  2       27.74     0.015  2
   7.47     0.013  1       17.68     0.016  2       27.89     0.014  2
   7.62     0.013  1       17.83     0.016  2       28.04     0.014  2
   7.77     0.013  1       17.98     0.016  2       28.19     0.014  2
   7.92     0.013  1       18.14     0.016  2       28.35     0.014  2
   8.08     0.013  1       18.29     0.016  2       28.50     0.014  2
   8.23     0.013  1       18.44     0.016  2       28.65     0.014  2
   8.38     0.013  1       18.59     0.016  2       28.80     0.014  2
   8.53     0.013  1       18.75     0.016  2       28.96     0.014  2
   8.69     0.013  1       18.90     0.016  2       29.11     0.014  2
   8.84     0.013  1       19.05     0.016  2       29.26     0.014  2
   8.99     0.013  1       19.20     0.016  2       29.41     0.013  2
   9.14     0.013  1       19.35     0.016  2       29.57     0.013  2
   9.30     0.013  1       19.51     0.016  2       29.72     0.013  2
   9.45     0.014  1       19.66     0.016  2       29.87     0.013  2
   9.60     0.014  1       19.81     0.016  2       30.02     0.013  2
   9.75     0.014  1       19.96     0.016  2       30.18     0.013  2
   9.91     0.014  1       20.12     0.017  2       30.33     0.013  2
  10.06     0.014  1       20.27     0.017  2       30.48     0.013  2
  10.21     0.014  1       20.42     0.017  2

note:  (+) soil loss - detachment     (-) soil loss - deposition



III. OFF SITE EFFECTS  OFF SITE EFFECTS  OFF SITE EFFECTS
     ----------------  ----------------  ----------------

     A.  SEDIMENT LEAVING PROFILE for year    3     0.438 kg/m



     B.  SEDIMENT CHARACTERISTICS AND ENRICHMENT

     Sediment particle information leaving profile
-------------------------------------------------------------------------------
                                 Particle Composition         Detached Fraction
Class  Diameter  Specific  ---------------------------------  Sediment  In Flow
         (mm)    Gravity   % Sand   % Silt   % Clay   % O.M.  Fraction  Exiting
-------------------------------------------------------------------------------
  1     0.002      2.60      0.0      0.0    100.0     16.7     0.078    0.194
  2     0.010      2.65      0.0    100.0      0.0      0.0     0.072    0.168
  3     0.040      1.80      0.0     60.0     40.0      6.7     0.378    0.558
  4     0.600      1.60     48.4     35.2     16.5      2.7     0.430    0.073
  5     0.200      2.65    100.0      0.0      0.0      0.0     0.042    0.007
-------------------------------------------------------------------------------


     Weighted SSA enrichment ratio leaving profile for year    3 =   1.41


     HILLSLOPE 1 YEARLY SUMMARY FOR    4
     ----------------------------------


I.   RAINFALL AND RUNOFF SUMMARY
     -------- --- ------ -------

      year:      4

         Rainfall         Storm Runoff        Melt Runoff
      events   amount   events   amount     events  amount
                (mm)              (mm)               (mm)

       113    1389.80       2      49.51       4      10.77


II.  ON SITE EFFECTS  ON SITE EFFECTS  ON SITE EFFECTS
     ---------------  ---------------  ---------------


  A.  AREA OF NET SOIL LOSS

      ** Soil Loss (Avg. of Net Detachment Areas) =    0.008 kg/m2 **
      ** Maximum Soil Loss  =    0.009 kg/m2 at   22.86 meters **


      Area of    Soil Loss   Soil Loss   MAX   MAX Loss   MIN   MIN Loss
      Net Loss      MEAN      STDEV      Loss    Point    Loss   Point
        (m)       (kg/m2)     (kg/m2)  (kg/m2)    (m)    (kg/m2)  (m)
------------------------------------------------------------------------
   0.00-  30.48    0.008     0.001      0.009   22.86     0.007     0.15



  C.  SOIL LOSS/DEPOSITION ALONG SLOPE PROFILE

          Profile distances are from top to bottom of hillslope


 distance soil  flow    distance   soil  flow    distance   soil  flow
    (m)   loss  elem       (m)     loss  elem       (m)     loss  elem
         (kg/m2)                  (kg/m2)                  (kg/m2)
------------------------------------------------------------------------

   0.15     0.007  1       10.36     0.008  1       20.57     0.009  2
   0.30     0.007  1       10.52     0.008  1       20.73     0.009  2
   0.46     0.007  1       10.67     0.008  1       20.88     0.009  2
   0.61     0.007  1       10.82     0.008  1       21.03     0.009  2
   0.76     0.007  1       10.97     0.008  1       21.18     0.009  2
   0.91     0.007  1       11.13     0.008  1       21.34     0.009  2
   1.07     0.007  1       11.28     0.008  1       21.49     0.009  2
   1.22     0.007  1       11.43     0.008  1       21.64     0.009  2
   1.37     0.007  1       11.58     0.008  1       21.79     0.009  2
   1.52     0.007  1       11.73     0.008  1       21.95     0.009  2
   1.68     0.007  1       11.89     0.008  1       22.10     0.009  2
   1.83     0.007  1       12.04     0.008  1       22.25     0.009  2
   1.98     0.007  1       12.19     0.008  1       22.40     0.009  2
   2.13     0.007  1       12.34     0.008  1       22.56     0.009  2
   2.29     0.007  1       12.50     0.008  1       22.71     0.009  2
   2.44     0.007  1       12.65     0.008  1       22.86     0.009  2
   2.59     0.007  1       12.80     0.008  1       23.01     0.009  2
   2.74     0.007  1       12.95     0.008  1       23.16     0.009  2
   2.90     0.007  1       13.11     0.008  1       23.32     0.009  2
   3.05     0.007  1       13.26     0.008  1       23.47     0.009  2
   3.20     0.007  1       13.41     0.008  1       23.62     0.009  2
   3.35     0.007  1       13.56     0.008  1       23.77     0.009  2
   3.51     0.007  1       13.72     0.008  1       23.93     0.009  2
   3.66     0.007  1       13.87     0.008  1       24.08     0.009  2
   3.81     0.007  1       14.02     0.008  1       24.23     0.009  2
   3.96     0.007  1       14.17     0.008  1       24.38     0.009  2
   4.11     0.007  1       14.33     0.008  1       24.54     0.009  2
   4.27     0.007  1       14.48     0.008  1       24.69     0.009  2
   4.42     0.007  1       14.63     0.008  1       24.84     0.009  2
   4.57     0.007  1       14.78     0.008  1       24.99     0.009  2
   4.72     0.007  1       14.94     0.008  1       25.15     0.009  2
   4.88     0.007  1       15.09     0.008  1       25.30     0.009  2
   5.03     0.007  1       15.24     0.008  1       25.45     0.009  2
   5.18     0.007  1       15.39     0.009  2       25.60     0.009  2
   5.33     0.007  1       15.54     0.009  2       25.76     0.009  2
   5.49     0.007  1       15.70     0.009  2       25.91     0.009  2
   5.64     0.007  1       15.85     0.009  2       26.06     0.008  2
   5.79     0.007  1       16.00     0.009  2       26.21     0.008  2
   5.94     0.007  1       16.15     0.009  2       26.37     0.008  2
   6.10     0.007  1       16.31     0.009  2       26.52     0.008  2
   6.25     0.007  1       16.46     0.009  2       26.67     0.008  2
   6.40     0.007  1       16.61     0.009  2       26.82     0.008  2
   6.55     0.007  1       16.76     0.009  2       26.97     0.008  2
   6.71     0.007  1       16.92     0.009  2       27.13     0.008  2
   6.86     0.007  1       17.07     0.009  2       27.28     0.008  2
   7.01     0.007  1       17.22     0.009  2       27.43     0.008  2
   7.16     0.007  1       17.37     0.009  2       27.58     0.008  2
   7.32     0.007  1       17.53     0.009  2       27.74     0.008  2
   7.47     0.007  1       17.68     0.009  2       27.89     0.008  2
   7.62     0.007  1       17.83     0.009  2       28.04     0.008  2
   7.77     0.008  1       17.98     0.009  2       28.19     0.008  2
   7.92     0.008  1       18.14     0.009  2       28.35     0.008  2
   8.08     0.008  1       18.29     0.009  2       28.50     0.008  2
   8.23     0.008  1       18.44     0.009  2       28.65     0.008  2
   8.38     0.008  1       18.59     0.009  2       28.80     0.008  2
   8.53     0.008  1       18.75     0.009  2       28.96     0.008  2
   8.69     0.008  1       18.90     0.009  2       29.11     0.008  2
   8.84     0.008  1       19.05     0.009  2       29.26     0.008  2
   8.99     0.008  1       19.20     0.009  2       29.41     0.008  2
   9.14     0.008  1       19.35     0.009  2       29.57     0.008  2
   9.30     0.008  1       19.51     0.009  2       29.72     0.008  2
   9.45     0.008  1       19.66     0.009  2       29.87     0.008  2
   9.60     0.008  1       19.81     0.009  2       30.02     0.008  2
   9.75     0.008  1       19.96     0.009  2       30.18     0.008  2
   9.91     0.008  1       20.12     0.009  2       30.33     0.008  2
  10.06     0.008  1       20.27     0.009  2       30.48     0.007  2
  10.21     0.008  1       20.42     0.009  2

note:  (+) soil loss - detachment     (-) soil loss - deposition



III. OFF SITE EFFECTS  OFF SITE EFFECTS  OFF SITE EFFECTS
     ----------------  ----------------  ----------------

     A.  SEDIMENT LEAVING PROFILE for year    4     0.244 kg/m



     B.  SEDIMENT CHARACTERISTICS AND ENRICHMENT

     Sediment particle information leaving profile
-------------------------------------------------------------------------------
                                 Particle Composition         Detached Fraction
Class  Diameter  Specific  ---------------------------------  Sediment  In Flow
         (mm)    Gravity   % Sand   % Silt   % Clay   % O.M.  Fraction  Exiting
-------------------------------------------------------------------------------
  1     0.002      2.60      0.0      0.0    100.0     16.7     0.078    0.163
  2     0.010      2.65      0.0    100.0      0.0      0.0     0.072    0.145
  3     0.040      1.80      0.0     60.0     40.0      6.7     0.378    0.567
  4     0.600      1.60     48.4     35.2     16.5      2.7     0.430    0.113
  5     0.200      2.65    100.0      0.0      0.0      0.0     0.042    0.011
-------------------------------------------------------------------------------


     Weighted SSA enrichment ratio leaving profile for year    4 =   1.35


     HILLSLOPE 1 YEARLY SUMMARY FOR    5
     ----------------------------------


I.   RAINFALL AND RUNOFF SUMMARY
     -------- --- ------ -------

      year:      5

         Rainfall         Storm Runoff        Melt Runoff
      events   amount   events   amount     events  amount
                (mm)              (mm)               (mm)

       110    1421.30       8     103.59       0       0.00


II.  ON SITE EFFECTS  ON SITE EFFECTS  ON SITE EFFECTS
     ---------------  ---------------  ---------------


  A.  AREA OF NET SOIL LOSS

      ** Soil Loss (Avg. of Net Detachment Areas) =    0.004 kg/m2 **
      ** Maximum Soil Loss  =    0.006 kg/m2 at   22.86 meters **


      Area of    Soil Loss   Soil Loss   MAX   MAX Loss   MIN   MIN Loss
      Net Loss      MEAN      STDEV      Loss    Point    Loss   Point
        (m)       (kg/m2)     (kg/m2)  (kg/m2)    (m)    (kg/m2)  (m)
------------------------------------------------------------------------
   0.00-  30.48    0.004     0.001      0.006   22.86     0.002     0.15



  C.  SOIL LOSS/DEPOSITION ALONG SLOPE PROFILE

          Profile distances are from top to bottom of hillslope


 distance soil  flow    distance   soil  flow    distance   soil  flow
    (m)   loss  elem       (m)     loss  elem       (m)     loss  elem
         (kg/m2)                  (kg/m2)                  (kg/m2)
------------------------------------------------------------------------

   0.15     0.002  1       10.36     0.004  1       20.57     0.005  2
   0.30     0.002  1       10.52     0.004  1       20.73     0.005  2
   0.46     0.002  1       10.67     0.004  1       20.88     0.005  2
   0.61     0.002  1       10.82     0.004  1       21.03     0.005  2
   0.76     0.002  1       10.97     0.004  1       21.18     0.005  2
   0.91     0.002  1       11.13     0.004  1       21.34     0.005  2
   1.07     0.002  1       11.28     0.004  1       21.49     0.005  2
   1.22     0.002  1       11.43     0.004  1       21.64     0.005  2
   1.37     0.002  1       11.58     0.004  1       21.79     0.005  2
   1.52     0.002  1       11.73     0.004  1       21.95     0.005  2
   1.68     0.002  1       11.89     0.004  1       22.10     0.005  2
   1.83     0.002  1       12.04     0.004  1       22.25     0.005  2
   1.98     0.002  1       12.19     0.004  1       22.40     0.006  2
   2.13     0.002  1       12.34     0.004  1       22.56     0.006  2
   2.29     0.002  1       12.50     0.004  1       22.71     0.006  2
   2.44     0.002  1       12.65     0.004  1       22.86     0.006  2
   2.59     0.002  1       12.80     0.004  1       23.01     0.006  2
   2.74     0.002  1       12.95     0.004  1       23.16     0.005  2
   2.90     0.002  1       13.11     0.004  1       23.32     0.005  2
   3.05     0.002  1       13.26     0.004  1       23.47     0.005  2
   3.20     0.002  1       13.41     0.004  1       23.62     0.005  2
   3.35     0.002  1       13.56     0.004  1       23.77     0.005  2
   3.51     0.002  1       13.72     0.004  1       23.93     0.005  2
   3.66     0.002  1       13.87     0.004  1       24.08     0.005  2
   3.81     0.002  1       14.02     0.004  1       24.23     0.005  2
   3.96     0.002  1       14.17     0.004  1       24.38     0.005  2
   4.11     0.002  1       14.33     0.004  1       24.54     0.005  2
   4.27     0.002  1       14.48     0.004  1       24.69     0.005  2
   4.42     0.002  1       14.63     0.004  1       24.84     0.005  2
   4.57     0.002  1       14.78     0.004  1       24.99     0.005  2
   4.72     0.002  1       14.94     0.004  1       25.15     0.005  2
   4.88     0.002  1       15.09     0.004  1       25.30     0.005  2
   5.03     0.002  1       15.24     0.004  1       25.45     0.005  2
   5.18     0.002  1       15.39     0.005  2       25.60     0.005  2
   5.33     0.002  1       15.54     0.005  2       25.76     0.005  2
   5.49     0.002  1       15.70     0.005  2       25.91     0.005  2
   5.64     0.002  1       15.85     0.005  2       26.06     0.005  2
   5.79     0.002  1       16.00     0.005  2       26.21     0.004  2
   5.94     0.003  1       16.15     0.005  2       26.37     0.004  2
   6.10     0.003  1       16.31     0.005  2       26.52     0.004  2
   6.25     0.003  1       16.46     0.005  2       26.67     0.004  2
   6.40     0.003  1       16.61     0.005  2       26.82     0.004  2
   6.55     0.003  1       16.76     0.005  2       26.97     0.004  2
   6.71     0.003  1       16.92     0.005  2       27.13     0.004  2
   6.86     0.003  1       17.07     0.005  2       27.28     0.004  2
   7.01     0.003  1       17.22     0.005  2       27.43     0.004  2
   7.16     0.003  1       17.37     0.005  2       27.58     0.004  2
   7.32     0.003  1       17.53     0.005  2       27.74     0.004  2
   7.47     0.003  1       17.68     0.005  2       27.89     0.004  2
   7.62     0.003  1       17.83     0.005  2       28.04     0.004  2
   7.77     0.003  1       17.98     0.005  2       28.19     0.004  2
   7.92     0.003  1       18.14     0.005  2       28.35     0.004  2
   8.08     0.003  1       18.29     0.005  2       28.50     0.004  2
   8.23     0.003  1       18.44     0.005  2       28.65     0.004  2
   8.38     0.003  1       18.59     0.005  2       28.80     0.003  2
   8.53     0.003  1       18.75     0.005  2       28.96     0.003  2
   8.69     0.003  1       18.90     0.005  2       29.11     0.003  2
   8.84     0.003  1       19.05     0.005  2       29.26     0.003  2
   8.99     0.003  1       19.20     0.005  2       29.41     0.003  2
   9.14     0.003  1       19.35     0.005  2       29.57     0.003  2
   9.30     0.003  1       19.51     0.005  2       29.72     0.003  2
   9.45     0.003  1       19.66     0.005  2       29.87     0.003  2
   9.60     0.003  1       19.81     0.005  2       30.02     0.003  2
   9.75     0.003  1       19.96     0.005  2       30.18     0.003  2
   9.91     0.003  1       20.12     0.005  2       30.33     0.003  2
  10.06     0.003  1       20.27     0.005  2       30.48     0.003  2
  10.21     0.003  1       20.42     0.005  2

note:  (+) soil loss - detachment     (-) soil loss - deposition



III. OFF SITE EFFECTS  OFF SITE EFFECTS  OFF SITE EFFECTS
     ----------------  ----------------  ----------------

     A.  SEDIMENT LEAVING PROFILE for year    5     0.118 kg/m



     B.  SEDIMENT CHARACTERISTICS AND ENRICHMENT

     Sediment particle information leaving profile
-------------------------------------------------------------------------------
                                 Particle Composition         Detached Fraction
Class  Diameter  Specific  ---------------------------------  Sediment  In Flow
         (mm)    Gravity   % Sand   % Silt   % Clay   % O.M.  Fraction  Exiting
-------------------------------------------------------------------------------
  1     0.002      2.60      0.0      0.0    100.0     16.7     0.078    0.288
  2     0.010      2.65      0.0    100.0      0.0      0.0     0.072    0.212
  3     0.040      1.80      0.0     60.0     40.0      6.7     0.378    0.304
  4     0.600      1.60     48.4     35.2     16.5      2.7     0.430    0.179
  5     0.200      2.65    100.0      0.0      0.0      0.0     0.042    0.017
-------------------------------------------------------------------------------


     Weighted SSA enrichment ratio leaving profile for year    5 =   1.43


     HILLSLOPE 1 YEARLY SUMMARY FOR    6
     ----------------------------------


I.   RAINFALL AND RUNOFF SUMMARY
     -------- --- ------ -------

      year:      6

         Rainfall         Storm Runoff        Melt Runoff
      events   amount   events   amount     events  amount
                (mm)              (mm)               (mm)

       119    1427.20       8      30.44       3      17.05


II.  ON SITE EFFECTS  ON SITE EFFECTS  ON SITE EFFECTS
     ---------------  ---------------  ---------------


  A.  AREA OF NET SOIL LOSS

      ** Soil Loss (Avg. of Net Detachment Areas) =    0.002 kg/m2 **
      ** Maximum Soil Loss  =    0.003 kg/m2 at   22.86 meters **


      Area of    Soil Loss   Soil Loss   MAX   MAX Loss   MIN   MIN Loss
      Net Loss      MEAN      STDEV      Loss    Point    Loss   Point
        (m)       (kg/m2)     (kg/m2)  (kg/m2)    (m)    (kg/m2)  (m)
------------------------------------------------------------------------
   0.00-  30.48    0.002     0.001      0.003   22.86     0.001     0.15



  C.  SOIL LOSS/DEPOSITION ALONG SLOPE PROFILE

          Profile distances are from top to bottom of hillslope


 distance soil  flow    distance   soil  flow    distance   soil  flow
    (m)   loss  elem       (m)     loss  elem       (m)     loss  elem
         (kg/m2)                  (kg/m2)                  (kg/m2)
------------------------------------------------------------------------

   0.15     0.001  1       10.36     0.001  1       20.57     0.003  2
   0.30     0.001  1       10.52     0.001  1       20.73     0.003  2
   0.46     0.001  1       10.67     0.001  1       20.88     0.003  2
   0.61     0.001  1       10.82     0.001  1       21.03     0.003  2
   0.76     0.001  1       10.97     0.001  1       21.18     0.003  2
   0.91     0.001  1       11.13     0.001  1       21.34     0.003  2
   1.07     0.001  1       11.28     0.001  1       21.49     0.003  2
   1.22     0.001  1       11.43     0.001  1       21.64     0.003  2
   1.37     0.001  1       11.58     0.001  1       21.79     0.003  2
   1.52     0.001  1       11.73     0.001  1       21.95     0.003  2
   1.68     0.001  1       11.89     0.001  1       22.10     0.003  2
   1.83     0.001  1       12.04     0.001  1       22.25     0.003  2
   1.98     0.001  1       12.19     0.001  1       22.40     0.003  2
   2.13     0.001  1       12.34     0.001  1       22.56     0.003  2
   2.29     0.001  1       12.50     0.001  1       22.71     0.003  2
   2.44     0.001  1       12.65     0.001  1       22.86     0.003  2
   2.59     0.001  1       12.80     0.001  1       23.01     0.003  2
   2.74     0.001  1       12.95     0.001  1       23.16     0.003  2
   2.90     0.001  1       13.11     0.001  1       23.32     0.003  2
   3.05     0.001  1       13.26     0.001  1       23.47     0.003  2
   3.20     0.001  1       13.41     0.001  1       23.62     0.003  2
   3.35     0.001  1       13.56     0.001  1       23.77     0.003  2
   3.51     0.001  1       13.72     0.001  1       23.93     0.003  2
   3.66     0.001  1       13.87     0.001  1       24.08     0.003  2
   3.81     0.001  1       14.02     0.001  1       24.23     0.003  2
   3.96     0.001  1       14.17     0.001  1       24.38     0.003  2
   4.11     0.001  1       14.33     0.001  1       24.54     0.003  2
   4.27     0.001  1       14.48     0.001  1       24.69     0.003  2
   4.42     0.001  1       14.63     0.001  1       24.84     0.003  2
   4.57     0.001  1       14.78     0.001  1       24.99     0.003  2
   4.72     0.001  1       14.94     0.001  1       25.15     0.003  2
   4.88     0.001  1       15.09     0.001  1       25.30     0.003  2
   5.03     0.001  1       15.24     0.001  1       25.45     0.002  2
   5.18     0.001  1       15.39     0.002  2       25.60     0.002  2
   5.33     0.001  1       15.54     0.002  2       25.76     0.002  2
   5.49     0.001  1       15.70     0.002  2       25.91     0.002  2
   5.64     0.001  1       15.85     0.002  2       26.06     0.002  2
   5.79     0.001  1       16.00     0.002  2       26.21     0.002  2
   5.94     0.001  1       16.15     0.003  2       26.37     0.002  2
   6.10     0.001  1       16.31     0.003  2       26.52     0.002  2
   6.25     0.001  1       16.46     0.003  2       26.67     0.002  2
   6.40     0.001  1       16.61     0.003  2       26.82     0.002  2
   6.55     0.001  1       16.76     0.003  2       26.97     0.002  2
   6.71     0.001  1       16.92     0.003  2       27.13     0.002  2
   6.86     0.001  1       17.07     0.003  2       27.28     0.002  2
   7.01     0.001  1       17.22     0.003  2       27.43     0.002  2
   7.16     0.001  1       17.37     0.003  2       27.58     0.002  2
   7.32     0.001  1       17.53     0.003  2       27.74     0.002  2
   7.47     0.001  1       17.68     0.003  2       27.89     0.002  2
   7.62     0.001  1       17.83     0.003  2       28.04     0.002  2
   7.77     0.001  1       17.98     0.003  2       28.19     0.002  2
   7.92     0.001  1       18.14     0.003  2       28.35     0.002  2
   8.08     0.001  1       18.29     0.003  2       28.50     0.002  2
   8.23     0.001  1       18.44     0.003  2       28.65     0.002  2
   8.38     0.001  1       18.59     0.003  2       28.80     0.002  2
   8.53     0.001  1       18.75     0.003  2       28.96     0.002  2
   8.69     0.001  1       18.90     0.003  2       29.11     0.002  2
   8.84     0.001  1       19.05     0.003  2       29.26     0.002  2
   8.99     0.001  1       19.20     0.003  2       29.41     0.002  2
   9.14     0.001  1       19.35     0.003  2       29.57     0.002  2
   9.30     0.001  1       19.51     0.003  2       29.72     0.002  2
   9.45     0.001  1       19.66     0.003  2       29.87     0.002  2
   9.60     0.001  1       19.81     0.003  2       30.02     0.002  2
   9.75     0.001  1       19.96     0.003  2       30.18     0.002  2
   9.91     0.001  1       20.12     0.003  2       30.33     0.002  2
  10.06     0.001  1       20.27     0.003  2       30.48     0.002  2
  10.21     0.001  1       20.42     0.003  2

note:  (+) soil loss - detachment     (-) soil loss - deposition



III. OFF SITE EFFECTS  OFF SITE EFFECTS  OFF SITE EFFECTS
     ----------------  ----------------  ----------------

     A.  SEDIMENT LEAVING PROFILE for year    6     0.054 kg/m



     B.  SEDIMENT CHARACTERISTICS AND ENRICHMENT

     Sediment particle information leaving profile
-------------------------------------------------------------------------------
                                 Particle Composition         Detached Fraction
Class  Diameter  Specific  ---------------------------------  Sediment  In Flow
         (mm)    Gravity   % Sand   % Silt   % Clay   % O.M.  Fraction  Exiting
-------------------------------------------------------------------------------
  1     0.002      2.60      0.0      0.0    100.0     16.7     0.078    0.167
  2     0.010      2.65      0.0    100.0      0.0      0.0     0.072    0.144
  3     0.040      1.80      0.0     60.0     40.0      6.7     0.378    0.538
  4     0.600      1.60     48.4     35.2     16.5      2.7     0.430    0.137
  5     0.200      2.65    100.0      0.0      0.0      0.0     0.042    0.013
-------------------------------------------------------------------------------


     Weighted SSA enrichment ratio leaving profile for year    6 =   1.34


     HILLSLOPE 1 YEARLY SUMMARY FOR    7
     ----------------------------------


I.   RAINFALL AND RUNOFF SUMMARY
     -------- --- ------ -------

      year:      7

         Rainfall         Storm Runoff        Melt Runoff
      events   amount   events   amount     events  amount
                (mm)              (mm)               (mm)

       107    1310.00       4      36.60       7      55.05


II.  ON SITE EFFECTS  ON SITE EFFECTS  ON SITE EFFECTS
     ---------------  ---------------  ---------------


  A.  AREA OF NET SOIL LOSS

      ** Soil Loss (Avg. of Net Detachment Areas) =    0.001 kg/m2 **
      ** Maximum Soil Loss  =    0.001 kg/m2 at   22.86 meters **


      Area of    Soil Loss   Soil Loss   MAX   MAX Loss   MIN   MIN Loss
      Net Loss      MEAN      STDEV      Loss    Point    Loss   Point
        (m)       (kg/m2)     (kg/m2)  (kg/m2)    (m)    (kg/m2)  (m)
------------------------------------------------------------------------
   0.00-  30.48    0.001     0.000      0.001   22.86     0.000     0.15



  C.  SOIL LOSS/DEPOSITION ALONG SLOPE PROFILE

          Profile distances are from top to bottom of hillslope


 distance soil  flow    distance   soil  flow    distance   soil  flow
    (m)   loss  elem       (m)     loss  elem       (m)     loss  elem
         (kg/m2)                  (kg/m2)                  (kg/m2)
------------------------------------------------------------------------

   0.15     0.000  1       10.36     0.001  1       20.57     0.001  2
   0.30     0.000  1       10.52     0.001  1       20.73     0.001  2
   0.46     0.000  1       10.67     0.001  1       20.88     0.001  2
   0.61     0.000  1       10.82     0.001  1       21.03     0.001  2
   0.76     0.000  1       10.97     0.001  1       21.18     0.001  2
   0.91     0.000  1       11.13     0.001  1       21.34     0.001  2
   1.07     0.000  1       11.28     0.001  1       21.49     0.001  2
   1.22     0.000  1       11.43     0.001  1       21.64     0.001  2
   1.37     0.000  1       11.58     0.001  1       21.79     0.001  2
   1.52     0.000  1       11.73     0.001  1       21.95     0.001  2
   1.68     0.000  1       11.89     0.001  1       22.10     0.001  2
   1.83     0.000  1       12.04     0.001  1       22.25     0.001  2
   1.98     0.000  1       12.19     0.001  1       22.40     0.001  2
   2.13     0.000  1       12.34     0.001  1       22.56     0.001  2
   2.29     0.000  1       12.50     0.001  1       22.71     0.001  2
   2.44     0.000  1       12.65     0.001  1       22.86     0.001  2
   2.59     0.000  1       12.80     0.001  1       23.01     0.001  2
   2.74     0.000  1       12.95     0.001  1       23.16     0.001  2
   2.90     0.000  1       13.11     0.001  1       23.32     0.001  2
   3.05     0.000  1       13.26     0.001  1       23.47     0.001  2
   3.20     0.000  1       13.41     0.001  1       23.62     0.001  2
   3.35     0.000  1       13.56     0.001  1       23.77     0.001  2
   3.51     0.000  1       13.72     0.001  1       23.93     0.001  2
   3.66     0.000  1       13.87     0.001  1       24.08     0.001  2
   3.81     0.000  1       14.02     0.001  1       24.23     0.001  2
   3.96     0.000  1       14.17     0.001  1       24.38     0.001  2
   4.11     0.000  1       14.33     0.001  1       24.54     0.001  2
   4.27     0.000  1       14.48     0.001  1       24.69     0.001  2
   4.42     0.000  1       14.63     0.001  1       24.84     0.001  2
   4.57     0.000  1       14.78     0.001  1       24.99     0.001  2
   4.72     0.000  1       14.94     0.001  1       25.15     0.001  2
   4.88     0.000  1       15.09     0.001  1       25.30     0.001  2
   5.03     0.000  1       15.24     0.001  1       25.45     0.001  2
   5.18     0.000  1       15.39     0.001  2       25.60     0.001  2
   5.33     0.000  1       15.54     0.001  2       25.76     0.001  2
   5.49     0.000  1       15.70     0.001  2       25.91     0.001  2
   5.64     0.000  1       15.85     0.001  2       26.06     0.001  2
   5.79     0.000  1       16.00     0.001  2       26.21     0.001  2
   5.94     0.000  1       16.15     0.001  2       26.37     0.001  2
   6.10     0.000  1       16.31     0.001  2       26.52     0.001  2
   6.25     0.000  1       16.46     0.001  2       26.67     0.001  2
   6.40     0.000  1       16.61     0.001  2       26.82     0.001  2
   6.55     0.000  1       16.76     0.001  2       26.97     0.001  2
   6.71     0.000  1       16.92     0.001  2       27.13     0.001  2
   6.86     0.000  1       17.07     0.001  2       27.28     0.001  2
   7.01     0.000  1       17.22     0.001  2       27.43     0.001  2
   7.16     0.000  1       17.37     0.001  2       27.58     0.001  2
   7.32     0.000  1       17.53     0.001  2       27.74     0.001  2
   7.47     0.000  1       17.68     0.001  2       27.89     0.001  2
   7.62     0.000  1       17.83     0.001  2       28.04     0.001  2
   7.77     0.001  1       17.98     0.001  2       28.19     0.001  2
   7.92     0.001  1       18.14     0.001  2       28.35     0.001  2
   8.08     0.001  1       18.29     0.001  2       28.50     0.001  2
   8.23     0.001  1       18.44     0.001  2       28.65     0.001  2
   8.38     0.001  1       18.59     0.001  2       28.80     0.001  2
   8.53     0.001  1       18.75     0.001  2       28.96     0.001  2
   8.69     0.001  1       18.90     0.001  2       29.11     0.001  2
   8.84     0.001  1       19.05     0.001  2       29.26     0.000  2
   8.99     0.001  1       19.20     0.001  2       29.41     0.000  2
   9.14     0.001  1       19.35     0.001  2       29.57     0.000  2
   9.30     0.001  1       19.51     0.001  2       29.72     0.000  2
   9.45     0.001  1       19.66     0.001  2       29.87     0.000  2
   9.60     0.001  1       19.81     0.001  2       30.02     0.000  2
   9.75     0.001  1       19.96     0.001  2       30.18     0.000  2
   9.91     0.001  1       20.12     0.001  2       30.33     0.000  2
  10.06     0.001  1       20.27     0.001  2       30.48     0.000  2
  10.21     0.001  1       20.42     0.001  2

note:  (+) soil loss - detachment     (-) soil loss - deposition



III. OFF SITE EFFECTS  OFF SITE EFFECTS  OFF SITE EFFECTS
     ----------------  ----------------  ----------------

     A.  SEDIMENT LEAVING PROFILE for year    7     0.025 kg/m



     B.  SEDIMENT CHARACTERISTICS AND ENRICHMENT

     Sediment particle information leaving profile
-------------------------------------------------------------------------------
                                 Particle Composition         Detached Fraction
Class  Diameter  Specific  ---------------------------------  Sediment  In Flow
         (mm)    Gravity   % Sand   % Silt   % Clay   % O.M.  Fraction  Exiting
-------------------------------------------------------------------------------
  1     0.002      2.60      0.0      0.0    100.0     16.7     0.078    0.243
  2     0.010      2.65      0.0    100.0      0.0      0.0     0.072    0.180
  3     0.040      1.80      0.0     60.0     40.0      6.7     0.378    0.315
  4     0.600      1.60     48.4     35.2     16.5      2.7     0.430    0.238
  5     0.200      2.65    100.0      0.0      0.0      0.0     0.042    0.023
-------------------------------------------------------------------------------


     Weighted SSA enrichment ratio leaving profile for year    7 =   1.34


     HILLSLOPE 1 YEARLY SUMMARY FOR    8
     ----------------------------------


I.   RAINFALL AND RUNOFF SUMMARY
     -------- --- ------ -------

      year:      8

         Rainfall         Storm Runoff        Melt Runoff
      events   amount   events   amount     events  amount
                (mm)              (mm)               (mm)

       128    1330.90       1       7.56       4      11.80


II.  ON SITE EFFECTS  ON SITE EFFECTS  ON SITE EFFECTS
     ---------------  ---------------  ---------------


  A.  AREA OF NET SOIL LOSS

      ** Soil Loss (Avg. of Net Detachment Areas) =    0.000 kg/m2 **
      ** Maximum Soil Loss  =    0.000 kg/m2 at   22.86 meters **


      Area of    Soil Loss   Soil Loss   MAX   MAX Loss   MIN   MIN Loss
      Net Loss      MEAN      STDEV      Loss    Point    Loss   Point
        (m)       (kg/m2)     (kg/m2)  (kg/m2)    (m)    (kg/m2)  (m)
------------------------------------------------------------------------
   0.00-  30.48    0.000     0.000      0.000   22.86     0.000     0.15



  C.  SOIL LOSS/DEPOSITION ALONG SLOPE PROFILE

          Profile distances are from top to bottom of hillslope


 distance soil  flow    distance   soil  flow    distance   soil  flow
    (m)   loss  elem       (m)     loss  elem       (m)     loss  elem
         (kg/m2)                  (kg/m2)                  (kg/m2)
------------------------------------------------------------------------

   0.15     0.000  1       10.36     0.000  1       20.57     0.000  2
   0.30     0.000  1       10.52     0.000  1       20.73     0.000  2
   0.46     0.000  1       10.67     0.000  1       20.88     0.000  2
   0.61     0.000  1       10.82     0.000  1       21.03     0.000  2
   0.76     0.000  1       10.97     0.000  1       21.18     0.000  2
   0.91     0.000  1       11.13     0.000  1       21.34     0.000  2
   1.07     0.000  1       11.28     0.000  1       21.49     0.000  2
   1.22     0.000  1       11.43     0.000  1       21.64     0.000  2
   1.37     0.000  1       11.58     0.000  1       21.79     0.000  2
   1.52     0.000  1       11.73     0.000  1       21.95     0.000  2
   1.68     0.000  1       11.89     0.000  1       22.10     0.000  2
   1.83     0.000  1       12.04     0.000  1       22.25     0.000  2
   1.98     0.000  1       12.19     0.000  1       22.40     0.000  2
   2.13     0.000  1       12.34     0.000  1       22.56     0.000  2
   2.29     0.000  1       12.50     0.000  1       22.71     0.000  2
   2.44     0.000  1       12.65     0.000  1       22.86     0.000  2
   2.59     0.000  1       12.80     0.000  1       23.01     0.000  2
   2.74     0.000  1       12.95     0.000  1       23.16     0.000  2
   2.90     0.000  1       13.11     0.000  1       23.32     0.000  2
   3.05     0.000  1       13.26     0.000  1       23.47     0.000  2
   3.20     0.000  1       13.41     0.000  1       23.62     0.000  2
   3.35     0.000  1       13.56     0.000  1       23.77     0.000  2
   3.51     0.000  1       13.72     0.000  1       23.93     0.000  2
   3.66     0.000  1       13.87     0.000  1       24.08     0.000  2
   3.81     0.000  1       14.02     0.000  1       24.23     0.000  2
   3.96     0.000  1       14.17     0.000  1       24.38     0.000  2
   4.11     0.000  1       14.33     0.000  1       24.54     0.000  2
   4.27     0.000  1       14.48     0.000  1       24.69     0.000  2
   4.42     0.000  1       14.63     0.000  1       24.84     0.000  2
   4.57     0.000  1       14.78     0.000  1       24.99     0.000  2
   4.72     0.000  1       14.94     0.000  1       25.15     0.000  2
   4.88     0.000  1       15.09     0.000  1       25.30     0.000  2
   5.03     0.000  1       15.24     0.000  1       25.45     0.000  2
   5.18     0.000  1       15.39     0.000  2       25.60     0.000  2
   5.33     0.000  1       15.54     0.000  2       25.76     0.000  2
   5.49     0.000  1       15.70     0.000  2       25.91     0.000  2
   5.64     0.000  1       15.85     0.000  2       26.06     0.000  2
   5.79     0.000  1       16.00     0.000  2       26.21     0.000  2
   5.94     0.000  1       16.15     0.000  2       26.37     0.000  2
   6.10     0.000  1       16.31     0.000  2       26.52     0.000  2
   6.25     0.000  1       16.46     0.000  2       26.67     0.000  2
   6.40     0.000  1       16.61     0.000  2       26.82     0.000  2
   6.55     0.000  1       16.76     0.000  2       26.97     0.000  2
   6.71     0.000  1       16.92     0.000  2       27.13     0.000  2
   6.86     0.000  1       17.07     0.000  2       27.28     0.000  2
   7.01     0.000  1       17.22     0.000  2       27.43     0.000  2
   7.16     0.000  1       17.37     0.000  2       27.58     0.000  2
   7.32     0.000  1       17.53     0.000  2       27.74     0.000  2
   7.47     0.000  1       17.68     0.000  2       27.89     0.000  2
   7.62     0.000  1       17.83     0.000  2       28.04     0.000  2
   7.77     0.000  1       17.98     0.000  2       28.19     0.000  2
   7.92     0.000  1       18.14     0.000  2       28.35     0.000  2
   8.08     0.000  1       18.29     0.000  2       28.50     0.000  2
   8.23     0.000  1       18.44     0.000  2       28.65     0.000  2
   8.38     0.000  1       18.59     0.000  2       28.80     0.000  2
   8.53     0.000  1       18.75     0.000  2       28.96     0.000  2
   8.69     0.000  1       18.90     0.000  2       29.11     0.000  2
   8.84     0.000  1       19.05     0.000  2       29.26     0.000  2
   8.99     0.000  1       19.20     0.000  2       29.41     0.000  2
   9.14     0.000  1       19.35     0.000  2       29.57     0.000  2
   9.30     0.000  1       19.51     0.000  2       29.72     0.000  2
   9.45     0.000  1       19.66     0.000  2       29.87     0.000  2
   9.60     0.000  1       19.81     0.000  2       30.02     0.000  2
   9.75     0.000  1       19.96     0.000  2       30.18     0.000  2
   9.91     0.000  1       20.12     0.000  2       30.33     0.000  2
  10.06     0.000  1       20.27     0.000  2       30.48     0.000  2
  10.21     0.000  1       20.42     0.000  2

note:  (+) soil loss - detachment     (-) soil loss - deposition



III. OFF SITE EFFECTS  OFF SITE EFFECTS  OFF SITE EFFECTS
     ----------------  ----------------  ----------------

     A.  SEDIMENT LEAVING PROFILE for year    8     0.010 kg/m



     B.  SEDIMENT CHARACTERISTICS AND ENRICHMENT

     Sediment particle information leaving profile
-------------------------------------------------------------------------------
                                 Particle Composition         Detached Fraction
Class  Diameter  Specific  ---------------------------------  Sediment  In Flow
         (mm)    Gravity   % Sand   % Silt   % Clay   % O.M.  Fraction  Exiting
-------------------------------------------------------------------------------
  1     0.002      2.60      0.0      0.0    100.0     16.7     0.078    0.217
  2     0.010      2.65      0.0    100.0      0.0      0.0     0.072    0.182
  3     0.040      1.80      0.0     60.0     40.0      6.7     0.378    0.468
  4     0.600      1.60     48.4     35.2     16.5      2.7     0.430    0.121
  5     0.200      2.65    100.0      0.0      0.0      0.0     0.042    0.012
-------------------------------------------------------------------------------


     Weighted SSA enrichment ratio leaving profile for year    8 =   1.39


     HILLSLOPE 1 YEARLY SUMMARY FOR    9
     ----------------------------------


I.   RAINFALL AND RUNOFF SUMMARY
     -------- --- ------ -------

      year:      9

         Rainfall         Storm Runoff        Melt Runoff
      events   amount   events   amount     events  amount
                (mm)              (mm)               (mm)

       124    1485.30       9     128.93       0       0.00


II.  ON SITE EFFECTS  ON SITE EFFECTS  ON SITE EFFECTS
     ---------------  ---------------  ---------------


  A.  AREA OF NET SOIL LOSS

      ** Soil Loss (Avg. of Net Detachment Areas) =    0.006 kg/m2 **
      ** Maximum Soil Loss  =    0.008 kg/m2 at   22.86 meters **


      Area of    Soil Loss   Soil Loss   MAX   MAX Loss   MIN   MIN Loss
      Net Loss      MEAN      STDEV      Loss    Point    Loss   Point
        (m)       (kg/m2)     (kg/m2)  (kg/m2)    (m)    (kg/m2)  (m)
------------------------------------------------------------------------
   0.00-  30.48    0.006     0.001      0.008   22.86     0.004     0.15



  C.  SOIL LOSS/DEPOSITION ALONG SLOPE PROFILE

          Profile distances are from top to bottom of hillslope


 distance soil  flow    distance   soil  flow    distance   soil  flow
    (m)   loss  elem       (m)     loss  elem       (m)     loss  elem
         (kg/m2)                  (kg/m2)                  (kg/m2)
------------------------------------------------------------------------

   0.15     0.004  1       10.36     0.005  1       20.57     0.008  2
   0.30     0.004  1       10.52     0.005  1       20.73     0.008  2
   0.46     0.004  1       10.67     0.006  1       20.88     0.008  2
   0.61     0.004  1       10.82     0.006  1       21.03     0.008  2
   0.76     0.004  1       10.97     0.006  1       21.18     0.008  2
   0.91     0.004  1       11.13     0.006  1       21.34     0.008  2
   1.07     0.004  1       11.28     0.006  1       21.49     0.008  2
   1.22     0.004  1       11.43     0.006  1       21.64     0.008  2
   1.37     0.004  1       11.58     0.006  1       21.79     0.008  2
   1.52     0.004  1       11.73     0.006  1       21.95     0.008  2
   1.68     0.004  1       11.89     0.006  1       22.10     0.008  2
   1.83     0.004  1       12.04     0.006  1       22.25     0.008  2
   1.98     0.004  1       12.19     0.006  1       22.40     0.008  2
   2.13     0.004  1       12.34     0.006  1       22.56     0.008  2
   2.29     0.004  1       12.50     0.006  1       22.71     0.008  2
   2.44     0.004  1       12.65     0.006  1       22.86     0.008  2
   2.59     0.004  1       12.80     0.006  1       23.01     0.008  2
   2.74     0.004  1       12.95     0.006  1       23.16     0.008  2
   2.90     0.004  1       13.11     0.006  1       23.32     0.008  2
   3.05     0.004  1       13.26     0.006  1       23.47     0.008  2
   3.20     0.004  1       13.41     0.006  1       23.62     0.008  2
   3.35     0.004  1       13.56     0.006  1       23.77     0.008  2
   3.51     0.004  1       13.72     0.006  1       23.93     0.008  2
   3.66     0.004  1       13.87     0.006  1       24.08     0.008  2
   3.81     0.004  1       14.02     0.006  1       24.23     0.008  2
   3.96     0.004  1       14.17     0.006  1       24.38     0.008  2
   4.11     0.004  1       14.33     0.006  1       24.54     0.007  2
   4.27     0.004  1       14.48     0.006  1       24.69     0.007  2
   4.42     0.004  1       14.63     0.006  1       24.84     0.007  2
   4.57     0.004  1       14.78     0.006  1       24.99     0.007  2
   4.72     0.004  1       14.94     0.006  1       25.15     0.007  2
   4.88     0.004  1       15.09     0.006  1       25.30     0.007  2
   5.03     0.004  1       15.24     0.006  1       25.45     0.007  2
   5.18     0.004  1       15.39     0.007  2       25.60     0.007  2
   5.33     0.004  1       15.54     0.007  2       25.76     0.007  2
   5.49     0.004  1       15.70     0.007  2       25.91     0.007  2
   5.64     0.004  1       15.85     0.007  2       26.06     0.007  2
   5.79     0.004  1       16.00     0.007  2       26.21     0.007  2
   5.94     0.004  1       16.15     0.007  2       26.37     0.007  2
   6.10     0.004  1       16.31     0.007  2       26.52     0.007  2
   6.25     0.004  1       16.46     0.007  2       26.67     0.006  2
   6.40     0.004  1       16.61     0.007  2       26.82     0.006  2
   6.55     0.004  1       16.76     0.007  2       26.97     0.006  2
   6.71     0.004  1       16.92     0.007  2       27.13     0.006  2
   6.86     0.004  1       17.07     0.007  2       27.28     0.006  2
   7.01     0.005  1       17.22     0.007  2       27.43     0.006  2
   7.16     0.005  1       17.37     0.007  2       27.58     0.006  2
   7.32     0.005  1       17.53     0.007  2       27.74     0.006  2
   7.47     0.005  1       17.68     0.007  2       27.89     0.006  2
   7.62     0.005  1       17.83     0.007  2       28.04     0.006  2
   7.77     0.005  1       17.98     0.007  2       28.19     0.006  2
   7.92     0.005  1       18.14     0.007  2       28.35     0.005  2
   8.08     0.005  1       18.29     0.007  2       28.50     0.005  2
   8.23     0.005  1       18.44     0.007  2       28.65     0.005  2
   8.38     0.005  1       18.59     0.007  2       28.80     0.005  2
   8.53     0.005  1       18.75     0.008  2       28.96     0.005  2
   8.69     0.005  1       18.90     0.008  2       29.11     0.005  2
   8.84     0.005  1       19.05     0.008  2       29.26     0.005  2
   8.99     0.005  1       19.20     0.008  2       29.41     0.005  2
   9.14     0.005  1       19.35     0.008  2       29.57     0.005  2
   9.30     0.005  1       19.51     0.008  2       29.72     0.005  2
   9.45     0.005  1       19.66     0.008  2       29.87     0.004  2
   9.60     0.005  1       19.81     0.008  2       30.02     0.004  2
   9.75     0.005  1       19.96     0.008  2       30.18     0.004  2
   9.91     0.005  1       20.12     0.008  2       30.33     0.004  2
  10.06     0.005  1       20.27     0.008  2       30.48     0.004  2
  10.21     0.005  1       20.42     0.008  2

note:  (+) soil loss - detachment     (-) soil loss - deposition



III. OFF SITE EFFECTS  OFF SITE EFFECTS  OFF SITE EFFECTS
     ----------------  ----------------  ----------------

     A.  SEDIMENT LEAVING PROFILE for year    9     0.180 kg/m



     B.  SEDIMENT CHARACTERISTICS AND ENRICHMENT

     Sediment particle information leaving profile
-------------------------------------------------------------------------------
                                 Particle Composition         Detached Fraction
Class  Diameter  Specific  ---------------------------------  Sediment  In Flow
         (mm)    Gravity   % Sand   % Silt   % Clay   % O.M.  Fraction  Exiting
-------------------------------------------------------------------------------
  1     0.002      2.60      0.0      0.0    100.0     16.7     0.078    0.217
  2     0.010      2.65      0.0    100.0      0.0      0.0     0.072    0.170
  3     0.040      1.80      0.0     60.0     40.0      6.7     0.378    0.442
  4     0.600      1.60     48.4     35.2     16.5      2.7     0.430    0.156
  5     0.200      2.65    100.0      0.0      0.0      0.0     0.042    0.015
-------------------------------------------------------------------------------


     Weighted SSA enrichment ratio leaving profile for year    9 =   1.38


     HILLSLOPE 1 YEARLY SUMMARY FOR   10
     ----------------------------------


I.   RAINFALL AND RUNOFF SUMMARY
     -------- --- ------ -------

      year:     10

         Rainfall         Storm Runoff        Melt Runoff
      events   amount   events   amount     events  amount
                (mm)              (mm)               (mm)

       100    1201.60       4      59.04       2      30.42


II.  ON SITE EFFECTS  ON SITE EFFECTS  ON SITE EFFECTS
     ---------------  ---------------  ---------------


  A.  AREA OF NET SOIL LOSS

      ** Soil Loss (Avg. of Net Detachment Areas) =    0.002 kg/m2 **
      ** Maximum Soil Loss  =    0.003 kg/m2 at   22.86 meters **


      Area of    Soil Loss   Soil Loss   MAX   MAX Loss   MIN   MIN Loss
      Net Loss      MEAN      STDEV      Loss    Point    Loss   Point
        (m)       (kg/m2)     (kg/m2)  (kg/m2)    (m)    (kg/m2)  (m)
------------------------------------------------------------------------
   0.00-  30.48    0.002     0.001      0.003   22.86     0.001     0.15



  C.  SOIL LOSS/DEPOSITION ALONG SLOPE PROFILE

          Profile distances are from top to bottom of hillslope


 distance soil  flow    distance   soil  flow    distance   soil  flow
    (m)   loss  elem       (m)     loss  elem       (m)     loss  elem
         (kg/m2)                  (kg/m2)                  (kg/m2)
------------------------------------------------------------------------

   0.15     0.001  1       10.36     0.002  1       20.57     0.003  2
   0.30     0.001  1       10.52     0.002  1       20.73     0.003  2
   0.46     0.001  1       10.67     0.002  1       20.88     0.003  2
   0.61     0.001  1       10.82     0.002  1       21.03     0.003  2
   0.76     0.001  1       10.97     0.002  1       21.18     0.003  2
   0.91     0.001  1       11.13     0.002  1       21.34     0.003  2
   1.07     0.001  1       11.28     0.002  1       21.49     0.003  2
   1.22     0.001  1       11.43     0.002  1       21.64     0.003  2
   1.37     0.001  1       11.58     0.002  1       21.79     0.003  2
   1.52     0.001  1       11.73     0.002  1       21.95     0.003  2
   1.68     0.001  1       11.89     0.002  1       22.10     0.003  2
   1.83     0.001  1       12.04     0.002  1       22.25     0.003  2
   1.98     0.001  1       12.19     0.002  1       22.40     0.003  2
   2.13     0.001  1       12.34     0.002  1       22.56     0.003  2
   2.29     0.001  1       12.50     0.002  1       22.71     0.003  2
   2.44     0.001  1       12.65     0.002  1       22.86     0.003  2
   2.59     0.001  1       12.80     0.002  1       23.01     0.003  2
   2.74     0.001  1       12.95     0.002  1       23.16     0.003  2
   2.90     0.001  1       13.11     0.002  1       23.32     0.003  2
   3.05     0.001  1       13.26     0.002  1       23.47     0.003  2
   3.20     0.001  1       13.41     0.002  1       23.62     0.003  2
   3.35     0.001  1       13.56     0.002  1       23.77     0.003  2
   3.51     0.001  1       13.72     0.002  1       23.93     0.003  2
   3.66     0.001  1       13.87     0.002  1       24.08     0.003  2
   3.81     0.001  1       14.02     0.002  1       24.23     0.003  2
   3.96     0.001  1       14.17     0.002  1       24.38     0.003  2
   4.11     0.001  1       14.33     0.002  1       24.54     0.003  2
   4.27     0.001  1       14.48     0.002  1       24.69     0.003  2
   4.42     0.001  1       14.63     0.002  1       24.84     0.003  2
   4.57     0.001  1       14.78     0.002  1       24.99     0.003  2
   4.72     0.001  1       14.94     0.002  1       25.15     0.003  2
   4.88     0.001  1       15.09     0.002  1       25.30     0.003  2
   5.03     0.001  1       15.24     0.002  1       25.45     0.003  2
   5.18     0.001  1       15.39     0.003  2       25.60     0.003  2
   5.33     0.001  1       15.54     0.003  2       25.76     0.003  2
   5.49     0.001  1       15.70     0.003  2       25.91     0.002  2
   5.64     0.001  1       15.85     0.003  2       26.06     0.002  2
   5.79     0.001  1       16.00     0.003  2       26.21     0.002  2
   5.94     0.001  1       16.15     0.003  2       26.37     0.002  2
   6.10     0.001  1       16.31     0.003  2       26.52     0.002  2
   6.25     0.001  1       16.46     0.003  2       26.67     0.002  2
   6.40     0.001  1       16.61     0.003  2       26.82     0.002  2
   6.55     0.001  1       16.76     0.003  2       26.97     0.002  2
   6.71     0.001  1       16.92     0.003  2       27.13     0.002  2
   6.86     0.001  1       17.07     0.003  2       27.28     0.002  2
   7.01     0.001  1       17.22     0.003  2       27.43     0.002  2
   7.16     0.001  1       17.37     0.003  2       27.58     0.002  2
   7.32     0.001  1       17.53     0.003  2       27.74     0.002  2
   7.47     0.001  1       17.68     0.003  2       27.89     0.002  2
   7.62     0.001  1       17.83     0.003  2       28.04     0.002  2
   7.77     0.002  1       17.98     0.003  2       28.19     0.002  2
   7.92     0.002  1       18.14     0.003  2       28.35     0.002  2
   8.08     0.002  1       18.29     0.003  2       28.50     0.002  2
   8.23     0.002  1       18.44     0.003  2       28.65     0.002  2
   8.38     0.002  1       18.59     0.003  2       28.80     0.002  2
   8.53     0.002  1       18.75     0.003  2       28.96     0.002  2
   8.69     0.002  1       18.90     0.003  2       29.11     0.002  2
   8.84     0.002  1       19.05     0.003  2       29.26     0.002  2
   8.99     0.002  1       19.20     0.003  2       29.41     0.002  2
   9.14     0.002  1       19.35     0.003  2       29.57     0.001  2
   9.30     0.002  1       19.51     0.003  2       29.72     0.001  2
   9.45     0.002  1       19.66     0.003  2       29.87     0.001  2
   9.60     0.002  1       19.81     0.003  2       30.02     0.001  2
   9.75     0.002  1       19.96     0.003  2       30.18     0.001  2
   9.91     0.002  1       20.12     0.003  2       30.33     0.001  2
  10.06     0.002  1       20.27     0.003  2       30.48     0.001  2
  10.21     0.002  1       20.42     0.003  2

note:  (+) soil loss - detachment     (-) soil loss - deposition



III. OFF SITE EFFECTS  OFF SITE EFFECTS  OFF SITE EFFECTS
     ----------------  ----------------  ----------------

     A.  SEDIMENT LEAVING PROFILE for year   10     0.061 kg/m



     B.  SEDIMENT CHARACTERISTICS AND ENRICHMENT

     Sediment particle information leaving profile
-------------------------------------------------------------------------------
                                 Particle Composition         Detached Fraction
Class  Diameter  Specific  ---------------------------------  Sediment  In Flow
         (mm)    Gravity   % Sand   % Silt   % Clay   % O.M.  Fraction  Exiting
-------------------------------------------------------------------------------
  1     0.002      2.60      0.0      0.0    100.0     16.7     0.078    0.283
  2     0.010      2.65      0.0    100.0      0.0      0.0     0.072    0.208
  3     0.040      1.80      0.0     60.0     40.0      6.7     0.378    0.293
  4     0.600      1.60     48.4     35.2     16.5      2.7     0.430    0.196
  5     0.200      2.65    100.0      0.0      0.0      0.0     0.042    0.019
-------------------------------------------------------------------------------


     Weighted SSA enrichment ratio leaving profile for year   10 =   1.41


     ANNUAL AVERAGE SUMMARIES
     ------------------------


I.   RAINFALL AND RUNOFF SUMMARY
     -------- --- ------ -------

      total summary:  years    1 -   10

      1125 storms produced                        13628.50 mm of precipitation
        49 rain storm runoff events produced        694.62 mm of runoff
        26 snow melts and/or
             events during winter produced          141.98 mm of runoff

      annual averages
      ---------------

        Number of years                                   10
        Mean annual precipitation                    1362.85    mm
        Mean annual runoff from rainfall               69.46    mm
        Mean annual runoff from snow melt
          and/or rain storm during winter              14.20    mm



II.  ON SITE EFFECTS  ON SITE EFFECTS  ON SITE EFFECTS
     ---------------  ---------------  ---------------


  A.  AREA OF NET SOIL LOSS

      ** Soil Loss (Avg. of Net Detachment Areas) =    0.004 kg/m2 **
      ** Maximum Soil Loss  =    0.005 kg/m2 at   22.86 meters **


      Area of    Soil Loss   Soil Loss   MAX   MAX Loss   MIN   MIN Loss
      Net Loss      MEAN      STDEV      Loss    Point    Loss   Point
        (m)       (kg/m2)     (kg/m2)  (kg/m2)    (m)    (kg/m2)  (m)
------------------------------------------------------------------------
   0.00-  30.48    0.004     0.001      0.005   22.86     0.003     0.15



  C.  SOIL LOSS/DEPOSITION ALONG SLOPE PROFILE

          Profile distances are from top to bottom of hillslope


 distance soil  flow    distance   soil  flow    distance   soil  flow
    (m)   loss  elem       (m)     loss  elem       (m)     loss  elem
         (kg/m2)                  (kg/m2)                  (kg/m2)
------------------------------------------------------------------------

   0.15     0.003  1       10.36     0.004  1       20.57     0.005  2
   0.30     0.003  1       10.52     0.004  1       20.73     0.005  2
   0.46     0.003  1       10.67     0.004  1       20.88     0.005  2
   0.61     0.003  1       10.82     0.004  1       21.03     0.005  2
   0.76     0.003  1       10.97     0.004  1       21.18     0.005  2
   0.91     0.003  1       11.13     0.004  1       21.34     0.005  2
   1.07     0.003  1       11.28     0.004  1       21.49     0.005  2
   1.22     0.003  1       11.43     0.004  1       21.64     0.005  2
   1.37     0.003  1       11.58     0.004  1       21.79     0.005  2
   1.52     0.003  1       11.73     0.004  1       21.95     0.005  2
   1.68     0.003  1       11.89     0.004  1       22.10     0.005  2
   1.83     0.003  1       12.04     0.004  1       22.25     0.005  2
   1.98     0.003  1       12.19     0.004  1       22.40     0.005  2
   2.13     0.003  1       12.34     0.004  1       22.56     0.005  2
   2.29     0.003  1       12.50     0.004  1       22.71     0.005  2
   2.44     0.003  1       12.65     0.004  1       22.86     0.005  2
   2.59     0.003  1       12.80     0.004  1       23.01     0.005  2
   2.74     0.003  1       12.95     0.004  1       23.16     0.005  2
   2.90     0.003  1       13.11     0.004  1       23.32     0.005  2
   3.05     0.003  1       13.26     0.004  1       23.47     0.005  2
   3.20     0.003  1       13.41     0.004  1       23.62     0.005  2
   3.35     0.003  1       13.56     0.004  1       23.77     0.005  2
   3.51     0.003  1       13.72     0.004  1       23.93     0.005  2
   3.66     0.003  1       13.87     0.004  1       24.08     0.005  2
   3.81     0.003  1       14.02     0.004  1       24.23     0.005  2
   3.96     0.003  1       14.17     0.004  1       24.38     0.005  2
   4.11     0.003  1       14.33     0.004  1       24.54     0.005  2
   4.27     0.003  1       14.48     0.004  1       24.69     0.005  2
   4.42     0.003  1       14.63     0.004  1       24.84     0.005  2
   4.57     0.003  1       14.78     0.004  1       24.99     0.005  2
   4.72     0.003  1       14.94     0.004  1       25.15     0.005  2
   4.88     0.003  1       15.09     0.004  1       25.30     0.005  2
   5.03     0.003  1       15.24     0.004  1       25.45     0.005  2
   5.18     0.003  1       15.39     0.005  2       25.60     0.005  2
   5.33     0.003  1       15.54     0.005  2       25.76     0.005  2
   5.49     0.003  1       15.70     0.005  2       25.91     0.005  2
   5.64     0.003  1       15.85     0.005  2       26.06     0.005  2
   5.79     0.003  1       16.00     0.005  2       26.21     0.005  2
   5.94     0.003  1       16.15     0.005  2       26.37     0.005  2
   6.10     0.003  1       16.31     0.005  2       26.52     0.005  2
   6.25     0.003  1       16.46     0.005  2       26.67     0.005  2
   6.40     0.003  1       16.61     0.005  2       26.82     0.005  2
   6.55     0.003  1       16.76     0.005  2       26.97     0.005  2
   6.71     0.003  1       16.92     0.005  2       27.13     0.004  2
   6.86     0.003  1       17.07     0.005  2       27.28     0.004  2
   7.01     0.003  1       17.22     0.005  2       27.43     0.004  2
   7.16     0.003  1       17.37     0.005  2       27.58     0.004  2
   7.32     0.004  1       17.53     0.005  2       27.74     0.004  2
   7.47     0.004  1       17.68     0.005  2       27.89     0.004  2
   7.62     0.004  1       17.83     0.005  2       28.04     0.004  2
   7.77     0.004  1       17.98     0.005  2       28.19     0.004  2
   7.92     0.004  1       18.14     0.005  2       28.35     0.004  2
   8.08     0.004  1       18.29     0.005  2       28.50     0.004  2
   8.23     0.004  1       18.44     0.005  2       28.65     0.004  2
   8.38     0.004  1       18.59     0.005  2       28.80     0.004  2
   8.53     0.004  1       18.75     0.005  2       28.96     0.004  2
   8.69     0.004  1       18.90     0.005  2       29.11     0.004  2
   8.84     0.004  1       19.05     0.005  2       29.26     0.004  2
   8.99     0.004  1       19.20     0.005  2       29.41     0.004  2
   9.14     0.004  1       19.35     0.005  2       29.57     0.004  2
   9.30     0.004  1       19.51     0.005  2       29.72     0.004  2
   9.45     0.004  1       19.66     0.005  2       29.87     0.004  2
   9.60     0.004  1       19.81     0.005  2       30.02     0.004  2
   9.75     0.004  1       19.96     0.005  2       30.18     0.004  2
   9.91     0.004  1       20.12     0.005  2       30.33     0.003  2
  10.06     0.004  1       20.27     0.005  2       30.48     0.003  2
  10.21     0.004  1       20.42     0.005  2

note:  (+) soil loss - detachment     (-) soil loss - deposition



III. OFF SITE EFFECTS  OFF SITE EFFECTS  OFF SITE EFFECTS
     ----------------  ----------------  ----------------

     A.  AVERAGE ANNUAL SEDIMENT LEAVING PROFILE
             0.129   kg/m of width
            12.859     kg (based on profile width of    100.000      m)
             0.042   t/ha (assuming contributions from     0.305     ha)


     B.  SEDIMENT CHARACTERISTICS AND ENRICHMENT

     Sediment particle information leaving profile
-------------------------------------------------------------------------------
                                 Particle Composition         Detached Fraction
Class  Diameter  Specific  ---------------------------------  Sediment  In Flow
         (mm)    Gravity   % Sand   % Silt   % Clay   % O.M.  Fraction  Exiting
-------------------------------------------------------------------------------
  1     0.002      2.60      0.0      0.0    100.0     16.7     0.078    0.200
  2     0.010      2.65      0.0    100.0      0.0      0.0     0.072    0.166
  3     0.040      1.80      0.0     60.0     40.0      6.7     0.378    0.498
  4     0.600      1.60     48.4     35.2     16.5      2.7     0.430    0.124
  5     0.200      2.65    100.0      0.0      0.0      0.0     0.042    0.012
-------------------------------------------------------------------------------


     Average annual SSA enrichment ratio leaving profile =   1.38
