 Annual; abbreviated (Metric Units)                                     


          USDA WATER EROSION PREDICTION PROJECT
          -------------------------------------

          HILLSLOPE PROFILE AND WATERSHED MODEL
                     VERSION  2010.100
           January 28,      2010


               TO REPORT PROBLEMS OR TO BE PUT ON THE MAILING
               LIST FOR FUTURE WEPP MODEL RELEASES, PLEASE CONTACT:

                    WEPP TECHNICAL SUPPORT
                    USDA-AGRICULTURAL RESEARCH SERVICE
                    NATIONAL SOIL EROSION RESEARCH LABORATORY
                    275 SOUTH RUSSELL STREET
                    WEST LAFAYETTE, IN 47907-2077  USA

                    PHONE: (765) 494-8673
                      FAX: (765) 494-5948
                    email:  wepp@ecn.purdue.edu
                      URL:  http://topsoil.nserl.purdue.edu


     HILLSLOPE INPUT DATA FILES - VERSION  2010.100
      January 28,      2010


    MANAGEMENT: data/high100.man                                  
 MAN. PRACTICE: Forest conditions following a high severity fire            
                using Cropland input format                                 
                W. Elliot 12/96                                             
         SLOPE: ../working/wepp-525.slp                           
       CLIMATE: ../working/wepp-525.cli                           
       Station:  BIRMINGHAM WB AP AL                            CLIGEN VERSION  4.31
          SOIL: ../working/wepp-525.sol                           
      PLANE  1 ERMiT_h4            clay loam           


     ANNUAL AVERAGE SUMMARIES
     ------------------------


I.   RAINFALL AND RUNOFF SUMMARY
     -------- --- ------ -------

      total summary:  years    1 -  100

     11710 storms produced                       138046.20 mm of precipitation
      3639 rain storm runoff events produced      37324.96 mm of runoff
       294 snow melts and/or
             events during winter produced         3803.33 mm of runoff

      annual averages
      ---------------

        Number of years                                  100
        Mean annual precipitation                    1380.46    mm
        Mean annual runoff from rainfall              373.25    mm
        Mean annual runoff from snow melt
          and/or rain storm during winter              38.03    mm



II.  ON SITE EFFECTS  ON SITE EFFECTS  ON SITE EFFECTS
     ---------------  ---------------  ---------------


  A.  AREA OF NET SOIL LOSS

      ** Soil Loss (Avg. of Net Detachment Areas) =   74.105 kg/m2 **
      ** Maximum Soil Loss  =  125.975 kg/m2 at   82.30 meters **


      Area of    Soil Loss   Soil Loss   MAX   MAX Loss   MIN   MIN Loss
      Net Loss      MEAN      STDEV      Loss    Point    Loss   Point
        (m)       (kg/m2)     (kg/m2)  (kg/m2)    (m)    (kg/m2)  (m)
------------------------------------------------------------------------
   0.00-  91.44   74.105    36.877    125.975   82.30     3.254     0.91



  C.  SOIL LOSS/DEPOSITION ALONG SLOPE PROFILE

          Profile distances are from top to bottom of hillslope


 distance soil  flow    distance   soil  flow    distance   soil  flow
    (m)   loss  elem       (m)     loss  elem       (m)     loss  elem
         (kg/m2)                  (kg/m2)                  (kg/m2)
------------------------------------------------------------------------

   0.91     3.254  1       32.00    59.661  1       63.09   103.407  1
   1.83     3.287  1       32.92    61.124  1       64.01   104.544  1
   2.74     3.287  1       33.83    62.572  1       64.92   105.674  1
   3.66     3.362  1       34.75    64.007  1       65.84   106.797  1
   4.57     3.969  1       35.66    65.430  1       66.75   107.913  1
   5.49     5.402  1       36.58    66.842  1       67.67   109.023  1
   6.40     7.543  1       37.49    68.242  1       68.58   110.127  1
   7.32    10.220  1       38.40    69.630  1       69.49   111.225  1
   8.23    13.308  1       39.32    71.006  1       70.41   112.316  1
   9.14    16.810  1       40.23    72.371  1       71.32   113.401  1
  10.06    19.644  1       41.15    73.725  1       72.24   114.480  1
  10.97    21.541  1       42.06    75.067  1       73.15   115.553  1
  11.89    23.406  1       42.98    76.398  1       74.07   116.620  1
  12.80    25.249  1       43.89    77.719  1       74.98   117.681  1
  13.72    27.068  1       44.81    79.030  1       75.90   118.736  1
  14.63    28.872  1       45.72    80.331  1       76.81   119.786  1
  15.54    30.659  1       46.63    81.623  1       77.72   120.830  1
  16.46    32.424  1       47.55    82.905  1       78.64   121.870  1
  17.37    34.168  1       48.46    84.178  1       79.55   122.904  1
  18.29    35.895  1       49.38    85.442  1       80.47   123.933  1
  19.20    37.602  1       50.29    86.697  1       81.38   124.957  1
  20.12    39.285  1       51.21    87.944  1       82.30   125.975  1
  21.03    40.943  1       52.12    89.182  1       83.21   124.821  1
  21.95    42.586  1       53.04    90.411  1       84.12   121.416  1
  22.86    44.211  1       53.95    91.632  1       85.04   117.884  1
  23.77    45.820  1       54.86    92.845  1       85.95   114.221  1
  24.69    47.414  1       55.78    94.050  1       86.87   110.420  1
  25.60    48.998  1       56.69    95.247  1       87.78   106.477  1
  26.52    50.568  1       57.61    96.435  1       88.70   102.386  1
  27.43    52.122  1       58.52    97.616  1       89.61    98.140  1
  28.35    53.661  1       59.44    98.789  1       90.53    93.731  1
  29.26    55.185  1       60.35    99.954  1       91.44    89.152  1
  30.18    56.693  1       61.26   101.112  1
  31.09    58.185  1       62.18   102.263  1

note:  (+) soil loss - detachment     (-) soil loss - deposition



III. OFF SITE EFFECTS  OFF SITE EFFECTS  OFF SITE EFFECTS
     ----------------  ----------------  ----------------

     A.  AVERAGE ANNUAL SEDIMENT LEAVING PROFILE
          6776.184   kg/m of width
         33880.920     kg (based on profile width of      5.000      m)
           741.053   t/ha (assuming contributions from     0.046     ha)


     B.  SEDIMENT CHARACTERISTICS AND ENRICHMENT

     Sediment particle information leaving profile
-------------------------------------------------------------------------------
                                 Particle Composition         Detached Fraction
Class  Diameter  Specific  ---------------------------------  Sediment  In Flow
         (mm)    Gravity   % Sand   % Silt   % Clay   % O.M.  Fraction  Exiting
-------------------------------------------------------------------------------
  1     0.002      2.60      0.0      0.0    100.0     16.7     0.078    0.078
  2     0.010      2.65      0.0    100.0      0.0      0.0     0.072    0.072
  3     0.040      1.80      0.0     60.0     40.0      6.7     0.378    0.378
  4     0.600      1.60     48.4     35.2     16.5      2.7     0.430    0.430
  5     0.200      2.65    100.0      0.0      0.0      0.0     0.042    0.042
-------------------------------------------------------------------------------


     Average annual SSA enrichment ratio leaving profile =   1.00
