 Annual; abbreviated (Metric Units)                                     


          USDA WATER EROSION PREDICTION PROJECT
          -------------------------------------

          HILLSLOPE PROFILE AND WATERSHED MODEL
                     VERSION  2010.100
           January 28,      2010


               TO REPORT PROBLEMS OR TO BE PUT ON THE MAILING
               LIST FOR FUTURE WEPP MODEL RELEASES, PLEASE CONTACT:

                    WEPP TECHNICAL SUPPORT
                    USDA-AGRICULTURAL RESEARCH SERVICE
                    NATIONAL SOIL EROSION RESEARCH LABORATORY
                    275 SOUTH RUSSELL STREET
                    WEST LAFAYETTE, IN 47907-2077  USA

                    PHONE: (765) 494-8673
                      FAX: (765) 494-5948
                    email:  wepp@ecn.purdue.edu
                      URL:  http://topsoil.nserl.purdue.edu


     HILLSLOPE INPUT DATA FILES - VERSION  2010.100
      January 28,      2010


    MANAGEMENT: data/high100.man                                  
 MAN. PRACTICE: Forest conditions following a high severity fire            
                using Cropland input format                                 
                W. Elliot 12/96                                             
         SLOPE: ../working/wepp-687.slp                           
       CLIMATE: ../working/wepp-687.cli                           
       Station:  DENVER WB AP CO                                CLIGEN VERSION  4.31
          SOIL: ../working/wepp-687.sol                           
      PLANE  1 ERMiT_h4            silt loam           


     ANNUAL AVERAGE SUMMARIES
     ------------------------


I.   RAINFALL AND RUNOFF SUMMARY
     -------- --- ------ -------

      total summary:  years    1 -  100

      8811 storms produced                        38859.90 mm of precipitation
       522 rain storm runoff events produced       3074.49 mm of runoff
        14 snow melts and/or
             events during winter produced           87.90 mm of runoff

      annual averages
      ---------------

        Number of years                                  100
        Mean annual precipitation                     388.60    mm
        Mean annual runoff from rainfall               30.74    mm
        Mean annual runoff from snow melt
          and/or rain storm during winter               0.88    mm



II.  ON SITE EFFECTS  ON SITE EFFECTS  ON SITE EFFECTS
     ---------------  ---------------  ---------------


  A.  AREA OF NET SOIL LOSS

      ** Soil Loss (Avg. of Net Detachment Areas) =    6.894 kg/m2 **
      ** Maximum Soil Loss  =   11.899 kg/m2 at   91.44 meters **


      Area of    Soil Loss   Soil Loss   MAX   MAX Loss   MIN   MIN Loss
      Net Loss      MEAN      STDEV      Loss    Point    Loss   Point
        (m)       (kg/m2)     (kg/m2)  (kg/m2)    (m)    (kg/m2)  (m)
------------------------------------------------------------------------
   0.00-  91.44    6.894     3.355     11.899   91.44     0.384     0.91



  C.  SOIL LOSS/DEPOSITION ALONG SLOPE PROFILE

          Profile distances are from top to bottom of hillslope


 distance soil  flow    distance   soil  flow    distance   soil  flow
    (m)   loss  elem       (m)     loss  elem       (m)     loss  elem
         (kg/m2)                  (kg/m2)                  (kg/m2)
------------------------------------------------------------------------

   0.91     0.384  1       32.00     5.500  1       63.09     9.190  1
   1.83     0.419  1       32.92     5.625  1       64.01     9.285  1
   2.74     0.531  1       33.83     5.748  1       64.92     9.380  1
   3.66     0.688  1       34.75     5.871  1       65.84     9.474  1
   4.57     0.863  1       35.66     5.992  1       66.75     9.567  1
   5.49     1.044  1       36.58     6.112  1       67.67     9.660  1
   6.40     1.228  1       37.49     6.231  1       68.58     9.752  1
   7.32     1.412  1       38.40     6.349  1       69.49     9.843  1
   8.23     1.595  1       39.32     6.466  1       70.41     9.934  1
   9.14     1.774  1       40.23     6.581  1       71.32    10.025  1
  10.06     1.952  1       41.15     6.696  1       72.24    10.115  1
  10.97     2.130  1       42.06     6.809  1       73.15    10.205  1
  11.89     2.304  1       42.98     6.922  1       74.07    10.294  1
  12.80     2.475  1       43.89     7.033  1       74.98    10.382  1
  13.72     2.641  1       44.81     7.144  1       75.90    10.470  1
  14.63     2.805  1       45.72     7.254  1       76.81    10.558  1
  15.54     2.966  1       46.63     7.363  1       77.72    10.645  1
  16.46     3.124  1       47.55     7.471  1       78.64    10.731  1
  17.37     3.280  1       48.46     7.578  1       79.55    10.818  1
  18.29     3.432  1       49.38     7.684  1       80.47    10.903  1
  19.20     3.584  1       50.29     7.789  1       81.38    10.989  1
  20.12     3.733  1       51.21     7.894  1       82.30    11.073  1
  21.03     3.880  1       52.12     7.998  1       83.21    11.158  1
  21.95     4.025  1       53.04     8.101  1       84.12    11.242  1
  22.86     4.168  1       53.95     8.204  1       85.04    11.325  1
  23.77     4.309  1       54.86     8.306  1       85.95    11.408  1
  24.69     4.448  1       55.78     8.407  1       86.87    11.491  1
  25.60     4.585  1       56.69     8.507  1       87.78    11.573  1
  26.52     4.721  1       57.61     8.607  1       88.70    11.655  1
  27.43     4.855  1       58.52     8.705  1       89.61    11.737  1
  28.35     4.987  1       59.44     8.804  1       90.53    11.818  1
  29.26     5.117  1       60.35     8.901  1       91.44    11.899  1
  30.18     5.246  1       61.26     8.998  1
  31.09     5.374  1       62.18     9.095  1

note:  (+) soil loss - detachment     (-) soil loss - deposition



III. OFF SITE EFFECTS  OFF SITE EFFECTS  OFF SITE EFFECTS
     ----------------  ----------------  ----------------

     A.  AVERAGE ANNUAL SEDIMENT LEAVING PROFILE
           630.409   kg/m of width
          3152.046     kg (based on profile width of      5.000      m)
            68.942   t/ha (assuming contributions from     0.046     ha)


     B.  SEDIMENT CHARACTERISTICS AND ENRICHMENT

     Sediment particle information leaving profile
-------------------------------------------------------------------------------
                                 Particle Composition         Detached Fraction
Class  Diameter  Specific  ---------------------------------  Sediment  In Flow
         (mm)    Gravity   % Sand   % Silt   % Clay   % O.M.  Fraction  Exiting
-------------------------------------------------------------------------------
  1     0.002      2.60      0.0      0.0    100.0     33.3     0.039    0.039
  2     0.010      2.65      0.0    100.0      0.0      0.0     0.330    0.330
  3     0.030      1.80      0.0     80.0     20.0      6.7     0.270    0.270
  4     0.300      1.60     55.6     21.6     22.8      7.6     0.250    0.250
  5     0.200      2.65    100.0      0.0      0.0      0.0     0.111    0.111
-------------------------------------------------------------------------------


     Average annual SSA enrichment ratio leaving profile =   1.00
