 Annual; abbreviated (Metric Units)                                     


          USDA WATER EROSION PREDICTION PROJECT
          -------------------------------------

          HILLSLOPE PROFILE AND WATERSHED MODEL
                     VERSION  2010.100
           January 28,      2010


               TO REPORT PROBLEMS OR TO BE PUT ON THE MAILING
               LIST FOR FUTURE WEPP MODEL RELEASES, PLEASE CONTACT:

                    WEPP TECHNICAL SUPPORT
                    USDA-AGRICULTURAL RESEARCH SERVICE
                    NATIONAL SOIL EROSION RESEARCH LABORATORY
                    275 SOUTH RUSSELL STREET
                    WEST LAFAYETTE, IN 47907-2077  USA

                    PHONE: (765) 494-8673
                      FAX: (765) 494-5948
                    email:  wepp@ecn.purdue.edu
                      URL:  http://topsoil.nserl.purdue.edu


     HILLSLOPE INPUT DATA FILES - VERSION  2010.100
      January 28,      2010


    MANAGEMENT: data/3outrut.man                                  
 MAN. PRACTICE: Road Section for water to follow ruts, and release over     
                fill-slope to a forest for deposition                       
                W. Elliot & H. Rhee 1/99  USDA Forest Service               
         SLOPE: ../working/wepp-1113.slp                          
       CLIMATE: ../working/wepp-1113.cli                          
       Station:  DENVER WB AP CO                                CLIGEN VERSION  4.31
          SOIL: ../working/wepp-1113.sol                          
      PLANE  1 Road                sandy loam          
      PLANE  2 Fill                sandy loam          
      PLANE  3 Forest              sandy loam          


     ANNUAL AVERAGE SUMMARIES
     ------------------------


I.   RAINFALL AND RUNOFF SUMMARY
     -------- --- ------ -------

      total summary:  years    1 -   50

      4379 storms produced                        19054.10 mm of precipitation
       287 rain storm runoff events produced        468.54 mm of runoff
         9 snow melts and/or
             events during winter produced           18.81 mm of runoff

      annual averages
      ---------------

        Number of years                                   50
        Mean annual precipitation                     381.08    mm
        Mean annual runoff from rainfall                9.37    mm
        Mean annual runoff from snow melt
          and/or rain storm during winter               0.38    mm



II.  ON SITE EFFECTS  ON SITE EFFECTS  ON SITE EFFECTS
     ---------------  ---------------  ---------------


  A.  AREA OF NET SOIL LOSS

      ** Soil Loss (Avg. of Net Detachment Areas) =    0.516 kg/m2 **
      ** Maximum Soil Loss  =    2.809 kg/m2 at   61.23 meters **


      Area of    Soil Loss   Soil Loss   MAX   MAX Loss   MIN   MIN Loss
      Net Loss      MEAN      STDEV      Loss    Point    Loss   Point
        (m)       (kg/m2)     (kg/m2)  (kg/m2)    (m)    (kg/m2)  (m)
------------------------------------------------------------------------
   0.00-  65.53    0.518     1.492      2.809   61.23     0.170    61.01
  65.65-  65.89    0.018     0.018      0.031   65.77     0.005    65.89

  B.  AREA OF SOIL DEPOSITION

      ** Soil Deposition (Avg. of Net Deposition Areas) =    -1.299 kg/m2 **
      ** Maximum Soil Deposition  =    -3.547 kg/m2 at   68.26 meters **

      Area of    Soil Dep   Soil Dep     MAX    MAX Dep   MIN   MIN Dep
      Net Dep       MEAN     STDEV       Dep     Point    Dep    Point
        (m)       (kg/m2)    (kg/m2)   (kg/m2)    (m)    (kg/m2)  (m)
------------------------------------------------------------------------
  65.53-  65.65   -0.054     0.000     -0.054   65.65    -0.054    65.65
  65.89-  77.42   -1.312     0.801     -3.547   68.26    -0.090    66.01

      Single Point     Single Point
       Soil Area          Dep
         (m)             (kg/m2/)
      ------------------------------
        65.65            -0.054



  C.  SOIL LOSS/DEPOSITION ALONG SLOPE PROFILE

          Profile distances are from top to bottom of hillslope


 distance soil  flow    distance   soil  flow    distance   soil  flow
    (m)   loss  elem       (m)     loss  elem       (m)     loss  elem
         (kg/m2)                  (kg/m2)                  (kg/m2)
------------------------------------------------------------------------

   0.61     0.191  1       61.01     0.170  2       65.65    -0.054  3
   1.22     0.191  1       61.05     0.791  2       65.77     0.031  3
   1.83     0.191  1       61.10     1.398  2       65.89     0.005  3
   2.44     0.191  1       61.14     1.986  2       66.01    -0.090  3
   3.05     0.191  1       61.19     2.543  2       66.12    -0.382  3
   3.66     0.191  1       61.23     2.809  2       66.24    -0.564  3
   4.27     0.191  1       61.28     2.805  2       66.36    -0.674  3
   4.88     0.191  1       61.33     2.802  2       66.48    -1.080  3
   5.49     0.192  1       61.37     2.799  2       66.60    -1.527  3
   6.10     0.193  1       61.42     2.795  2       66.72    -1.263  3
   6.71     0.195  1       61.46     2.785  2       66.84    -1.710  3
   7.32     0.196  1       61.51     2.744  2       66.96    -2.422  3
   7.92     0.198  1       61.55     2.775  2       67.08    -1.975  3
   8.53     0.200  1       61.60     2.779  2       67.19    -2.277  3
   9.14     0.202  1       61.65     2.770  2       67.31    -2.298  3
   9.75     0.204  1       61.69     2.770  2       67.43    -2.164  3
  10.36     0.207  1       61.74     2.766  2       67.55    -1.886  3
  10.97     0.210  1       61.78     2.745  2       67.67    -2.362  3
  11.58     0.214  1       61.83     2.721  2       67.79    -2.669  3
  12.19     0.217  1       61.87     2.762  2       67.91    -2.824  3
  12.80     0.221  1       61.92     2.730  2       68.03    -3.215  3
  13.41     0.224  1       61.97     2.744  2       68.15    -2.812  3
  14.02     0.228  1       62.01     2.733  2       68.26    -3.547  3
  14.63     0.232  1       62.06     2.718  2       68.38    -3.036  3
  15.24     0.236  1       62.10     2.744  2       68.50    -3.017  3
  15.85     0.241  1       62.15     2.742  2       68.62    -3.203  3
  16.46     0.245  1       62.19     2.677  2       68.74    -2.847  3
  17.07     0.249  1       62.24     2.733  2       68.86    -2.388  3
  17.68     0.253  1       62.29     2.732  2       68.98    -2.473  3
  18.29     0.258  1       62.33     2.729  2       69.10    -2.727  3
  18.90     0.262  1       62.38     2.726  2       69.22    -2.077  3
  19.51     0.267  1       62.42     2.722  2       69.33    -1.989  3
  20.12     0.271  1       62.47     2.719  2       69.45    -1.754  3
  20.73     0.276  1       62.51     2.716  2       69.57    -1.933  3
  21.34     0.280  1       62.56     2.712  2       69.69    -2.140  3
  21.95     0.285  1       62.61     2.667  2       69.81    -2.398  3
  22.56     0.289  1       62.65     2.706  2       69.93    -1.920  3
  23.16     0.294  1       62.70     2.702  2       70.05    -1.525  3
  23.77     0.299  1       62.74     2.699  2       70.17    -1.714  3
  24.38     0.303  1       62.79     2.696  2       70.29    -1.569  3
  24.99     0.308  1       62.83     2.692  2       70.40    -1.214  3
  25.60     0.313  1       62.88     2.689  2       70.52    -1.055  3
  26.21     0.318  1       62.93     2.686  2       70.64    -1.124  3
  26.82     0.323  1       62.97     2.682  2       70.76    -1.213  3
  27.43     0.327  1       63.02     2.679  2       70.88    -1.205  3
  28.04     0.332  1       63.06     2.665  2       71.00    -1.143  3
  28.65     0.337  1       63.11     2.671  2       71.12    -1.128  3
  29.26     0.342  1       63.15     2.669  2       71.24    -0.931  3
  29.87     0.347  1       63.20     2.666  2       71.36    -0.968  3
  30.48     0.352  1       63.25     2.662  2       71.47    -1.009  3
  31.09     0.356  1       63.29     2.659  2       71.59    -1.055  3
  31.70     0.361  1       63.34     2.656  2       71.71    -1.111  3
  32.31     0.366  1       63.38     2.652  2       71.83    -1.118  3
  32.92     0.371  1       63.43     2.649  2       71.95    -0.935  3
  33.53     0.376  1       63.47     2.646  2       72.07    -0.870  3
  34.14     0.381  1       63.52     2.642  2       72.19    -0.864  3
  34.75     0.386  1       63.56     2.639  2       72.31    -0.861  3
  35.36     0.391  1       63.61     2.636  2       72.43    -0.658  3
  35.97     0.396  1       63.66     2.632  2       72.55    -0.612  3
  36.58     0.402  1       63.70     2.629  2       72.66    -0.622  3
  37.19     0.407  1       63.75     2.626  2       72.78    -0.584  3
  37.80     0.412  1       63.79     2.622  2       72.90    -0.566  3
  38.40     0.417  1       63.84     2.619  2       73.02    -0.575  3
  39.01     0.422  1       63.88     2.616  2       73.14    -0.584  3
  39.62     0.427  1       63.93     2.612  2       73.26    -0.592  3
  40.23     0.432  1       63.98     2.609  2       73.38    -0.601  3
  40.84     0.437  1       64.02     2.606  2       73.50    -0.610  3
  41.45     0.442  1       64.07     2.602  2       73.62    -0.619  3
  42.06     0.447  1       64.11     2.599  2       73.73    -0.642  3
  42.67     0.452  1       64.16     2.596  2       73.85    -0.642  3
  43.28     0.457  1       64.20     2.593  2       73.97    -0.655  3
  43.89     0.462  1       64.25     2.589  2       74.09    -0.668  3
  44.50     0.466  1       64.30     2.586  2       74.21    -0.680  3
  45.11     0.471  1       64.34     2.583  2       74.33    -0.692  3
  45.72     0.476  1       64.39     2.579  2       74.45    -0.703  3
  46.33     0.481  1       64.43     2.576  2       74.57    -0.714  3
  46.94     0.486  1       64.48     2.573  2       74.69    -0.712  3
  47.55     0.490  1       64.52     2.569  2       74.80    -0.668  3
  48.16     0.495  1       64.57     2.566  2       74.92    -0.678  3
  48.77     0.500  1       64.62     2.563  2       75.04    -0.688  3
  49.38     0.504  1       64.66     2.560  2       75.16    -0.698  3
  49.99     0.509  1       64.71     2.556  2       75.28    -0.708  3
  50.60     0.514  1       64.75     2.553  2       75.40    -0.718  3
  51.21     0.518  1       64.80     2.550  2       75.52    -0.728  3
  51.82     0.523  1       64.84     2.546  2       75.64    -0.740  3
  52.43     0.527  1       64.89     2.543  2       75.76    -0.752  3
  53.04     0.532  1       64.94     2.540  2       75.87    -0.765  3
  53.64     0.536  1       64.98     2.536  2       75.99    -0.779  3
  54.25     0.541  1       65.03     2.533  2       76.11    -0.793  3
  54.86     0.545  1       65.07     2.530  2       76.23    -0.808  3
  55.47     0.549  1       65.12     2.526  2       76.35    -0.825  3
  56.08     0.554  1       65.16     2.523  2       76.47    -0.843  3
  56.69     0.558  1       65.21     2.520  2       76.59    -0.864  3
  57.30     0.562  1       65.26     2.517  2       76.71    -0.888  3
  57.91     0.567  1       65.30     2.514  2       76.83    -0.917  3
  58.52     0.571  1       65.35     2.511  2       76.94    -0.954  3
  59.13     0.575  1       65.39     2.506  2       77.06    -1.005  3
  59.74     0.580  1       65.44     2.502  2       77.18    -1.085  3
  60.35     0.584  1       65.48     2.490  2       77.30    -1.246  3
  60.96     0.588  1       65.53     2.433  2       77.42    -2.105  3

note:  (+) soil loss - detachment     (-) soil loss - deposition



III. OFF SITE EFFECTS  OFF SITE EFFECTS  OFF SITE EFFECTS
     ----------------  ----------------  ----------------

     A.  AVERAGE ANNUAL SEDIMENT LEAVING PROFILE
            18.790   kg/m of width
            74.410     kg (based on profile width of      3.960      m)
             2.427   t/ha (assuming contributions from     0.031     ha)


     B.  SEDIMENT CHARACTERISTICS AND ENRICHMENT

     Sediment particle information leaving profile
-------------------------------------------------------------------------------
                                 Particle Composition         Detached Fraction
Class  Diameter  Specific  ---------------------------------  Sediment  In Flow
         (mm)    Gravity   % Sand   % Silt   % Clay   % O.M.  Fraction  Exiting
-------------------------------------------------------------------------------
  1     0.002      2.60      0.0      0.0    100.0    160.0     0.013    0.017
  2     0.010      2.65      0.0    100.0      0.0      0.0     0.260    0.313
  3     0.030      1.80      0.0     87.5     12.5     20.0     0.090    0.109
  4     0.300      1.60     78.6      6.5     14.9     23.9     0.173    0.187
  5     0.200      2.65    100.0      0.0      0.0      0.0     0.464    0.374
-------------------------------------------------------------------------------


     Average annual SSA enrichment ratio leaving profile =   1.17
