 Annual; detailed (Metric Units)                                        


          USDA WATER EROSION PREDICTION PROJECT
          -------------------------------------

          HILLSLOPE PROFILE AND WATERSHED MODEL
                     VERSION  2010.100
           January 28,      2010


               TO REPORT PROBLEMS OR TO BE PUT ON THE MAILING
               LIST FOR FUTURE WEPP MODEL RELEASES, PLEASE CONTACT:

                    WEPP TECHNICAL SUPPORT
                    USDA-AGRICULTURAL RESEARCH SERVICE
                    NATIONAL SOIL EROSION RESEARCH LABORATORY
                    275 SOUTH RUSSELL STREET
                    WEST LAFAYETTE, IN 47907-2077  USA

                    PHONE: (765) 494-8673
                      FAX: (765) 494-5948
                    email:  wepp@ecn.purdue.edu
                      URL:  http://topsoil.nserl.purdue.edu


     HILLSLOPE INPUT DATA FILES - VERSION  2010.100
      January 28,      2010


    MANAGEMENT: ../working/wepp-1423.man                          
 MAN. PRACTICE: Two OFEs for forest conditions                              
                W. Elliot 02/99                                             
                                                                            
         SLOPE: ../working/wepp-1423.slp                          
       CLIMATE: ../working/wepp-1423.cli                          
       Station:  FLAGSTAFF WB AP AZ                             CLIGEN VERSION  4.31
          SOIL: ../working/wepp-1423.sol                          
      PLANE  1 SHORT               silt loam           
      PLANE  2 SHORT               silt loam           


     HILLSLOPE 1 YEARLY SUMMARY FOR    1
     ----------------------------------


I.   RAINFALL AND RUNOFF SUMMARY
     -------- --- ------ -------

      year:      1

         Rainfall         Storm Runoff        Melt Runoff
      events   amount   events   amount     events  amount
                (mm)              (mm)               (mm)

        90     660.30       0       0.00       0       0.00


II.  ON SITE EFFECTS  ON SITE EFFECTS  ON SITE EFFECTS
     ---------------  ---------------  ---------------




  C.  SOIL LOSS/DEPOSITION ALONG SLOPE PROFILE

          Profile distances are from top to bottom of hillslope


 distance soil  flow    distance   soil  flow    distance   soil  flow
    (m)   loss  elem       (m)     loss  elem       (m)     loss  elem
         (kg/m2)                  (kg/m2)                  (kg/m2)
------------------------------------------------------------------------

   0.15     0.000  1       10.36     0.000  1       20.57     0.000  2
   0.30     0.000  1       10.52     0.000  1       20.73     0.000  2
   0.46     0.000  1       10.67     0.000  1       20.88     0.000  2
   0.61     0.000  1       10.82     0.000  1       21.03     0.000  2
   0.76     0.000  1       10.97     0.000  1       21.18     0.000  2
   0.91     0.000  1       11.13     0.000  1       21.34     0.000  2
   1.07     0.000  1       11.28     0.000  1       21.49     0.000  2
   1.22     0.000  1       11.43     0.000  1       21.64     0.000  2
   1.37     0.000  1       11.58     0.000  1       21.79     0.000  2
   1.52     0.000  1       11.73     0.000  1       21.95     0.000  2
   1.68     0.000  1       11.89     0.000  1       22.10     0.000  2
   1.83     0.000  1       12.04     0.000  1       22.25     0.000  2
   1.98     0.000  1       12.19     0.000  1       22.40     0.000  2
   2.13     0.000  1       12.34     0.000  1       22.56     0.000  2
   2.29     0.000  1       12.50     0.000  1       22.71     0.000  2
   2.44     0.000  1       12.65     0.000  1       22.86     0.000  2
   2.59     0.000  1       12.80     0.000  1       23.01     0.000  2
   2.74     0.000  1       12.95     0.000  1       23.16     0.000  2
   2.90     0.000  1       13.11     0.000  1       23.32     0.000  2
   3.05     0.000  1       13.26     0.000  1       23.47     0.000  2
   3.20     0.000  1       13.41     0.000  1       23.62     0.000  2
   3.35     0.000  1       13.56     0.000  1       23.77     0.000  2
   3.51     0.000  1       13.72     0.000  1       23.93     0.000  2
   3.66     0.000  1       13.87     0.000  1       24.08     0.000  2
   3.81     0.000  1       14.02     0.000  1       24.23     0.000  2
   3.96     0.000  1       14.17     0.000  1       24.38     0.000  2
   4.11     0.000  1       14.33     0.000  1       24.54     0.000  2
   4.27     0.000  1       14.48     0.000  1       24.69     0.000  2
   4.42     0.000  1       14.63     0.000  1       24.84     0.000  2
   4.57     0.000  1       14.78     0.000  1       24.99     0.000  2
   4.72     0.000  1       14.94     0.000  1       25.15     0.000  2
   4.88     0.000  1       15.09     0.000  1       25.30     0.000  2
   5.03     0.000  1       15.24     0.000  1       25.45     0.000  2
   5.18     0.000  1       15.39     0.000  2       25.60     0.000  2
   5.33     0.000  1       15.54     0.000  2       25.76     0.000  2
   5.49     0.000  1       15.70     0.000  2       25.91     0.000  2
   5.64     0.000  1       15.85     0.000  2       26.06     0.000  2
   5.79     0.000  1       16.00     0.000  2       26.21     0.000  2
   5.94     0.000  1       16.15     0.000  2       26.37     0.000  2
   6.10     0.000  1       16.31     0.000  2       26.52     0.000  2
   6.25     0.000  1       16.46     0.000  2       26.67     0.000  2
   6.40     0.000  1       16.61     0.000  2       26.82     0.000  2
   6.55     0.000  1       16.76     0.000  2       26.97     0.000  2
   6.71     0.000  1       16.92     0.000  2       27.13     0.000  2
   6.86     0.000  1       17.07     0.000  2       27.28     0.000  2
   7.01     0.000  1       17.22     0.000  2       27.43     0.000  2
   7.16     0.000  1       17.37     0.000  2       27.58     0.000  2
   7.32     0.000  1       17.53     0.000  2       27.74     0.000  2
   7.47     0.000  1       17.68     0.000  2       27.89     0.000  2
   7.62     0.000  1       17.83     0.000  2       28.04     0.000  2
   7.77     0.000  1       17.98     0.000  2       28.19     0.000  2
   7.92     0.000  1       18.14     0.000  2       28.35     0.000  2
   8.08     0.000  1       18.29     0.000  2       28.50     0.000  2
   8.23     0.000  1       18.44     0.000  2       28.65     0.000  2
   8.38     0.000  1       18.59     0.000  2       28.80     0.000  2
   8.53     0.000  1       18.75     0.000  2       28.96     0.000  2
   8.69     0.000  1       18.90     0.000  2       29.11     0.000  2
   8.84     0.000  1       19.05     0.000  2       29.26     0.000  2
   8.99     0.000  1       19.20     0.000  2       29.41     0.000  2
   9.14     0.000  1       19.35     0.000  2       29.57     0.000  2
   9.30     0.000  1       19.51     0.000  2       29.72     0.000  2
   9.45     0.000  1       19.66     0.000  2       29.87     0.000  2
   9.60     0.000  1       19.81     0.000  2       30.02     0.000  2
   9.75     0.000  1       19.96     0.000  2       30.18     0.000  2
   9.91     0.000  1       20.12     0.000  2       30.33     0.000  2
  10.06     0.000  1       20.27     0.000  2       30.48     0.000  2
  10.21     0.000  1       20.42     0.000  2

note:  (+) soil loss - detachment     (-) soil loss - deposition



III. OFF SITE EFFECTS  OFF SITE EFFECTS  OFF SITE EFFECTS
     ----------------  ----------------  ----------------

     A.  SEDIMENT LEAVING PROFILE for year    1     0.000 kg/m



     B.  SEDIMENT CHARACTERISTICS AND ENRICHMENT

     Sediment particle information leaving profile
-------------------------------------------------------------------------------
                                 Particle Composition         Detached Fraction
Class  Diameter  Specific  ---------------------------------  Sediment  In Flow
         (mm)    Gravity   % Sand   % Silt   % Clay   % O.M.  Fraction  Exiting
-------------------------------------------------------------------------------
  1     0.002      2.60      0.0      0.0    100.0     33.3     0.039    0.000
  2     0.010      2.65      0.0    100.0      0.0      0.0     0.330    0.000
  3     0.030      1.80      0.0     80.0     20.0      6.7     0.270    0.000
  4     0.300      1.60     55.6     21.6     22.8      7.6     0.250    0.000
  5     0.200      2.65    100.0      0.0      0.0      0.0     0.111    0.000
-------------------------------------------------------------------------------


     Weighted SSA enrichment ratio leaving profile for year    1 =   0.00


     HILLSLOPE 1 YEARLY SUMMARY FOR    2
     ----------------------------------


I.   RAINFALL AND RUNOFF SUMMARY
     -------- --- ------ -------

      year:      2

         Rainfall         Storm Runoff        Melt Runoff
      events   amount   events   amount     events  amount
                (mm)              (mm)               (mm)

        72     645.10       2       3.06       0       0.00


II.  ON SITE EFFECTS  ON SITE EFFECTS  ON SITE EFFECTS
     ---------------  ---------------  ---------------


  A.  AREA OF NET SOIL LOSS

      ** Soil Loss (Avg. of Net Detachment Areas) =    0.015 kg/m2 **
      ** Maximum Soil Loss  =    0.017 kg/m2 at   15.24 meters **


      Area of    Soil Loss   Soil Loss   MAX   MAX Loss   MIN   MIN Loss
      Net Loss      MEAN      STDEV      Loss    Point    Loss   Point
        (m)       (kg/m2)     (kg/m2)  (kg/m2)    (m)    (kg/m2)  (m)
------------------------------------------------------------------------
   0.00-  30.48    0.015     0.001      0.017   15.24     0.013    15.39



  C.  SOIL LOSS/DEPOSITION ALONG SLOPE PROFILE

          Profile distances are from top to bottom of hillslope


 distance soil  flow    distance   soil  flow    distance   soil  flow
    (m)   loss  elem       (m)     loss  elem       (m)     loss  elem
         (kg/m2)                  (kg/m2)                  (kg/m2)
------------------------------------------------------------------------

   0.15     0.015  1       10.36     0.016  1       20.57     0.015  2
   0.30     0.015  1       10.52     0.016  1       20.73     0.015  2
   0.46     0.015  1       10.67     0.016  1       20.88     0.015  2
   0.61     0.015  1       10.82     0.016  1       21.03     0.015  2
   0.76     0.015  1       10.97     0.016  1       21.18     0.015  2
   0.91     0.015  1       11.13     0.016  1       21.34     0.015  2
   1.07     0.015  1       11.28     0.016  1       21.49     0.015  2
   1.22     0.015  1       11.43     0.016  1       21.64     0.015  2
   1.37     0.015  1       11.58     0.016  1       21.79     0.015  2
   1.52     0.015  1       11.73     0.016  1       21.95     0.015  2
   1.68     0.015  1       11.89     0.016  1       22.10     0.015  2
   1.83     0.015  1       12.04     0.016  1       22.25     0.015  2
   1.98     0.015  1       12.19     0.016  1       22.40     0.015  2
   2.13     0.015  1       12.34     0.016  1       22.56     0.015  2
   2.29     0.015  1       12.50     0.016  1       22.71     0.015  2
   2.44     0.015  1       12.65     0.017  1       22.86     0.015  2
   2.59     0.015  1       12.80     0.017  1       23.01     0.015  2
   2.74     0.015  1       12.95     0.017  1       23.16     0.015  2
   2.90     0.015  1       13.11     0.017  1       23.32     0.015  2
   3.05     0.015  1       13.26     0.017  1       23.47     0.015  2
   3.20     0.015  1       13.41     0.017  1       23.62     0.015  2
   3.35     0.015  1       13.56     0.017  1       23.77     0.015  2
   3.51     0.015  1       13.72     0.017  1       23.93     0.015  2
   3.66     0.015  1       13.87     0.017  1       24.08     0.015  2
   3.81     0.015  1       14.02     0.017  1       24.23     0.015  2
   3.96     0.015  1       14.17     0.017  1       24.38     0.015  2
   4.11     0.015  1       14.33     0.017  1       24.54     0.015  2
   4.27     0.015  1       14.48     0.017  1       24.69     0.015  2
   4.42     0.015  1       14.63     0.017  1       24.84     0.015  2
   4.57     0.015  1       14.78     0.017  1       24.99     0.015  2
   4.72     0.015  1       14.94     0.017  1       25.15     0.015  2
   4.88     0.015  1       15.09     0.017  1       25.30     0.015  2
   5.03     0.015  1       15.24     0.017  1       25.45     0.015  2
   5.18     0.015  1       15.39     0.013  2       25.60     0.015  2
   5.33     0.015  1       15.54     0.014  2       25.76     0.015  2
   5.49     0.015  1       15.70     0.014  2       25.91     0.015  2
   5.64     0.015  1       15.85     0.014  2       26.06     0.015  2
   5.79     0.015  1       16.00     0.014  2       26.21     0.016  2
   5.94     0.015  1       16.15     0.014  2       26.37     0.016  2
   6.10     0.015  1       16.31     0.014  2       26.52     0.016  2
   6.25     0.015  1       16.46     0.014  2       26.67     0.016  2
   6.40     0.015  1       16.61     0.014  2       26.82     0.016  2
   6.55     0.015  1       16.76     0.014  2       26.97     0.016  2
   6.71     0.015  1       16.92     0.014  2       27.13     0.016  2
   6.86     0.015  1       17.07     0.014  2       27.28     0.016  2
   7.01     0.015  1       17.22     0.014  2       27.43     0.016  2
   7.16     0.015  1       17.37     0.014  2       27.58     0.016  2
   7.32     0.015  1       17.53     0.014  2       27.74     0.016  2
   7.47     0.015  1       17.68     0.014  2       27.89     0.016  2
   7.62     0.015  1       17.83     0.014  2       28.04     0.016  2
   7.77     0.015  1       17.98     0.014  2       28.19     0.016  2
   7.92     0.015  1       18.14     0.014  2       28.35     0.016  2
   8.08     0.015  1       18.29     0.014  2       28.50     0.016  2
   8.23     0.015  1       18.44     0.014  2       28.65     0.016  2
   8.38     0.015  1       18.59     0.014  2       28.80     0.016  2
   8.53     0.015  1       18.75     0.014  2       28.96     0.016  2
   8.69     0.015  1       18.90     0.014  2       29.11     0.016  2
   8.84     0.015  1       19.05     0.014  2       29.26     0.016  2
   8.99     0.015  1       19.20     0.014  2       29.41     0.016  2
   9.14     0.015  1       19.35     0.014  2       29.57     0.016  2
   9.30     0.016  1       19.51     0.014  2       29.72     0.016  2
   9.45     0.016  1       19.66     0.014  2       29.87     0.016  2
   9.60     0.016  1       19.81     0.014  2       30.02     0.016  2
   9.75     0.016  1       19.96     0.014  2       30.18     0.016  2
   9.91     0.016  1       20.12     0.014  2       30.33     0.016  2
  10.06     0.016  1       20.27     0.014  2       30.48     0.016  2
  10.21     0.016  1       20.42     0.015  2

note:  (+) soil loss - detachment     (-) soil loss - deposition



III. OFF SITE EFFECTS  OFF SITE EFFECTS  OFF SITE EFFECTS
     ----------------  ----------------  ----------------

     A.  SEDIMENT LEAVING PROFILE for year    2     0.464 kg/m



     B.  SEDIMENT CHARACTERISTICS AND ENRICHMENT

     Sediment particle information leaving profile
-------------------------------------------------------------------------------
                                 Particle Composition         Detached Fraction
Class  Diameter  Specific  ---------------------------------  Sediment  In Flow
         (mm)    Gravity   % Sand   % Silt   % Clay   % O.M.  Fraction  Exiting
-------------------------------------------------------------------------------
  1     0.002      2.60      0.0      0.0    100.0     33.3     0.039    0.042
  2     0.010      2.65      0.0    100.0      0.0      0.0     0.330    0.352
  3     0.030      1.80      0.0     80.0     20.0      6.7     0.270    0.288
  4     0.300      1.60     55.6     21.6     22.8      7.6     0.250    0.220
  5     0.200      2.65    100.0      0.0      0.0      0.0     0.111    0.098
-------------------------------------------------------------------------------


     Weighted SSA enrichment ratio leaving profile for year    2 =   1.00


     HILLSLOPE 1 YEARLY SUMMARY FOR    3
     ----------------------------------


I.   RAINFALL AND RUNOFF SUMMARY
     -------- --- ------ -------

      year:      3

         Rainfall         Storm Runoff        Melt Runoff
      events   amount   events   amount     events  amount
                (mm)              (mm)               (mm)

        75     472.10       0       0.00       0       0.00


II.  ON SITE EFFECTS  ON SITE EFFECTS  ON SITE EFFECTS
     ---------------  ---------------  ---------------




  C.  SOIL LOSS/DEPOSITION ALONG SLOPE PROFILE

          Profile distances are from top to bottom of hillslope


 distance soil  flow    distance   soil  flow    distance   soil  flow
    (m)   loss  elem       (m)     loss  elem       (m)     loss  elem
         (kg/m2)                  (kg/m2)                  (kg/m2)
------------------------------------------------------------------------

   0.15     0.000  1       10.36     0.000  1       20.57     0.000  2
   0.30     0.000  1       10.52     0.000  1       20.73     0.000  2
   0.46     0.000  1       10.67     0.000  1       20.88     0.000  2
   0.61     0.000  1       10.82     0.000  1       21.03     0.000  2
   0.76     0.000  1       10.97     0.000  1       21.18     0.000  2
   0.91     0.000  1       11.13     0.000  1       21.34     0.000  2
   1.07     0.000  1       11.28     0.000  1       21.49     0.000  2
   1.22     0.000  1       11.43     0.000  1       21.64     0.000  2
   1.37     0.000  1       11.58     0.000  1       21.79     0.000  2
   1.52     0.000  1       11.73     0.000  1       21.95     0.000  2
   1.68     0.000  1       11.89     0.000  1       22.10     0.000  2
   1.83     0.000  1       12.04     0.000  1       22.25     0.000  2
   1.98     0.000  1       12.19     0.000  1       22.40     0.000  2
   2.13     0.000  1       12.34     0.000  1       22.56     0.000  2
   2.29     0.000  1       12.50     0.000  1       22.71     0.000  2
   2.44     0.000  1       12.65     0.000  1       22.86     0.000  2
   2.59     0.000  1       12.80     0.000  1       23.01     0.000  2
   2.74     0.000  1       12.95     0.000  1       23.16     0.000  2
   2.90     0.000  1       13.11     0.000  1       23.32     0.000  2
   3.05     0.000  1       13.26     0.000  1       23.47     0.000  2
   3.20     0.000  1       13.41     0.000  1       23.62     0.000  2
   3.35     0.000  1       13.56     0.000  1       23.77     0.000  2
   3.51     0.000  1       13.72     0.000  1       23.93     0.000  2
   3.66     0.000  1       13.87     0.000  1       24.08     0.000  2
   3.81     0.000  1       14.02     0.000  1       24.23     0.000  2
   3.96     0.000  1       14.17     0.000  1       24.38     0.000  2
   4.11     0.000  1       14.33     0.000  1       24.54     0.000  2
   4.27     0.000  1       14.48     0.000  1       24.69     0.000  2
   4.42     0.000  1       14.63     0.000  1       24.84     0.000  2
   4.57     0.000  1       14.78     0.000  1       24.99     0.000  2
   4.72     0.000  1       14.94     0.000  1       25.15     0.000  2
   4.88     0.000  1       15.09     0.000  1       25.30     0.000  2
   5.03     0.000  1       15.24     0.000  1       25.45     0.000  2
   5.18     0.000  1       15.39     0.000  2       25.60     0.000  2
   5.33     0.000  1       15.54     0.000  2       25.76     0.000  2
   5.49     0.000  1       15.70     0.000  2       25.91     0.000  2
   5.64     0.000  1       15.85     0.000  2       26.06     0.000  2
   5.79     0.000  1       16.00     0.000  2       26.21     0.000  2
   5.94     0.000  1       16.15     0.000  2       26.37     0.000  2
   6.10     0.000  1       16.31     0.000  2       26.52     0.000  2
   6.25     0.000  1       16.46     0.000  2       26.67     0.000  2
   6.40     0.000  1       16.61     0.000  2       26.82     0.000  2
   6.55     0.000  1       16.76     0.000  2       26.97     0.000  2
   6.71     0.000  1       16.92     0.000  2       27.13     0.000  2
   6.86     0.000  1       17.07     0.000  2       27.28     0.000  2
   7.01     0.000  1       17.22     0.000  2       27.43     0.000  2
   7.16     0.000  1       17.37     0.000  2       27.58     0.000  2
   7.32     0.000  1       17.53     0.000  2       27.74     0.000  2
   7.47     0.000  1       17.68     0.000  2       27.89     0.000  2
   7.62     0.000  1       17.83     0.000  2       28.04     0.000  2
   7.77     0.000  1       17.98     0.000  2       28.19     0.000  2
   7.92     0.000  1       18.14     0.000  2       28.35     0.000  2
   8.08     0.000  1       18.29     0.000  2       28.50     0.000  2
   8.23     0.000  1       18.44     0.000  2       28.65     0.000  2
   8.38     0.000  1       18.59     0.000  2       28.80     0.000  2
   8.53     0.000  1       18.75     0.000  2       28.96     0.000  2
   8.69     0.000  1       18.90     0.000  2       29.11     0.000  2
   8.84     0.000  1       19.05     0.000  2       29.26     0.000  2
   8.99     0.000  1       19.20     0.000  2       29.41     0.000  2
   9.14     0.000  1       19.35     0.000  2       29.57     0.000  2
   9.30     0.000  1       19.51     0.000  2       29.72     0.000  2
   9.45     0.000  1       19.66     0.000  2       29.87     0.000  2
   9.60     0.000  1       19.81     0.000  2       30.02     0.000  2
   9.75     0.000  1       19.96     0.000  2       30.18     0.000  2
   9.91     0.000  1       20.12     0.000  2       30.33     0.000  2
  10.06     0.000  1       20.27     0.000  2       30.48     0.000  2
  10.21     0.000  1       20.42     0.000  2

note:  (+) soil loss - detachment     (-) soil loss - deposition



III. OFF SITE EFFECTS  OFF SITE EFFECTS  OFF SITE EFFECTS
     ----------------  ----------------  ----------------

     A.  SEDIMENT LEAVING PROFILE for year    3     0.000 kg/m



     B.  SEDIMENT CHARACTERISTICS AND ENRICHMENT

     Sediment particle information leaving profile
-------------------------------------------------------------------------------
                                 Particle Composition         Detached Fraction
Class  Diameter  Specific  ---------------------------------  Sediment  In Flow
         (mm)    Gravity   % Sand   % Silt   % Clay   % O.M.  Fraction  Exiting
-------------------------------------------------------------------------------
  1     0.002      2.60      0.0      0.0    100.0     33.3     0.039    0.000
  2     0.010      2.65      0.0    100.0      0.0      0.0     0.330    0.000
  3     0.030      1.80      0.0     80.0     20.0      6.7     0.270    0.000
  4     0.300      1.60     55.6     21.6     22.8      7.6     0.250    0.000
  5     0.200      2.65    100.0      0.0      0.0      0.0     0.111    0.000
-------------------------------------------------------------------------------


     Weighted SSA enrichment ratio leaving profile for year    3 =   0.00


     HILLSLOPE 1 YEARLY SUMMARY FOR    4
     ----------------------------------


I.   RAINFALL AND RUNOFF SUMMARY
     -------- --- ------ -------

      year:      4

         Rainfall         Storm Runoff        Melt Runoff
      events   amount   events   amount     events  amount
                (mm)              (mm)               (mm)

        82     619.80       3       9.03       0       0.00


II.  ON SITE EFFECTS  ON SITE EFFECTS  ON SITE EFFECTS
     ---------------  ---------------  ---------------


  A.  AREA OF NET SOIL LOSS

      ** Soil Loss (Avg. of Net Detachment Areas) =    0.042 kg/m2 **
      ** Maximum Soil Loss  =    0.052 kg/m2 at   30.48 meters **


      Area of    Soil Loss   Soil Loss   MAX   MAX Loss   MIN   MIN Loss
      Net Loss      MEAN      STDEV      Loss    Point    Loss   Point
        (m)       (kg/m2)     (kg/m2)  (kg/m2)    (m)    (kg/m2)  (m)
------------------------------------------------------------------------
   0.00-  30.48    0.042     0.006      0.052   30.48     0.034     2.29



  C.  SOIL LOSS/DEPOSITION ALONG SLOPE PROFILE

          Profile distances are from top to bottom of hillslope


 distance soil  flow    distance   soil  flow    distance   soil  flow
    (m)   loss  elem       (m)     loss  elem       (m)     loss  elem
         (kg/m2)                  (kg/m2)                  (kg/m2)
------------------------------------------------------------------------

   0.15     0.034  1       10.36     0.038  1       20.57     0.046  2
   0.30     0.034  1       10.52     0.038  1       20.73     0.047  2
   0.46     0.034  1       10.67     0.038  1       20.88     0.047  2
   0.61     0.034  1       10.82     0.038  1       21.03     0.047  2
   0.76     0.034  1       10.97     0.038  1       21.18     0.047  2
   0.91     0.034  1       11.13     0.038  1       21.34     0.047  2
   1.07     0.034  1       11.28     0.038  1       21.49     0.047  2
   1.22     0.034  1       11.43     0.038  1       21.64     0.047  2
   1.37     0.034  1       11.58     0.038  1       21.79     0.047  2
   1.52     0.034  1       11.73     0.038  1       21.95     0.047  2
   1.68     0.034  1       11.89     0.038  1       22.10     0.048  2
   1.83     0.034  1       12.04     0.039  1       22.25     0.048  2
   1.98     0.034  1       12.19     0.039  1       22.40     0.048  2
   2.13     0.034  1       12.34     0.039  1       22.56     0.048  2
   2.29     0.034  1       12.50     0.039  1       22.71     0.048  2
   2.44     0.034  1       12.65     0.039  1       22.86     0.048  2
   2.59     0.034  1       12.80     0.039  1       23.01     0.048  2
   2.74     0.034  1       12.95     0.039  1       23.16     0.048  2
   2.90     0.034  1       13.11     0.039  1       23.32     0.048  2
   3.05     0.034  1       13.26     0.039  1       23.47     0.048  2
   3.20     0.034  1       13.41     0.039  1       23.62     0.048  2
   3.35     0.034  1       13.56     0.039  1       23.77     0.049  2
   3.51     0.034  1       13.72     0.039  1       23.93     0.049  2
   3.66     0.034  1       13.87     0.040  1       24.08     0.049  2
   3.81     0.034  1       14.02     0.040  1       24.23     0.049  2
   3.96     0.034  1       14.17     0.040  1       24.38     0.049  2
   4.11     0.034  1       14.33     0.040  1       24.54     0.049  2
   4.27     0.034  1       14.48     0.040  1       24.69     0.049  2
   4.42     0.034  1       14.63     0.040  1       24.84     0.049  2
   4.57     0.034  1       14.78     0.040  1       24.99     0.049  2
   4.72     0.034  1       14.94     0.040  1       25.15     0.049  2
   4.88     0.034  1       15.09     0.041  1       25.30     0.049  2
   5.03     0.034  1       15.24     0.041  1       25.45     0.049  2
   5.18     0.034  1       15.39     0.043  2       25.60     0.050  2
   5.33     0.034  1       15.54     0.043  2       25.76     0.050  2
   5.49     0.034  1       15.70     0.043  2       25.91     0.050  2
   5.64     0.034  1       15.85     0.043  2       26.06     0.050  2
   5.79     0.034  1       16.00     0.043  2       26.21     0.050  2
   5.94     0.035  1       16.15     0.043  2       26.37     0.050  2
   6.10     0.035  1       16.31     0.043  2       26.52     0.050  2
   6.25     0.035  1       16.46     0.043  2       26.67     0.050  2
   6.40     0.035  1       16.61     0.044  2       26.82     0.050  2
   6.55     0.035  1       16.76     0.044  2       26.97     0.050  2
   6.71     0.035  1       16.92     0.044  2       27.13     0.050  2
   6.86     0.035  1       17.07     0.044  2       27.28     0.050  2
   7.01     0.035  1       17.22     0.044  2       27.43     0.050  2
   7.16     0.035  1       17.37     0.044  2       27.58     0.050  2
   7.32     0.036  1       17.53     0.044  2       27.74     0.051  2
   7.47     0.036  1       17.68     0.044  2       27.89     0.051  2
   7.62     0.036  1       17.83     0.044  2       28.04     0.051  2
   7.77     0.036  1       17.98     0.045  2       28.19     0.051  2
   7.92     0.036  1       18.14     0.045  2       28.35     0.051  2
   8.08     0.036  1       18.29     0.045  2       28.50     0.051  2
   8.23     0.036  1       18.44     0.045  2       28.65     0.051  2
   8.38     0.036  1       18.59     0.045  2       28.80     0.051  2
   8.53     0.036  1       18.75     0.045  2       28.96     0.051  2
   8.69     0.036  1       18.90     0.045  2       29.11     0.051  2
   8.84     0.037  1       19.05     0.045  2       29.26     0.051  2
   8.99     0.037  1       19.20     0.045  2       29.41     0.051  2
   9.14     0.037  1       19.35     0.046  2       29.57     0.051  2
   9.30     0.037  1       19.51     0.046  2       29.72     0.051  2
   9.45     0.037  1       19.66     0.046  2       29.87     0.052  2
   9.60     0.037  1       19.81     0.046  2       30.02     0.052  2
   9.75     0.037  1       19.96     0.046  2       30.18     0.052  2
   9.91     0.037  1       20.12     0.046  2       30.33     0.052  2
  10.06     0.037  1       20.27     0.046  2       30.48     0.052  2
  10.21     0.037  1       20.42     0.046  2

note:  (+) soil loss - detachment     (-) soil loss - deposition



III. OFF SITE EFFECTS  OFF SITE EFFECTS  OFF SITE EFFECTS
     ----------------  ----------------  ----------------

     A.  SEDIMENT LEAVING PROFILE for year    4     1.279 kg/m



     B.  SEDIMENT CHARACTERISTICS AND ENRICHMENT

     Sediment particle information leaving profile
-------------------------------------------------------------------------------
                                 Particle Composition         Detached Fraction
Class  Diameter  Specific  ---------------------------------  Sediment  In Flow
         (mm)    Gravity   % Sand   % Silt   % Clay   % O.M.  Fraction  Exiting
-------------------------------------------------------------------------------
  1     0.002      2.60      0.0      0.0    100.0     33.3     0.039    0.041
  2     0.010      2.65      0.0    100.0      0.0      0.0     0.330    0.343
  3     0.030      1.80      0.0     80.0     20.0      6.7     0.270    0.281
  4     0.300      1.60     55.6     21.6     22.8      7.6     0.250    0.233
  5     0.200      2.65    100.0      0.0      0.0      0.0     0.111    0.103
-------------------------------------------------------------------------------


     Weighted SSA enrichment ratio leaving profile for year    4 =   1.00


     HILLSLOPE 1 YEARLY SUMMARY FOR    5
     ----------------------------------


I.   RAINFALL AND RUNOFF SUMMARY
     -------- --- ------ -------

      year:      5

         Rainfall         Storm Runoff        Melt Runoff
      events   amount   events   amount     events  amount
                (mm)              (mm)               (mm)

        86     741.50       1       7.60       1      17.26


II.  ON SITE EFFECTS  ON SITE EFFECTS  ON SITE EFFECTS
     ---------------  ---------------  ---------------


  A.  AREA OF NET SOIL LOSS

      ** Soil Loss (Avg. of Net Detachment Areas) =    0.044 kg/m2 **
      ** Maximum Soil Loss  =    0.052 kg/m2 at   30.48 meters **


      Area of    Soil Loss   Soil Loss   MAX   MAX Loss   MIN   MIN Loss
      Net Loss      MEAN      STDEV      Loss    Point    Loss   Point
        (m)       (kg/m2)     (kg/m2)  (kg/m2)    (m)    (kg/m2)  (m)
------------------------------------------------------------------------
   0.00-  30.48    0.044     0.006      0.052   30.48     0.036     2.13



  C.  SOIL LOSS/DEPOSITION ALONG SLOPE PROFILE

          Profile distances are from top to bottom of hillslope


 distance soil  flow    distance   soil  flow    distance   soil  flow
    (m)   loss  elem       (m)     loss  elem       (m)     loss  elem
         (kg/m2)                  (kg/m2)                  (kg/m2)
------------------------------------------------------------------------

   0.15     0.036  1       10.36     0.041  1       20.57     0.048  2
   0.30     0.036  1       10.52     0.041  1       20.73     0.049  2
   0.46     0.036  1       10.67     0.041  1       20.88     0.049  2
   0.61     0.036  1       10.82     0.041  1       21.03     0.049  2
   0.76     0.036  1       10.97     0.041  1       21.18     0.049  2
   0.91     0.036  1       11.13     0.041  1       21.34     0.049  2
   1.07     0.036  1       11.28     0.041  1       21.49     0.049  2
   1.22     0.036  1       11.43     0.041  1       21.64     0.049  2
   1.37     0.036  1       11.58     0.041  1       21.79     0.049  2
   1.52     0.036  1       11.73     0.042  1       21.95     0.049  2
   1.68     0.036  1       11.89     0.042  1       22.10     0.049  2
   1.83     0.036  1       12.04     0.042  1       22.25     0.049  2
   1.98     0.036  1       12.19     0.042  1       22.40     0.049  2
   2.13     0.036  1       12.34     0.042  1       22.56     0.049  2
   2.29     0.036  1       12.50     0.042  1       22.71     0.050  2
   2.44     0.036  1       12.65     0.042  1       22.86     0.050  2
   2.59     0.036  1       12.80     0.042  1       23.01     0.050  2
   2.74     0.036  1       12.95     0.042  1       23.16     0.050  2
   2.90     0.036  1       13.11     0.042  1       23.32     0.050  2
   3.05     0.036  1       13.26     0.043  1       23.47     0.050  2
   3.20     0.036  1       13.41     0.043  1       23.62     0.050  2
   3.35     0.036  1       13.56     0.043  1       23.77     0.050  2
   3.51     0.036  1       13.72     0.043  1       23.93     0.050  2
   3.66     0.036  1       13.87     0.043  1       24.08     0.050  2
   3.81     0.036  1       14.02     0.043  1       24.23     0.050  2
   3.96     0.036  1       14.17     0.043  1       24.38     0.050  2
   4.11     0.036  1       14.33     0.043  1       24.54     0.050  2
   4.27     0.036  1       14.48     0.043  1       24.69     0.050  2
   4.42     0.036  1       14.63     0.043  1       24.84     0.050  2
   4.57     0.036  1       14.78     0.043  1       24.99     0.050  2
   4.72     0.036  1       14.94     0.044  1       25.15     0.050  2
   4.88     0.036  1       15.09     0.044  1       25.30     0.050  2
   5.03     0.036  1       15.24     0.044  1       25.45     0.050  2
   5.18     0.037  1       15.39     0.046  2       25.60     0.051  2
   5.33     0.037  1       15.54     0.046  2       25.76     0.051  2
   5.49     0.037  1       15.70     0.046  2       25.91     0.051  2
   5.64     0.037  1       15.85     0.046  2       26.06     0.051  2
   5.79     0.037  1       16.00     0.046  2       26.21     0.051  2
   5.94     0.037  1       16.15     0.046  2       26.37     0.051  2
   6.10     0.037  1       16.31     0.046  2       26.52     0.051  2
   6.25     0.037  1       16.46     0.047  2       26.67     0.051  2
   6.40     0.038  1       16.61     0.047  2       26.82     0.051  2
   6.55     0.038  1       16.76     0.047  2       26.97     0.051  2
   6.71     0.038  1       16.92     0.047  2       27.13     0.051  2
   6.86     0.038  1       17.07     0.047  2       27.28     0.051  2
   7.01     0.038  1       17.22     0.047  2       27.43     0.051  2
   7.16     0.038  1       17.37     0.047  2       27.58     0.051  2
   7.32     0.038  1       17.53     0.047  2       27.74     0.051  2
   7.47     0.038  1       17.68     0.047  2       27.89     0.051  2
   7.62     0.039  1       17.83     0.047  2       28.04     0.051  2
   7.77     0.039  1       17.98     0.047  2       28.19     0.051  2
   7.92     0.039  1       18.14     0.047  2       28.35     0.051  2
   8.08     0.039  1       18.29     0.047  2       28.50     0.051  2
   8.23     0.039  1       18.44     0.047  2       28.65     0.052  2
   8.38     0.039  1       18.59     0.048  2       28.80     0.052  2
   8.53     0.039  1       18.75     0.048  2       28.96     0.052  2
   8.69     0.039  1       18.90     0.048  2       29.11     0.052  2
   8.84     0.039  1       19.05     0.048  2       29.26     0.052  2
   8.99     0.040  1       19.20     0.048  2       29.41     0.052  2
   9.14     0.040  1       19.35     0.048  2       29.57     0.052  2
   9.30     0.040  1       19.51     0.048  2       29.72     0.052  2
   9.45     0.040  1       19.66     0.048  2       29.87     0.052  2
   9.60     0.040  1       19.81     0.048  2       30.02     0.052  2
   9.75     0.040  1       19.96     0.048  2       30.18     0.052  2
   9.91     0.040  1       20.12     0.048  2       30.33     0.052  2
  10.06     0.040  1       20.27     0.048  2       30.48     0.052  2
  10.21     0.040  1       20.42     0.048  2

note:  (+) soil loss - detachment     (-) soil loss - deposition



III. OFF SITE EFFECTS  OFF SITE EFFECTS  OFF SITE EFFECTS
     ----------------  ----------------  ----------------

     A.  SEDIMENT LEAVING PROFILE for year    5     1.344 kg/m



     B.  SEDIMENT CHARACTERISTICS AND ENRICHMENT

     Sediment particle information leaving profile
-------------------------------------------------------------------------------
                                 Particle Composition         Detached Fraction
Class  Diameter  Specific  ---------------------------------  Sediment  In Flow
         (mm)    Gravity   % Sand   % Silt   % Clay   % O.M.  Fraction  Exiting
-------------------------------------------------------------------------------
  1     0.002      2.60      0.0      0.0    100.0     33.3     0.039    0.039
  2     0.010      2.65      0.0    100.0      0.0      0.0     0.330    0.333
  3     0.030      1.80      0.0     80.0     20.0      6.7     0.270    0.272
  4     0.300      1.60     55.6     21.6     22.8      7.6     0.250    0.246
  5     0.200      2.65    100.0      0.0      0.0      0.0     0.111    0.109
-------------------------------------------------------------------------------


     Weighted SSA enrichment ratio leaving profile for year    5 =   1.00


     HILLSLOPE 1 YEARLY SUMMARY FOR    6
     ----------------------------------


I.   RAINFALL AND RUNOFF SUMMARY
     -------- --- ------ -------

      year:      6

         Rainfall         Storm Runoff        Melt Runoff
      events   amount   events   amount     events  amount
                (mm)              (mm)               (mm)

        92     799.90       2       3.91       0       0.00


II.  ON SITE EFFECTS  ON SITE EFFECTS  ON SITE EFFECTS
     ---------------  ---------------  ---------------


  A.  AREA OF NET SOIL LOSS

      ** Soil Loss (Avg. of Net Detachment Areas) =    0.017 kg/m2 **
      ** Maximum Soil Loss  =    0.021 kg/m2 at   30.48 meters **


      Area of    Soil Loss   Soil Loss   MAX   MAX Loss   MIN   MIN Loss
      Net Loss      MEAN      STDEV      Loss    Point    Loss   Point
        (m)       (kg/m2)     (kg/m2)  (kg/m2)    (m)    (kg/m2)  (m)
------------------------------------------------------------------------
   0.00-  30.48    0.017     0.003      0.021   30.48     0.014     3.66



  C.  SOIL LOSS/DEPOSITION ALONG SLOPE PROFILE

          Profile distances are from top to bottom of hillslope


 distance soil  flow    distance   soil  flow    distance   soil  flow
    (m)   loss  elem       (m)     loss  elem       (m)     loss  elem
         (kg/m2)                  (kg/m2)                  (kg/m2)
------------------------------------------------------------------------

   0.15     0.014  1       10.36     0.015  1       20.57     0.019  2
   0.30     0.014  1       10.52     0.015  1       20.73     0.019  2
   0.46     0.014  1       10.67     0.015  1       20.88     0.019  2
   0.61     0.014  1       10.82     0.015  1       21.03     0.019  2
   0.76     0.014  1       10.97     0.015  1       21.18     0.019  2
   0.91     0.014  1       11.13     0.016  1       21.34     0.019  2
   1.07     0.014  1       11.28     0.016  1       21.49     0.019  2
   1.22     0.014  1       11.43     0.016  1       21.64     0.019  2
   1.37     0.014  1       11.58     0.016  1       21.79     0.019  2
   1.52     0.014  1       11.73     0.016  1       21.95     0.019  2
   1.68     0.014  1       11.89     0.016  1       22.10     0.019  2
   1.83     0.014  1       12.04     0.016  1       22.25     0.019  2
   1.98     0.014  1       12.19     0.016  1       22.40     0.019  2
   2.13     0.014  1       12.34     0.016  1       22.56     0.019  2
   2.29     0.014  1       12.50     0.016  1       22.71     0.020  2
   2.44     0.014  1       12.65     0.016  1       22.86     0.020  2
   2.59     0.014  1       12.80     0.016  1       23.01     0.020  2
   2.74     0.014  1       12.95     0.016  1       23.16     0.020  2
   2.90     0.014  1       13.11     0.016  1       23.32     0.020  2
   3.05     0.014  1       13.26     0.016  1       23.47     0.020  2
   3.20     0.014  1       13.41     0.016  1       23.62     0.020  2
   3.35     0.014  1       13.56     0.016  1       23.77     0.020  2
   3.51     0.014  1       13.72     0.017  1       23.93     0.020  2
   3.66     0.014  1       13.87     0.017  1       24.08     0.020  2
   3.81     0.014  1       14.02     0.017  1       24.23     0.020  2
   3.96     0.014  1       14.17     0.017  1       24.38     0.020  2
   4.11     0.014  1       14.33     0.017  1       24.54     0.020  2
   4.27     0.014  1       14.48     0.017  1       24.69     0.020  2
   4.42     0.014  1       14.63     0.017  1       24.84     0.020  2
   4.57     0.014  1       14.78     0.017  1       24.99     0.020  2
   4.72     0.014  1       14.94     0.017  1       25.15     0.020  2
   4.88     0.014  1       15.09     0.017  1       25.30     0.020  2
   5.03     0.014  1       15.24     0.017  1       25.45     0.020  2
   5.18     0.014  1       15.39     0.017  2       25.60     0.020  2
   5.33     0.014  1       15.54     0.017  2       25.76     0.020  2
   5.49     0.014  1       15.70     0.017  2       25.91     0.020  2
   5.64     0.014  1       15.85     0.018  2       26.06     0.020  2
   5.79     0.014  1       16.00     0.018  2       26.21     0.020  2
   5.94     0.014  1       16.15     0.018  2       26.37     0.020  2
   6.10     0.014  1       16.31     0.018  2       26.52     0.020  2
   6.25     0.014  1       16.46     0.018  2       26.67     0.020  2
   6.40     0.014  1       16.61     0.018  2       26.82     0.020  2
   6.55     0.014  1       16.76     0.018  2       26.97     0.020  2
   6.71     0.014  1       16.92     0.018  2       27.13     0.020  2
   6.86     0.014  1       17.07     0.018  2       27.28     0.020  2
   7.01     0.014  1       17.22     0.018  2       27.43     0.021  2
   7.16     0.014  1       17.37     0.018  2       27.58     0.021  2
   7.32     0.014  1       17.53     0.018  2       27.74     0.021  2
   7.47     0.014  1       17.68     0.018  2       27.89     0.021  2
   7.62     0.014  1       17.83     0.018  2       28.04     0.021  2
   7.77     0.014  1       17.98     0.018  2       28.19     0.021  2
   7.92     0.014  1       18.14     0.018  2       28.35     0.021  2
   8.08     0.014  1       18.29     0.018  2       28.50     0.021  2
   8.23     0.014  1       18.44     0.018  2       28.65     0.021  2
   8.38     0.014  1       18.59     0.018  2       28.80     0.021  2
   8.53     0.014  1       18.75     0.018  2       28.96     0.021  2
   8.69     0.014  1       18.90     0.018  2       29.11     0.021  2
   8.84     0.015  1       19.05     0.018  2       29.26     0.021  2
   8.99     0.015  1       19.20     0.019  2       29.41     0.021  2
   9.14     0.015  1       19.35     0.019  2       29.57     0.021  2
   9.30     0.015  1       19.51     0.019  2       29.72     0.021  2
   9.45     0.015  1       19.66     0.019  2       29.87     0.021  2
   9.60     0.015  1       19.81     0.019  2       30.02     0.021  2
   9.75     0.015  1       19.96     0.019  2       30.18     0.021  2
   9.91     0.015  1       20.12     0.019  2       30.33     0.021  2
  10.06     0.015  1       20.27     0.019  2       30.48     0.021  2
  10.21     0.015  1       20.42     0.019  2

note:  (+) soil loss - detachment     (-) soil loss - deposition



III. OFF SITE EFFECTS  OFF SITE EFFECTS  OFF SITE EFFECTS
     ----------------  ----------------  ----------------

     A.  SEDIMENT LEAVING PROFILE for year    6     0.521 kg/m



     B.  SEDIMENT CHARACTERISTICS AND ENRICHMENT

     Sediment particle information leaving profile
-------------------------------------------------------------------------------
                                 Particle Composition         Detached Fraction
Class  Diameter  Specific  ---------------------------------  Sediment  In Flow
         (mm)    Gravity   % Sand   % Silt   % Clay   % O.M.  Fraction  Exiting
-------------------------------------------------------------------------------
  1     0.002      2.60      0.0      0.0    100.0     33.3     0.039    0.039
  2     0.010      2.65      0.0    100.0      0.0      0.0     0.330    0.333
  3     0.030      1.80      0.0     80.0     20.0      6.7     0.270    0.273
  4     0.300      1.60     55.6     21.6     22.8      7.6     0.250    0.245
  5     0.200      2.65    100.0      0.0      0.0      0.0     0.111    0.109
-------------------------------------------------------------------------------


     Weighted SSA enrichment ratio leaving profile for year    6 =   1.00


     HILLSLOPE 1 YEARLY SUMMARY FOR    7
     ----------------------------------


I.   RAINFALL AND RUNOFF SUMMARY
     -------- --- ------ -------

      year:      7

         Rainfall         Storm Runoff        Melt Runoff
      events   amount   events   amount     events  amount
                (mm)              (mm)               (mm)

        80     568.30       0       0.00       0       0.00


II.  ON SITE EFFECTS  ON SITE EFFECTS  ON SITE EFFECTS
     ---------------  ---------------  ---------------




  C.  SOIL LOSS/DEPOSITION ALONG SLOPE PROFILE

          Profile distances are from top to bottom of hillslope


 distance soil  flow    distance   soil  flow    distance   soil  flow
    (m)   loss  elem       (m)     loss  elem       (m)     loss  elem
         (kg/m2)                  (kg/m2)                  (kg/m2)
------------------------------------------------------------------------

   0.15     0.000  1       10.36     0.000  1       20.57     0.000  2
   0.30     0.000  1       10.52     0.000  1       20.73     0.000  2
   0.46     0.000  1       10.67     0.000  1       20.88     0.000  2
   0.61     0.000  1       10.82     0.000  1       21.03     0.000  2
   0.76     0.000  1       10.97     0.000  1       21.18     0.000  2
   0.91     0.000  1       11.13     0.000  1       21.34     0.000  2
   1.07     0.000  1       11.28     0.000  1       21.49     0.000  2
   1.22     0.000  1       11.43     0.000  1       21.64     0.000  2
   1.37     0.000  1       11.58     0.000  1       21.79     0.000  2
   1.52     0.000  1       11.73     0.000  1       21.95     0.000  2
   1.68     0.000  1       11.89     0.000  1       22.10     0.000  2
   1.83     0.000  1       12.04     0.000  1       22.25     0.000  2
   1.98     0.000  1       12.19     0.000  1       22.40     0.000  2
   2.13     0.000  1       12.34     0.000  1       22.56     0.000  2
   2.29     0.000  1       12.50     0.000  1       22.71     0.000  2
   2.44     0.000  1       12.65     0.000  1       22.86     0.000  2
   2.59     0.000  1       12.80     0.000  1       23.01     0.000  2
   2.74     0.000  1       12.95     0.000  1       23.16     0.000  2
   2.90     0.000  1       13.11     0.000  1       23.32     0.000  2
   3.05     0.000  1       13.26     0.000  1       23.47     0.000  2
   3.20     0.000  1       13.41     0.000  1       23.62     0.000  2
   3.35     0.000  1       13.56     0.000  1       23.77     0.000  2
   3.51     0.000  1       13.72     0.000  1       23.93     0.000  2
   3.66     0.000  1       13.87     0.000  1       24.08     0.000  2
   3.81     0.000  1       14.02     0.000  1       24.23     0.000  2
   3.96     0.000  1       14.17     0.000  1       24.38     0.000  2
   4.11     0.000  1       14.33     0.000  1       24.54     0.000  2
   4.27     0.000  1       14.48     0.000  1       24.69     0.000  2
   4.42     0.000  1       14.63     0.000  1       24.84     0.000  2
   4.57     0.000  1       14.78     0.000  1       24.99     0.000  2
   4.72     0.000  1       14.94     0.000  1       25.15     0.000  2
   4.88     0.000  1       15.09     0.000  1       25.30     0.000  2
   5.03     0.000  1       15.24     0.000  1       25.45     0.000  2
   5.18     0.000  1       15.39     0.000  2       25.60     0.000  2
   5.33     0.000  1       15.54     0.000  2       25.76     0.000  2
   5.49     0.000  1       15.70     0.000  2       25.91     0.000  2
   5.64     0.000  1       15.85     0.000  2       26.06     0.000  2
   5.79     0.000  1       16.00     0.000  2       26.21     0.000  2
   5.94     0.000  1       16.15     0.000  2       26.37     0.000  2
   6.10     0.000  1       16.31     0.000  2       26.52     0.000  2
   6.25     0.000  1       16.46     0.000  2       26.67     0.000  2
   6.40     0.000  1       16.61     0.000  2       26.82     0.000  2
   6.55     0.000  1       16.76     0.000  2       26.97     0.000  2
   6.71     0.000  1       16.92     0.000  2       27.13     0.000  2
   6.86     0.000  1       17.07     0.000  2       27.28     0.000  2
   7.01     0.000  1       17.22     0.000  2       27.43     0.000  2
   7.16     0.000  1       17.37     0.000  2       27.58     0.000  2
   7.32     0.000  1       17.53     0.000  2       27.74     0.000  2
   7.47     0.000  1       17.68     0.000  2       27.89     0.000  2
   7.62     0.000  1       17.83     0.000  2       28.04     0.000  2
   7.77     0.000  1       17.98     0.000  2       28.19     0.000  2
   7.92     0.000  1       18.14     0.000  2       28.35     0.000  2
   8.08     0.000  1       18.29     0.000  2       28.50     0.000  2
   8.23     0.000  1       18.44     0.000  2       28.65     0.000  2
   8.38     0.000  1       18.59     0.000  2       28.80     0.000  2
   8.53     0.000  1       18.75     0.000  2       28.96     0.000  2
   8.69     0.000  1       18.90     0.000  2       29.11     0.000  2
   8.84     0.000  1       19.05     0.000  2       29.26     0.000  2
   8.99     0.000  1       19.20     0.000  2       29.41     0.000  2
   9.14     0.000  1       19.35     0.000  2       29.57     0.000  2
   9.30     0.000  1       19.51     0.000  2       29.72     0.000  2
   9.45     0.000  1       19.66     0.000  2       29.87     0.000  2
   9.60     0.000  1       19.81     0.000  2       30.02     0.000  2
   9.75     0.000  1       19.96     0.000  2       30.18     0.000  2
   9.91     0.000  1       20.12     0.000  2       30.33     0.000  2
  10.06     0.000  1       20.27     0.000  2       30.48     0.000  2
  10.21     0.000  1       20.42     0.000  2

note:  (+) soil loss - detachment     (-) soil loss - deposition



III. OFF SITE EFFECTS  OFF SITE EFFECTS  OFF SITE EFFECTS
     ----------------  ----------------  ----------------

     A.  SEDIMENT LEAVING PROFILE for year    7     0.000 kg/m



     B.  SEDIMENT CHARACTERISTICS AND ENRICHMENT

     Sediment particle information leaving profile
-------------------------------------------------------------------------------
                                 Particle Composition         Detached Fraction
Class  Diameter  Specific  ---------------------------------  Sediment  In Flow
         (mm)    Gravity   % Sand   % Silt   % Clay   % O.M.  Fraction  Exiting
-------------------------------------------------------------------------------
  1     0.002      2.60      0.0      0.0    100.0     33.3     0.039    0.000
  2     0.010      2.65      0.0    100.0      0.0      0.0     0.330    0.000
  3     0.030      1.80      0.0     80.0     20.0      6.7     0.270    0.000
  4     0.300      1.60     55.6     21.6     22.8      7.6     0.250    0.000
  5     0.200      2.65    100.0      0.0      0.0      0.0     0.111    0.000
-------------------------------------------------------------------------------


     Weighted SSA enrichment ratio leaving profile for year    7 =   0.00


     HILLSLOPE 1 YEARLY SUMMARY FOR    8
     ----------------------------------


I.   RAINFALL AND RUNOFF SUMMARY
     -------- --- ------ -------

      year:      8

         Rainfall         Storm Runoff        Melt Runoff
      events   amount   events   amount     events  amount
                (mm)              (mm)               (mm)

        95     708.40       2       3.39       0       0.00


II.  ON SITE EFFECTS  ON SITE EFFECTS  ON SITE EFFECTS
     ---------------  ---------------  ---------------


  A.  AREA OF NET SOIL LOSS

      ** Soil Loss (Avg. of Net Detachment Areas) =    0.020 kg/m2 **
      ** Maximum Soil Loss  =    0.024 kg/m2 at   30.48 meters **


      Area of    Soil Loss   Soil Loss   MAX   MAX Loss   MIN   MIN Loss
      Net Loss      MEAN      STDEV      Loss    Point    Loss   Point
        (m)       (kg/m2)     (kg/m2)  (kg/m2)    (m)    (kg/m2)  (m)
------------------------------------------------------------------------
   0.00-  30.48    0.020     0.003      0.024   30.48     0.016     2.90



  C.  SOIL LOSS/DEPOSITION ALONG SLOPE PROFILE

          Profile distances are from top to bottom of hillslope


 distance soil  flow    distance   soil  flow    distance   soil  flow
    (m)   loss  elem       (m)     loss  elem       (m)     loss  elem
         (kg/m2)                  (kg/m2)                  (kg/m2)
------------------------------------------------------------------------

   0.15     0.016  1       10.36     0.018  1       20.57     0.022  2
   0.30     0.016  1       10.52     0.018  1       20.73     0.022  2
   0.46     0.016  1       10.67     0.018  1       20.88     0.022  2
   0.61     0.016  1       10.82     0.018  1       21.03     0.022  2
   0.76     0.016  1       10.97     0.018  1       21.18     0.022  2
   0.91     0.016  1       11.13     0.018  1       21.34     0.022  2
   1.07     0.016  1       11.28     0.018  1       21.49     0.022  2
   1.22     0.016  1       11.43     0.018  1       21.64     0.022  2
   1.37     0.016  1       11.58     0.018  1       21.79     0.022  2
   1.52     0.016  1       11.73     0.018  1       21.95     0.022  2
   1.68     0.016  1       11.89     0.018  1       22.10     0.022  2
   1.83     0.016  1       12.04     0.018  1       22.25     0.022  2
   1.98     0.016  1       12.19     0.018  1       22.40     0.022  2
   2.13     0.016  1       12.34     0.019  1       22.56     0.022  2
   2.29     0.016  1       12.50     0.019  1       22.71     0.022  2
   2.44     0.016  1       12.65     0.019  1       22.86     0.022  2
   2.59     0.016  1       12.80     0.019  1       23.01     0.022  2
   2.74     0.016  1       12.95     0.019  1       23.16     0.022  2
   2.90     0.016  1       13.11     0.019  1       23.32     0.022  2
   3.05     0.016  1       13.26     0.019  1       23.47     0.022  2
   3.20     0.016  1       13.41     0.019  1       23.62     0.022  2
   3.35     0.016  1       13.56     0.019  1       23.77     0.022  2
   3.51     0.016  1       13.72     0.019  1       23.93     0.022  2
   3.66     0.016  1       13.87     0.019  1       24.08     0.022  2
   3.81     0.016  1       14.02     0.019  1       24.23     0.022  2
   3.96     0.016  1       14.17     0.019  1       24.38     0.023  2
   4.11     0.016  1       14.33     0.019  1       24.54     0.023  2
   4.27     0.016  1       14.48     0.019  1       24.69     0.023  2
   4.42     0.016  1       14.63     0.019  1       24.84     0.023  2
   4.57     0.016  1       14.78     0.019  1       24.99     0.023  2
   4.72     0.016  1       14.94     0.019  1       25.15     0.023  2
   4.88     0.016  1       15.09     0.019  1       25.30     0.023  2
   5.03     0.016  1       15.24     0.019  1       25.45     0.023  2
   5.18     0.016  1       15.39     0.020  2       25.60     0.023  2
   5.33     0.016  1       15.54     0.020  2       25.76     0.023  2
   5.49     0.016  1       15.70     0.020  2       25.91     0.023  2
   5.64     0.016  1       15.85     0.021  2       26.06     0.023  2
   5.79     0.016  1       16.00     0.021  2       26.21     0.023  2
   5.94     0.016  1       16.15     0.021  2       26.37     0.023  2
   6.10     0.016  1       16.31     0.021  2       26.52     0.023  2
   6.25     0.016  1       16.46     0.021  2       26.67     0.023  2
   6.40     0.016  1       16.61     0.021  2       26.82     0.023  2
   6.55     0.016  1       16.76     0.021  2       26.97     0.023  2
   6.71     0.016  1       16.92     0.021  2       27.13     0.023  2
   6.86     0.017  1       17.07     0.021  2       27.28     0.023  2
   7.01     0.017  1       17.22     0.021  2       27.43     0.023  2
   7.16     0.017  1       17.37     0.021  2       27.58     0.023  2
   7.32     0.017  1       17.53     0.021  2       27.74     0.023  2
   7.47     0.017  1       17.68     0.021  2       27.89     0.023  2
   7.62     0.017  1       17.83     0.021  2       28.04     0.023  2
   7.77     0.017  1       17.98     0.021  2       28.19     0.023  2
   7.92     0.017  1       18.14     0.021  2       28.35     0.023  2
   8.08     0.017  1       18.29     0.021  2       28.50     0.023  2
   8.23     0.017  1       18.44     0.021  2       28.65     0.023  2
   8.38     0.017  1       18.59     0.021  2       28.80     0.023  2
   8.53     0.017  1       18.75     0.021  2       28.96     0.023  2
   8.69     0.017  1       18.90     0.021  2       29.11     0.023  2
   8.84     0.017  1       19.05     0.021  2       29.26     0.023  2
   8.99     0.017  1       19.20     0.021  2       29.41     0.023  2
   9.14     0.017  1       19.35     0.021  2       29.57     0.023  2
   9.30     0.017  1       19.51     0.021  2       29.72     0.023  2
   9.45     0.018  1       19.66     0.021  2       29.87     0.023  2
   9.60     0.018  1       19.81     0.021  2       30.02     0.023  2
   9.75     0.018  1       19.96     0.022  2       30.18     0.023  2
   9.91     0.018  1       20.12     0.022  2       30.33     0.023  2
  10.06     0.018  1       20.27     0.022  2       30.48     0.024  2
  10.21     0.018  1       20.42     0.022  2

note:  (+) soil loss - detachment     (-) soil loss - deposition



III. OFF SITE EFFECTS  OFF SITE EFFECTS  OFF SITE EFFECTS
     ----------------  ----------------  ----------------

     A.  SEDIMENT LEAVING PROFILE for year    8     0.600 kg/m



     B.  SEDIMENT CHARACTERISTICS AND ENRICHMENT

     Sediment particle information leaving profile
-------------------------------------------------------------------------------
                                 Particle Composition         Detached Fraction
Class  Diameter  Specific  ---------------------------------  Sediment  In Flow
         (mm)    Gravity   % Sand   % Silt   % Clay   % O.M.  Fraction  Exiting
-------------------------------------------------------------------------------
  1     0.002      2.60      0.0      0.0    100.0     33.3     0.039    0.041
  2     0.010      2.65      0.0    100.0      0.0      0.0     0.330    0.347
  3     0.030      1.80      0.0     80.0     20.0      6.7     0.270    0.284
  4     0.300      1.60     55.6     21.6     22.8      7.6     0.250    0.227
  5     0.200      2.65    100.0      0.0      0.0      0.0     0.111    0.101
-------------------------------------------------------------------------------


     Weighted SSA enrichment ratio leaving profile for year    8 =   1.00


     HILLSLOPE 1 YEARLY SUMMARY FOR    9
     ----------------------------------


I.   RAINFALL AND RUNOFF SUMMARY
     -------- --- ------ -------

      year:      9

         Rainfall         Storm Runoff        Melt Runoff
      events   amount   events   amount     events  amount
                (mm)              (mm)               (mm)

        95     570.50       1       0.35       0       0.00


II.  ON SITE EFFECTS  ON SITE EFFECTS  ON SITE EFFECTS
     ---------------  ---------------  ---------------


  A.  AREA OF NET SOIL LOSS

      ** Soil Loss (Avg. of Net Detachment Areas) =    0.000 kg/m2 **
      ** Maximum Soil Loss  =    0.000 kg/m2 at    7.62 meters **


      Area of    Soil Loss   Soil Loss   MAX   MAX Loss   MIN   MIN Loss
      Net Loss      MEAN      STDEV      Loss    Point    Loss   Point
        (m)       (kg/m2)     (kg/m2)  (kg/m2)    (m)    (kg/m2)  (m)
------------------------------------------------------------------------
   0.00-  15.24    0.000     0.000      0.000    7.62     0.000     7.62



  C.  SOIL LOSS/DEPOSITION ALONG SLOPE PROFILE

          Profile distances are from top to bottom of hillslope


 distance soil  flow    distance   soil  flow    distance   soil  flow
    (m)   loss  elem       (m)     loss  elem       (m)     loss  elem
         (kg/m2)                  (kg/m2)                  (kg/m2)
------------------------------------------------------------------------

   0.15     0.000  1       10.36     0.000  1       20.57     0.000  2
   0.30     0.000  1       10.52     0.000  1       20.73     0.000  2
   0.46     0.000  1       10.67     0.000  1       20.88     0.000  2
   0.61     0.000  1       10.82     0.000  1       21.03     0.000  2
   0.76     0.000  1       10.97     0.000  1       21.18     0.000  2
   0.91     0.000  1       11.13     0.000  1       21.34     0.000  2
   1.07     0.000  1       11.28     0.000  1       21.49     0.000  2
   1.22     0.000  1       11.43     0.000  1       21.64     0.000  2
   1.37     0.000  1       11.58     0.000  1       21.79     0.000  2
   1.52     0.000  1       11.73     0.000  1       21.95     0.000  2
   1.68     0.000  1       11.89     0.000  1       22.10     0.000  2
   1.83     0.000  1       12.04     0.000  1       22.25     0.000  2
   1.98     0.000  1       12.19     0.000  1       22.40     0.000  2
   2.13     0.000  1       12.34     0.000  1       22.56     0.000  2
   2.29     0.000  1       12.50     0.000  1       22.71     0.000  2
   2.44     0.000  1       12.65     0.000  1       22.86     0.000  2
   2.59     0.000  1       12.80     0.000  1       23.01     0.000  2
   2.74     0.000  1       12.95     0.000  1       23.16     0.000  2
   2.90     0.000  1       13.11     0.000  1       23.32     0.000  2
   3.05     0.000  1       13.26     0.000  1       23.47     0.000  2
   3.20     0.000  1       13.41     0.000  1       23.62     0.000  2
   3.35     0.000  1       13.56     0.000  1       23.77     0.000  2
   3.51     0.000  1       13.72     0.000  1       23.93     0.000  2
   3.66     0.000  1       13.87     0.000  1       24.08     0.000  2
   3.81     0.000  1       14.02     0.000  1       24.23     0.000  2
   3.96     0.000  1       14.17     0.000  1       24.38     0.000  2
   4.11     0.000  1       14.33     0.000  1       24.54     0.000  2
   4.27     0.000  1       14.48     0.000  1       24.69     0.000  2
   4.42     0.000  1       14.63     0.000  1       24.84     0.000  2
   4.57     0.000  1       14.78     0.000  1       24.99     0.000  2
   4.72     0.000  1       14.94     0.000  1       25.15     0.000  2
   4.88     0.000  1       15.09     0.000  1       25.30     0.000  2
   5.03     0.000  1       15.24     0.000  1       25.45     0.000  2
   5.18     0.000  1       15.39     0.000  2       25.60     0.000  2
   5.33     0.000  1       15.54     0.000  2       25.76     0.000  2
   5.49     0.000  1       15.70     0.000  2       25.91     0.000  2
   5.64     0.000  1       15.85     0.000  2       26.06     0.000  2
   5.79     0.000  1       16.00     0.000  2       26.21     0.000  2
   5.94     0.000  1       16.15     0.000  2       26.37     0.000  2
   6.10     0.000  1       16.31     0.000  2       26.52     0.000  2
   6.25     0.000  1       16.46     0.000  2       26.67     0.000  2
   6.40     0.000  1       16.61     0.000  2       26.82     0.000  2
   6.55     0.000  1       16.76     0.000  2       26.97     0.000  2
   6.71     0.000  1       16.92     0.000  2       27.13     0.000  2
   6.86     0.000  1       17.07     0.000  2       27.28     0.000  2
   7.01     0.000  1       17.22     0.000  2       27.43     0.000  2
   7.16     0.000  1       17.37     0.000  2       27.58     0.000  2
   7.32     0.000  1       17.53     0.000  2       27.74     0.000  2
   7.47     0.000  1       17.68     0.000  2       27.89     0.000  2
   7.62     0.000  1       17.83     0.000  2       28.04     0.000  2
   7.77     0.000  1       17.98     0.000  2       28.19     0.000  2
   7.92     0.000  1       18.14     0.000  2       28.35     0.000  2
   8.08     0.000  1       18.29     0.000  2       28.50     0.000  2
   8.23     0.000  1       18.44     0.000  2       28.65     0.000  2
   8.38     0.000  1       18.59     0.000  2       28.80     0.000  2
   8.53     0.000  1       18.75     0.000  2       28.96     0.000  2
   8.69     0.000  1       18.90     0.000  2       29.11     0.000  2
   8.84     0.000  1       19.05     0.000  2       29.26     0.000  2
   8.99     0.000  1       19.20     0.000  2       29.41     0.000  2
   9.14     0.000  1       19.35     0.000  2       29.57     0.000  2
   9.30     0.000  1       19.51     0.000  2       29.72     0.000  2
   9.45     0.000  1       19.66     0.000  2       29.87     0.000  2
   9.60     0.000  1       19.81     0.000  2       30.02     0.000  2
   9.75     0.000  1       19.96     0.000  2       30.18     0.000  2
   9.91     0.000  1       20.12     0.000  2       30.33     0.000  2
  10.06     0.000  1       20.27     0.000  2       30.48     0.000  2
  10.21     0.000  1       20.42     0.000  2

note:  (+) soil loss - detachment     (-) soil loss - deposition



III. OFF SITE EFFECTS  OFF SITE EFFECTS  OFF SITE EFFECTS
     ----------------  ----------------  ----------------

     A.  SEDIMENT LEAVING PROFILE for year    9     0.001 kg/m



     B.  SEDIMENT CHARACTERISTICS AND ENRICHMENT

     Sediment particle information leaving profile
-------------------------------------------------------------------------------
                                 Particle Composition         Detached Fraction
Class  Diameter  Specific  ---------------------------------  Sediment  In Flow
         (mm)    Gravity   % Sand   % Silt   % Clay   % O.M.  Fraction  Exiting
-------------------------------------------------------------------------------
  1     0.002      2.60      0.0      0.0    100.0     33.3     0.039    0.040
  2     0.010      2.65      0.0    100.0      0.0      0.0     0.330    0.334
  3     0.030      1.80      0.0     80.0     20.0      6.7     0.270    0.274
  4     0.300      1.60     55.6     21.6     22.8      7.6     0.250    0.244
  5     0.200      2.65    100.0      0.0      0.0      0.0     0.111    0.108
-------------------------------------------------------------------------------


     Weighted SSA enrichment ratio leaving profile for year    9 =   1.00


     HILLSLOPE 1 YEARLY SUMMARY FOR   10
     ----------------------------------


I.   RAINFALL AND RUNOFF SUMMARY
     -------- --- ------ -------

      year:     10

         Rainfall         Storm Runoff        Melt Runoff
      events   amount   events   amount     events  amount
                (mm)              (mm)               (mm)

        73     376.00       0       0.00       0       0.00


II.  ON SITE EFFECTS  ON SITE EFFECTS  ON SITE EFFECTS
     ---------------  ---------------  ---------------




  C.  SOIL LOSS/DEPOSITION ALONG SLOPE PROFILE

          Profile distances are from top to bottom of hillslope


 distance soil  flow    distance   soil  flow    distance   soil  flow
    (m)   loss  elem       (m)     loss  elem       (m)     loss  elem
         (kg/m2)                  (kg/m2)                  (kg/m2)
------------------------------------------------------------------------

   0.15     0.000  1       10.36     0.000  1       20.57     0.000  2
   0.30     0.000  1       10.52     0.000  1       20.73     0.000  2
   0.46     0.000  1       10.67     0.000  1       20.88     0.000  2
   0.61     0.000  1       10.82     0.000  1       21.03     0.000  2
   0.76     0.000  1       10.97     0.000  1       21.18     0.000  2
   0.91     0.000  1       11.13     0.000  1       21.34     0.000  2
   1.07     0.000  1       11.28     0.000  1       21.49     0.000  2
   1.22     0.000  1       11.43     0.000  1       21.64     0.000  2
   1.37     0.000  1       11.58     0.000  1       21.79     0.000  2
   1.52     0.000  1       11.73     0.000  1       21.95     0.000  2
   1.68     0.000  1       11.89     0.000  1       22.10     0.000  2
   1.83     0.000  1       12.04     0.000  1       22.25     0.000  2
   1.98     0.000  1       12.19     0.000  1       22.40     0.000  2
   2.13     0.000  1       12.34     0.000  1       22.56     0.000  2
   2.29     0.000  1       12.50     0.000  1       22.71     0.000  2
   2.44     0.000  1       12.65     0.000  1       22.86     0.000  2
   2.59     0.000  1       12.80     0.000  1       23.01     0.000  2
   2.74     0.000  1       12.95     0.000  1       23.16     0.000  2
   2.90     0.000  1       13.11     0.000  1       23.32     0.000  2
   3.05     0.000  1       13.26     0.000  1       23.47     0.000  2
   3.20     0.000  1       13.41     0.000  1       23.62     0.000  2
   3.35     0.000  1       13.56     0.000  1       23.77     0.000  2
   3.51     0.000  1       13.72     0.000  1       23.93     0.000  2
   3.66     0.000  1       13.87     0.000  1       24.08     0.000  2
   3.81     0.000  1       14.02     0.000  1       24.23     0.000  2
   3.96     0.000  1       14.17     0.000  1       24.38     0.000  2
   4.11     0.000  1       14.33     0.000  1       24.54     0.000  2
   4.27     0.000  1       14.48     0.000  1       24.69     0.000  2
   4.42     0.000  1       14.63     0.000  1       24.84     0.000  2
   4.57     0.000  1       14.78     0.000  1       24.99     0.000  2
   4.72     0.000  1       14.94     0.000  1       25.15     0.000  2
   4.88     0.000  1       15.09     0.000  1       25.30     0.000  2
   5.03     0.000  1       15.24     0.000  1       25.45     0.000  2
   5.18     0.000  1       15.39     0.000  2       25.60     0.000  2
   5.33     0.000  1       15.54     0.000  2       25.76     0.000  2
   5.49     0.000  1       15.70     0.000  2       25.91     0.000  2
   5.64     0.000  1       15.85     0.000  2       26.06     0.000  2
   5.79     0.000  1       16.00     0.000  2       26.21     0.000  2
   5.94     0.000  1       16.15     0.000  2       26.37     0.000  2
   6.10     0.000  1       16.31     0.000  2       26.52     0.000  2
   6.25     0.000  1       16.46     0.000  2       26.67     0.000  2
   6.40     0.000  1       16.61     0.000  2       26.82     0.000  2
   6.55     0.000  1       16.76     0.000  2       26.97     0.000  2
   6.71     0.000  1       16.92     0.000  2       27.13     0.000  2
   6.86     0.000  1       17.07     0.000  2       27.28     0.000  2
   7.01     0.000  1       17.22     0.000  2       27.43     0.000  2
   7.16     0.000  1       17.37     0.000  2       27.58     0.000  2
   7.32     0.000  1       17.53     0.000  2       27.74     0.000  2
   7.47     0.000  1       17.68     0.000  2       27.89     0.000  2
   7.62     0.000  1       17.83     0.000  2       28.04     0.000  2
   7.77     0.000  1       17.98     0.000  2       28.19     0.000  2
   7.92     0.000  1       18.14     0.000  2       28.35     0.000  2
   8.08     0.000  1       18.29     0.000  2       28.50     0.000  2
   8.23     0.000  1       18.44     0.000  2       28.65     0.000  2
   8.38     0.000  1       18.59     0.000  2       28.80     0.000  2
   8.53     0.000  1       18.75     0.000  2       28.96     0.000  2
   8.69     0.000  1       18.90     0.000  2       29.11     0.000  2
   8.84     0.000  1       19.05     0.000  2       29.26     0.000  2
   8.99     0.000  1       19.20     0.000  2       29.41     0.000  2
   9.14     0.000  1       19.35     0.000  2       29.57     0.000  2
   9.30     0.000  1       19.51     0.000  2       29.72     0.000  2
   9.45     0.000  1       19.66     0.000  2       29.87     0.000  2
   9.60     0.000  1       19.81     0.000  2       30.02     0.000  2
   9.75     0.000  1       19.96     0.000  2       30.18     0.000  2
   9.91     0.000  1       20.12     0.000  2       30.33     0.000  2
  10.06     0.000  1       20.27     0.000  2       30.48     0.000  2
  10.21     0.000  1       20.42     0.000  2

note:  (+) soil loss - detachment     (-) soil loss - deposition



III. OFF SITE EFFECTS  OFF SITE EFFECTS  OFF SITE EFFECTS
     ----------------  ----------------  ----------------

     A.  SEDIMENT LEAVING PROFILE for year   10     0.000 kg/m



     B.  SEDIMENT CHARACTERISTICS AND ENRICHMENT

     Sediment particle information leaving profile
-------------------------------------------------------------------------------
                                 Particle Composition         Detached Fraction
Class  Diameter  Specific  ---------------------------------  Sediment  In Flow
         (mm)    Gravity   % Sand   % Silt   % Clay   % O.M.  Fraction  Exiting
-------------------------------------------------------------------------------
  1     0.002      2.60      0.0      0.0    100.0     33.3     0.039    0.000
  2     0.010      2.65      0.0    100.0      0.0      0.0     0.330    0.000
  3     0.030      1.80      0.0     80.0     20.0      6.7     0.270    0.000
  4     0.300      1.60     55.6     21.6     22.8      7.6     0.250    0.000
  5     0.200      2.65    100.0      0.0      0.0      0.0     0.111    0.000
-------------------------------------------------------------------------------


     Weighted SSA enrichment ratio leaving profile for year   10 =   0.00


     ANNUAL AVERAGE SUMMARIES
     ------------------------


I.   RAINFALL AND RUNOFF SUMMARY
     -------- --- ------ -------

      total summary:  years    1 -   10

       840 storms produced                         6161.90 mm of precipitation
        11 rain storm runoff events produced         27.33 mm of runoff
         1 snow melts and/or
             events during winter produced           17.26 mm of runoff

      annual averages
      ---------------

        Number of years                                   10
        Mean annual precipitation                     616.19    mm
        Mean annual runoff from rainfall                2.73    mm
        Mean annual runoff from snow melt
          and/or rain storm during winter               1.73    mm



II.  ON SITE EFFECTS  ON SITE EFFECTS  ON SITE EFFECTS
     ---------------  ---------------  ---------------


  A.  AREA OF NET SOIL LOSS

      ** Soil Loss (Avg. of Net Detachment Areas) =    0.014 kg/m2 **
      ** Maximum Soil Loss  =    0.016 kg/m2 at   30.48 meters **


      Area of    Soil Loss   Soil Loss   MAX   MAX Loss   MIN   MIN Loss
      Net Loss      MEAN      STDEV      Loss    Point    Loss   Point
        (m)       (kg/m2)     (kg/m2)  (kg/m2)    (m)    (kg/m2)  (m)
------------------------------------------------------------------------
   0.00-  30.48    0.014     0.002      0.016   30.48     0.011     2.13



  C.  SOIL LOSS/DEPOSITION ALONG SLOPE PROFILE

          Profile distances are from top to bottom of hillslope


 distance soil  flow    distance   soil  flow    distance   soil  flow
    (m)   loss  elem       (m)     loss  elem       (m)     loss  elem
         (kg/m2)                  (kg/m2)                  (kg/m2)
------------------------------------------------------------------------

   0.15     0.011  1       10.36     0.013  1       20.57     0.015  2
   0.30     0.011  1       10.52     0.013  1       20.73     0.015  2
   0.46     0.011  1       10.67     0.013  1       20.88     0.015  2
   0.61     0.011  1       10.82     0.013  1       21.03     0.015  2
   0.76     0.011  1       10.97     0.013  1       21.18     0.015  2
   0.91     0.011  1       11.13     0.013  1       21.34     0.015  2
   1.07     0.011  1       11.28     0.013  1       21.49     0.015  2
   1.22     0.011  1       11.43     0.013  1       21.64     0.015  2
   1.37     0.011  1       11.58     0.013  1       21.79     0.015  2
   1.52     0.011  1       11.73     0.013  1       21.95     0.015  2
   1.68     0.011  1       11.89     0.013  1       22.10     0.015  2
   1.83     0.011  1       12.04     0.013  1       22.25     0.015  2
   1.98     0.011  1       12.19     0.013  1       22.40     0.015  2
   2.13     0.011  1       12.34     0.013  1       22.56     0.015  2
   2.29     0.011  1       12.50     0.013  1       22.71     0.015  2
   2.44     0.011  1       12.65     0.013  1       22.86     0.015  2
   2.59     0.011  1       12.80     0.013  1       23.01     0.015  2
   2.74     0.011  1       12.95     0.013  1       23.16     0.015  2
   2.90     0.011  1       13.11     0.013  1       23.32     0.016  2
   3.05     0.011  1       13.26     0.013  1       23.47     0.016  2
   3.20     0.011  1       13.41     0.013  1       23.62     0.016  2
   3.35     0.011  1       13.56     0.013  1       23.77     0.016  2
   3.51     0.011  1       13.72     0.013  1       23.93     0.016  2
   3.66     0.011  1       13.87     0.014  1       24.08     0.016  2
   3.81     0.011  1       14.02     0.014  1       24.23     0.016  2
   3.96     0.011  1       14.17     0.014  1       24.38     0.016  2
   4.11     0.011  1       14.33     0.014  1       24.54     0.016  2
   4.27     0.011  1       14.48     0.014  1       24.69     0.016  2
   4.42     0.011  1       14.63     0.014  1       24.84     0.016  2
   4.57     0.011  1       14.78     0.014  1       24.99     0.016  2
   4.72     0.011  1       14.94     0.014  1       25.15     0.016  2
   4.88     0.011  1       15.09     0.014  1       25.30     0.016  2
   5.03     0.012  1       15.24     0.014  1       25.45     0.016  2
   5.18     0.012  1       15.39     0.014  2       25.60     0.016  2
   5.33     0.012  1       15.54     0.014  2       25.76     0.016  2
   5.49     0.012  1       15.70     0.014  2       25.91     0.016  2
   5.64     0.012  1       15.85     0.014  2       26.06     0.016  2
   5.79     0.012  1       16.00     0.014  2       26.21     0.016  2
   5.94     0.012  1       16.15     0.014  2       26.37     0.016  2
   6.10     0.012  1       16.31     0.014  2       26.52     0.016  2
   6.25     0.012  1       16.46     0.014  2       26.67     0.016  2
   6.40     0.012  1       16.61     0.014  2       26.82     0.016  2
   6.55     0.012  1       16.76     0.014  2       26.97     0.016  2
   6.71     0.012  1       16.92     0.014  2       27.13     0.016  2
   6.86     0.012  1       17.07     0.014  2       27.28     0.016  2
   7.01     0.012  1       17.22     0.014  2       27.43     0.016  2
   7.16     0.012  1       17.37     0.014  2       27.58     0.016  2
   7.32     0.012  1       17.53     0.014  2       27.74     0.016  2
   7.47     0.012  1       17.68     0.014  2       27.89     0.016  2
   7.62     0.012  1       17.83     0.014  2       28.04     0.016  2
   7.77     0.012  1       17.98     0.015  2       28.19     0.016  2
   7.92     0.012  1       18.14     0.015  2       28.35     0.016  2
   8.08     0.012  1       18.29     0.015  2       28.50     0.016  2
   8.23     0.012  1       18.44     0.015  2       28.65     0.016  2
   8.38     0.012  1       18.59     0.015  2       28.80     0.016  2
   8.53     0.012  1       18.75     0.015  2       28.96     0.016  2
   8.69     0.012  1       18.90     0.015  2       29.11     0.016  2
   8.84     0.012  1       19.05     0.015  2       29.26     0.016  2
   8.99     0.012  1       19.20     0.015  2       29.41     0.016  2
   9.14     0.012  1       19.35     0.015  2       29.57     0.016  2
   9.30     0.012  1       19.51     0.015  2       29.72     0.016  2
   9.45     0.012  1       19.66     0.015  2       29.87     0.016  2
   9.60     0.013  1       19.81     0.015  2       30.02     0.016  2
   9.75     0.013  1       19.96     0.015  2       30.18     0.016  2
   9.91     0.013  1       20.12     0.015  2       30.33     0.016  2
  10.06     0.013  1       20.27     0.015  2       30.48     0.016  2
  10.21     0.013  1       20.42     0.015  2

note:  (+) soil loss - detachment     (-) soil loss - deposition



III. OFF SITE EFFECTS  OFF SITE EFFECTS  OFF SITE EFFECTS
     ----------------  ----------------  ----------------

     A.  AVERAGE ANNUAL SEDIMENT LEAVING PROFILE
             0.421   kg/m of width
            42.073     kg (based on profile width of    100.000      m)
             0.138   t/ha (assuming contributions from     0.305     ha)


     B.  SEDIMENT CHARACTERISTICS AND ENRICHMENT

     Sediment particle information leaving profile
-------------------------------------------------------------------------------
                                 Particle Composition         Detached Fraction
Class  Diameter  Specific  ---------------------------------  Sediment  In Flow
         (mm)    Gravity   % Sand   % Silt   % Clay   % O.M.  Fraction  Exiting
-------------------------------------------------------------------------------
  1     0.002      2.60      0.0      0.0    100.0     33.3     0.039    0.040
  2     0.010      2.65      0.0    100.0      0.0      0.0     0.330    0.340
  3     0.030      1.80      0.0     80.0     20.0      6.7     0.270    0.278
  4     0.300      1.60     55.6     21.6     22.8      7.6     0.250    0.236
  5     0.200      2.65    100.0      0.0      0.0      0.0     0.111    0.105
-------------------------------------------------------------------------------


     Average annual SSA enrichment ratio leaving profile =   1.00
