 Annual; abbreviated (Metric Units)                                     


          USDA WATER EROSION PREDICTION PROJECT
          -------------------------------------

          HILLSLOPE PROFILE AND WATERSHED MODEL
                     VERSION  2010.100
           January 28,      2010


               TO REPORT PROBLEMS OR TO BE PUT ON THE MAILING
               LIST FOR FUTURE WEPP MODEL RELEASES, PLEASE CONTACT:

                    WEPP TECHNICAL SUPPORT
                    USDA-AGRICULTURAL RESEARCH SERVICE
                    NATIONAL SOIL EROSION RESEARCH LABORATORY
                    275 SOUTH RUSSELL STREET
                    WEST LAFAYETTE, IN 47907-2077  USA

                    PHONE: (765) 494-8673
                      FAX: (765) 494-5948
                    email:  wepp@ecn.purdue.edu
                      URL:  http://topsoil.nserl.purdue.edu


     HILLSLOPE INPUT DATA FILES - VERSION  2010.100
      January 28,      2010


    MANAGEMENT: data/high100.man                                  
 MAN. PRACTICE: Forest conditions following a high severity fire            
                using Cropland input format                                 
                W. Elliot 12/96                                             
         SLOPE: ../working/wepp-1364.slp                          
       CLIMATE: ../working/wepp-1364.cli                          
       Station:  MOSCOW U OF I ID                               CLIGEN VERSION  4.31
          SOIL: ../working/wepp-1364.sol                          
      PLANE  1 ERMiT_h4            clay loam           


     ANNUAL AVERAGE SUMMARIES
     ------------------------


I.   RAINFALL AND RUNOFF SUMMARY
     -------- --- ------ -------

      total summary:  years    1 -  100

     12386 storms produced                        63538.10 mm of precipitation
       792 rain storm runoff events produced       2775.53 mm of runoff
       382 snow melts and/or
             events during winter produced         2287.38 mm of runoff

      annual averages
      ---------------

        Number of years                                  100
        Mean annual precipitation                     635.38    mm
        Mean annual runoff from rainfall               27.76    mm
        Mean annual runoff from snow melt
          and/or rain storm during winter              22.87    mm



II.  ON SITE EFFECTS  ON SITE EFFECTS  ON SITE EFFECTS
     ---------------  ---------------  ---------------


  A.  AREA OF NET SOIL LOSS

      ** Soil Loss (Avg. of Net Detachment Areas) =    5.278 kg/m2 **
      ** Maximum Soil Loss  =   10.726 kg/m2 at   82.30 meters **


      Area of    Soil Loss   Soil Loss   MAX   MAX Loss   MIN   MIN Loss
      Net Loss      MEAN      STDEV      Loss    Point    Loss   Point
        (m)       (kg/m2)     (kg/m2)  (kg/m2)    (m)    (kg/m2)  (m)
------------------------------------------------------------------------
   0.00-  91.44    5.278     3.406     10.726   82.30     0.183     0.91



  C.  SOIL LOSS/DEPOSITION ALONG SLOPE PROFILE

          Profile distances are from top to bottom of hillslope


 distance soil  flow    distance   soil  flow    distance   soil  flow
    (m)   loss  elem       (m)     loss  elem       (m)     loss  elem
         (kg/m2)                  (kg/m2)                  (kg/m2)
------------------------------------------------------------------------

   0.91     0.183  1       32.00     3.226  1       63.09     7.926  1
   1.83     0.183  1       32.92     3.348  1       64.01     8.064  1
   2.74     0.183  1       33.83     3.469  1       64.92     8.202  1
   3.66     0.186  1       34.75     3.590  1       65.84     8.339  1
   4.57     0.206  1       35.66     3.712  1       66.75     8.476  1
   5.49     0.242  1       36.58     3.835  1       67.67     8.612  1
   6.40     0.296  1       37.49     3.960  1       68.58     8.747  1
   7.32     0.366  1       38.40     4.089  1       69.49     8.882  1
   8.23     0.451  1       39.32     4.220  1       70.41     9.015  1
   9.14     0.548  1       40.23     4.354  1       71.32     9.148  1
  10.06     0.643  1       41.15     4.491  1       72.24     9.281  1
  10.97     0.733  1       42.06     4.630  1       73.15     9.412  1
  11.89     0.824  1       42.98     4.770  1       74.07     9.544  1
  12.80     0.918  1       43.89     4.912  1       74.98     9.677  1
  13.72     1.014  1       44.81     5.055  1       75.90     9.810  1
  14.63     1.112  1       45.72     5.200  1       76.81     9.943  1
  15.54     1.213  1       46.63     5.347  1       77.72    10.075  1
  16.46     1.315  1       47.55     5.494  1       78.64    10.206  1
  17.37     1.419  1       48.46     5.641  1       79.55    10.337  1
  18.29     1.524  1       49.38     5.788  1       80.47    10.467  1
  19.20     1.630  1       50.29     5.935  1       81.38    10.596  1
  20.12     1.734  1       51.21     6.081  1       82.30    10.726  1
  21.03     1.839  1       52.12     6.227  1       83.21    10.631  1
  21.95     1.946  1       53.04     6.373  1       84.12    10.307  1
  22.86     2.057  1       53.95     6.518  1       85.04     9.973  1
  23.77     2.170  1       54.86     6.662  1       85.95     9.627  1
  24.69     2.283  1       55.78     6.805  1       86.87     9.273  1
  25.60     2.396  1       56.69     6.948  1       87.78     8.913  1
  26.52     2.510  1       57.61     7.090  1       88.70     8.543  1
  27.43     2.626  1       58.52     7.231  1       89.61     8.161  1
  28.35     2.744  1       59.44     7.372  1       90.53     7.768  1
  29.26     2.864  1       60.35     7.512  1       91.44     7.365  1
  30.18     2.985  1       61.26     7.650  1
  31.09     3.105  1       62.18     7.788  1

note:  (+) soil loss - detachment     (-) soil loss - deposition



III. OFF SITE EFFECTS  OFF SITE EFFECTS  OFF SITE EFFECTS
     ----------------  ----------------  ----------------

     A.  AVERAGE ANNUAL SEDIMENT LEAVING PROFILE
           482.638   kg/m of width
          2413.190     kg (based on profile width of      5.000      m)
            52.782   t/ha (assuming contributions from     0.046     ha)


     B.  SEDIMENT CHARACTERISTICS AND ENRICHMENT

     Sediment particle information leaving profile
-------------------------------------------------------------------------------
                                 Particle Composition         Detached Fraction
Class  Diameter  Specific  ---------------------------------  Sediment  In Flow
         (mm)    Gravity   % Sand   % Silt   % Clay   % O.M.  Fraction  Exiting
-------------------------------------------------------------------------------
  1     0.002      2.60      0.0      0.0    100.0     16.7     0.078    0.078
  2     0.010      2.65      0.0    100.0      0.0      0.0     0.072    0.072
  3     0.040      1.80      0.0     60.0     40.0      6.7     0.378    0.378
  4     0.600      1.60     48.4     35.2     16.5      2.7     0.430    0.430
  5     0.200      2.65    100.0      0.0      0.0      0.0     0.042    0.042
-------------------------------------------------------------------------------


     Average annual SSA enrichment ratio leaving profile =   1.00
