 Annual; abbreviated (Metric Units)                                     


          USDA WATER EROSION PREDICTION PROJECT
          -------------------------------------

          HILLSLOPE PROFILE AND WATERSHED MODEL
                     VERSION  2010.100
           January 28,      2010


               TO REPORT PROBLEMS OR TO BE PUT ON THE MAILING
               LIST FOR FUTURE WEPP MODEL RELEASES, PLEASE CONTACT:

                    WEPP TECHNICAL SUPPORT
                    USDA-AGRICULTURAL RESEARCH SERVICE
                    NATIONAL SOIL EROSION RESEARCH LABORATORY
                    275 SOUTH RUSSELL STREET
                    WEST LAFAYETTE, IN 47907-2077  USA

                    PHONE: (765) 494-8673
                      FAX: (765) 494-5948
                    email:  wepp@ecn.purdue.edu
                      URL:  http://topsoil.nserl.purdue.edu


     HILLSLOPE INPUT DATA FILES - VERSION  2010.100
      January 28,      2010


    MANAGEMENT: data/3outrut.man                                  
 MAN. PRACTICE: Road Section for water to follow ruts, and release over     
                fill-slope to a forest for deposition                       
                W. Elliot & H. Rhee 1/99  USDA Forest Service               
         SLOPE: ../working/wepp-1098.slp                          
       CLIMATE: ../working/wepp-1098.cli                          
       Station:  DENVER WB AP CO                                CLIGEN VERSION  4.31
          SOIL: ../working/wepp-1098.sol                          
      PLANE  1 Road                silt loam           
      PLANE  2 Fill                silt loam           
      PLANE  3 Forest              silt loam           


     ANNUAL AVERAGE SUMMARIES
     ------------------------


I.   RAINFALL AND RUNOFF SUMMARY
     -------- --- ------ -------

      total summary:  years    1 -   50

      4379 storms produced                        19054.10 mm of precipitation
       209 rain storm runoff events produced        163.25 mm of runoff
         3 snow melts and/or
             events during winter produced            3.16 mm of runoff

      annual averages
      ---------------

        Number of years                                   50
        Mean annual precipitation                     381.08    mm
        Mean annual runoff from rainfall                3.26    mm
        Mean annual runoff from snow melt
          and/or rain storm during winter               0.06    mm



II.  ON SITE EFFECTS  ON SITE EFFECTS  ON SITE EFFECTS
     ---------------  ---------------  ---------------


  A.  AREA OF NET SOIL LOSS

      ** Soil Loss (Avg. of Net Detachment Areas) =    0.145 kg/m2 **
      ** Maximum Soil Loss  =    1.395 kg/m2 at   65.53 meters **


      Area of    Soil Loss   Soil Loss   MAX   MAX Loss   MIN   MIN Loss
      Net Loss      MEAN      STDEV      Loss    Point    Loss   Point
        (m)       (kg/m2)     (kg/m2)  (kg/m2)    (m)    (kg/m2)  (m)
------------------------------------------------------------------------
   0.00-  67.51    0.175     0.837      1.395   65.53     0.030    67.51
  83.36-  99.21    0.015     0.002      0.017   84.15     0.004    99.21

  B.  AREA OF SOIL DEPOSITION

      ** Soil Deposition (Avg. of Net Deposition Areas) =    -0.346 kg/m2 **
      ** Maximum Soil Deposition  =    -1.228 kg/m2 at   76.23 meters **

      Area of    Soil Dep   Soil Dep     MAX    MAX Dep   MIN   MIN Dep
      Net Dep       MEAN     STDEV       Dep     Point    Dep    Point
        (m)       (kg/m2)    (kg/m2)   (kg/m2)    (m)    (kg/m2)  (m)
------------------------------------------------------------------------
  67.51-  83.36   -0.461     0.309     -1.228   76.23    -0.034    67.91
  99.21- 105.15   -0.040     0.033     -0.090  105.15    -0.002    99.60



  C.  SOIL LOSS/DEPOSITION ALONG SLOPE PROFILE

          Profile distances are from top to bottom of hillslope


 distance soil  flow    distance   soil  flow    distance   soil  flow
    (m)   loss  elem       (m)     loss  elem       (m)     loss  elem
         (kg/m2)                  (kg/m2)                  (kg/m2)
------------------------------------------------------------------------

   0.61     0.063  1       61.01     0.173  2       65.93     0.123  3
   1.22     0.063  1       61.05     0.479  2       66.32     0.098  3
   1.83     0.063  1       61.10     0.761  2       66.72     0.074  3
   2.44     0.063  1       61.14     1.022  2       67.11     0.046  3
   3.05     0.063  1       61.19     1.266  2       67.51     0.030  3
   3.66     0.063  1       61.23     1.382  2       67.91    -0.034  3
   4.27     0.063  1       61.28     1.382  2       68.30    -0.120  3
   4.88     0.063  1       61.33     1.382  2       68.70    -0.119  3
   5.49     0.063  1       61.37     1.381  2       69.10    -0.232  3
   6.10     0.064  1       61.42     1.378  2       69.49    -0.126  3
   6.71     0.064  1       61.46     1.382  2       69.89    -0.382  3
   7.32     0.064  1       61.51     1.382  2       70.28    -0.362  3
   7.92     0.064  1       61.55     1.381  2       70.68    -1.018  3
   8.53     0.064  1       61.60     1.381  2       71.08    -0.443  3
   9.14     0.065  1       61.65     1.383  2       71.47    -0.541  3
   9.75     0.065  1       61.69     1.383  2       71.87    -0.860  3
  10.36     0.065  1       61.74     1.383  2       72.27    -0.414  3
  10.97     0.066  1       61.78     1.384  2       72.66    -0.396  3
  11.58     0.066  1       61.83     1.384  2       73.06    -1.115  3
  12.19     0.066  1       61.87     1.384  2       73.45    -1.024  3
  12.80     0.067  1       61.92     1.384  2       73.85    -0.940  3
  13.41     0.067  1       61.97     1.384  2       74.25    -0.729  3
  14.02     0.068  1       62.01     1.384  2       74.64    -0.401  3
  14.63     0.068  1       62.06     1.384  2       75.04    -0.189  3
  15.24     0.069  1       62.10     1.385  2       75.44    -0.159  3
  15.85     0.070  1       62.15     1.383  2       75.83    -0.579  3
  16.46     0.070  1       62.19     1.377  2       76.23    -1.228  3
  17.07     0.071  1       62.24     1.385  2       76.62    -0.647  3
  17.68     0.071  1       62.29     1.385  2       77.02    -0.717  3
  18.29     0.072  1       62.33     1.385  2       77.42    -0.329  3
  18.90     0.073  1       62.38     1.362  2       77.81    -0.622  3
  19.51     0.073  1       62.42     1.386  2       78.21    -0.311  3
  20.12     0.074  1       62.47     1.386  2       78.60    -0.373  3
  20.73     0.075  1       62.51     1.386  2       79.00    -0.578  3
  21.34     0.076  1       62.56     1.386  2       79.40    -0.372  3
  21.95     0.076  1       62.61     1.386  2       79.79    -0.117  3
  22.56     0.077  1       62.65     1.386  2       80.19    -0.274  3
  23.16     0.078  1       62.70     1.387  2       80.59    -0.239  3
  23.77     0.079  1       62.74     1.387  2       80.98    -0.043  3
  24.38     0.080  1       62.79     1.387  2       81.38    -0.133  3
  24.99     0.080  1       62.83     1.373  2       81.77    -0.252  3
  25.60     0.081  1       62.88     1.387  2       82.17    -0.313  3
  26.21     0.082  1       62.93     1.387  2       82.57    -0.587  3
  26.82     0.083  1       62.97     1.387  2       82.96    -0.728  3
  27.43     0.084  1       63.02     1.387  2       83.36    -0.403  3
  28.04     0.084  1       63.06     1.388  2       83.76     0.010  3
  28.65     0.085  1       63.11     1.388  2       84.15     0.017  3
  29.26     0.086  1       63.15     1.388  2       84.55     0.017  3
  29.87     0.087  1       63.20     1.388  2       84.94     0.017  3
  30.48     0.087  1       63.25     1.388  2       85.34     0.017  3
  31.09     0.088  1       63.29     1.388  2       85.74     0.017  3
  31.70     0.089  1       63.34     1.388  2       86.13     0.017  3
  32.31     0.090  1       63.38     1.388  2       86.53     0.016  3
  32.92     0.091  1       63.43     1.389  2       86.92     0.016  3
  33.53     0.092  1       63.47     1.389  2       87.32     0.016  3
  34.14     0.092  1       63.52     1.389  2       87.72     0.016  3
  34.75     0.093  1       63.56     1.389  2       88.11     0.016  3
  35.36     0.094  1       63.61     1.389  2       88.51     0.016  3
  35.97     0.095  1       63.66     1.389  2       88.91     0.016  3
  36.58     0.096  1       63.70     1.389  2       89.30     0.016  3
  37.19     0.096  1       63.75     1.389  2       89.70     0.016  3
  37.80     0.097  1       63.79     1.389  2       90.09     0.015  3
  38.40     0.098  1       63.84     1.390  2       90.49     0.015  3
  39.01     0.099  1       63.88     1.390  2       90.89     0.015  3
  39.62     0.100  1       63.93     1.390  2       91.28     0.015  3
  40.23     0.101  1       63.98     1.390  2       91.68     0.015  3
  40.84     0.101  1       64.02     1.390  2       92.08     0.015  3
  41.45     0.102  1       64.07     1.390  2       92.47     0.015  3
  42.06     0.103  1       64.11     1.390  2       92.87     0.015  3
  42.67     0.104  1       64.16     1.390  2       93.26     0.015  3
  43.28     0.105  1       64.20     1.390  2       93.66     0.015  3
  43.89     0.105  1       64.25     1.391  2       94.06     0.014  3
  44.50     0.106  1       64.30     1.391  2       94.45     0.014  3
  45.11     0.107  1       64.34     1.391  2       94.85     0.014  3
  45.72     0.108  1       64.39     1.391  2       95.25     0.014  3
  46.33     0.109  1       64.43     1.391  2       95.64     0.014  3
  46.94     0.109  1       64.48     1.391  2       96.04     0.014  3
  47.55     0.110  1       64.52     1.391  2       96.43     0.014  3
  48.16     0.111  1       64.57     1.391  2       96.83     0.014  3
  48.77     0.112  1       64.62     1.392  2       97.23     0.014  3
  49.38     0.113  1       64.66     1.392  2       97.62     0.014  3
  49.99     0.113  1       64.71     1.392  2       98.02     0.013  3
  50.60     0.114  1       64.75     1.392  2       98.41     0.013  3
  51.21     0.115  1       64.80     1.392  2       98.81     0.010  3
  51.82     0.116  1       64.84     1.393  2       99.21     0.004  3
  52.43     0.116  1       64.89     1.393  2       99.60    -0.002  3
  53.04     0.117  1       64.94     1.393  2      100.00    -0.007  3
  53.64     0.118  1       64.98     1.393  2      100.40    -0.011  3
  54.25     0.119  1       65.03     1.393  2      100.79    -0.015  3
  54.86     0.120  1       65.07     1.393  2      101.19    -0.018  3
  55.47     0.120  1       65.12     1.394  2      101.58    -0.021  3
  56.08     0.121  1       65.16     1.394  2      101.98    -0.023  3
  56.69     0.122  1       65.21     1.394  2      102.38    -0.025  3
  57.30     0.123  1       65.26     1.394  2      102.77    -0.027  3
  57.91     0.123  1       65.30     1.394  2      103.17    -0.043  3
  58.52     0.124  1       65.35     1.395  2      103.57    -0.069  3
  59.13     0.125  1       65.39     1.395  2      103.96    -0.081  3
  59.74     0.126  1       65.44     1.395  2      104.36    -0.085  3
  60.35     0.126  1       65.48     1.395  2      104.75    -0.087  3
  60.96     0.127  1       65.53     1.395  2      105.15    -0.090  3

note:  (+) soil loss - detachment     (-) soil loss - deposition



III. OFF SITE EFFECTS  OFF SITE EFFECTS  OFF SITE EFFECTS
     ----------------  ----------------  ----------------

     A.  AVERAGE ANNUAL SEDIMENT LEAVING PROFILE
             4.497   kg/m of width
            17.809     kg (based on profile width of      3.960      m)
             0.428   t/ha (assuming contributions from     0.042     ha)


     B.  SEDIMENT CHARACTERISTICS AND ENRICHMENT

     Sediment particle information leaving profile
-------------------------------------------------------------------------------
                                 Particle Composition         Detached Fraction
Class  Diameter  Specific  ---------------------------------  Sediment  In Flow
         (mm)    Gravity   % Sand   % Silt   % Clay   % O.M.  Fraction  Exiting
-------------------------------------------------------------------------------
  1     0.002      2.60      0.0      0.0    100.0     53.3     0.039    0.040
  2     0.010      2.65      0.0    100.0      0.0      0.0     0.280    0.256
  3     0.030      1.80      0.0     78.6     21.4     11.4     0.270    0.274
  4     0.300      1.60     60.1     20.8     19.1     10.2     0.278    0.290
  5     0.200      2.65    100.0      0.0      0.0      0.0     0.133    0.141
-------------------------------------------------------------------------------


     Average annual SSA enrichment ratio leaving profile =   1.03
