 Annual; abbreviated (Metric Units)                                     


          USDA WATER EROSION PREDICTION PROJECT
          -------------------------------------

          HILLSLOPE PROFILE AND WATERSHED MODEL
                     VERSION  2010.100
           January 28,      2010


               TO REPORT PROBLEMS OR TO BE PUT ON THE MAILING
               LIST FOR FUTURE WEPP MODEL RELEASES, PLEASE CONTACT:

                    WEPP TECHNICAL SUPPORT
                    USDA-AGRICULTURAL RESEARCH SERVICE
                    NATIONAL SOIL EROSION RESEARCH LABORATORY
                    275 SOUTH RUSSELL STREET
                    WEST LAFAYETTE, IN 47907-2077  USA

                    PHONE: (765) 494-8673
                      FAX: (765) 494-5948
                    email:  wepp@ecn.purdue.edu
                      URL:  http://topsoil.nserl.purdue.edu


     HILLSLOPE INPUT DATA FILES - VERSION  2010.100
      January 28,      2010


    MANAGEMENT: data/high100.man                                  
 MAN. PRACTICE: Forest conditions following a high severity fire            
                using Cropland input format                                 
                W. Elliot 12/96                                             
         SLOPE: ../working/wepp-574.slp                           
       CLIMATE: ../working/wepp-574.cli                           
       Station:  MOUNT SHASTA CA                                CLIGEN VERSION  4.31
          SOIL: ../working/wepp-574.sol                           
      PLANE  1 ERMiT_h4            silt loam           


     ANNUAL AVERAGE SUMMARIES
     ------------------------


I.   RAINFALL AND RUNOFF SUMMARY
     -------- --- ------ -------

      total summary:  years    1 -  100

      9004 storms produced                        96009.60 mm of precipitation
       353 rain storm runoff events produced       2804.55 mm of runoff
       311 snow melts and/or
             events during winter produced         4399.57 mm of runoff

      annual averages
      ---------------

        Number of years                                  100
        Mean annual precipitation                     960.10    mm
        Mean annual runoff from rainfall               28.05    mm
        Mean annual runoff from snow melt
          and/or rain storm during winter              44.00    mm



II.  ON SITE EFFECTS  ON SITE EFFECTS  ON SITE EFFECTS
     ---------------  ---------------  ---------------


  A.  AREA OF NET SOIL LOSS

      ** Soil Loss (Avg. of Net Detachment Areas) =   20.067 kg/m2 **
      ** Maximum Soil Loss  =   35.796 kg/m2 at   82.30 meters **


      Area of    Soil Loss   Soil Loss   MAX   MAX Loss   MIN   MIN Loss
      Net Loss      MEAN      STDEV      Loss    Point    Loss   Point
        (m)       (kg/m2)     (kg/m2)  (kg/m2)    (m)    (kg/m2)  (m)
------------------------------------------------------------------------
   0.00-  91.44   20.067    11.003     35.796   82.30     0.279     0.91



  C.  SOIL LOSS/DEPOSITION ALONG SLOPE PROFILE

          Profile distances are from top to bottom of hillslope


 distance soil  flow    distance   soil  flow    distance   soil  flow
    (m)   loss  elem       (m)     loss  elem       (m)     loss  elem
         (kg/m2)                  (kg/m2)                  (kg/m2)
------------------------------------------------------------------------

   0.91     0.279  1       32.00    15.617  1       63.09    28.991  1
   1.83     0.282  1       32.92    16.074  1       64.01    29.332  1
   2.74     0.282  1       33.83    16.526  1       64.92    29.673  1
   3.66     0.285  1       34.75    16.975  1       65.84    30.011  1
   4.57     0.341  1       35.66    17.421  1       66.75    30.348  1
   5.49     0.516  1       36.58    17.861  1       67.67    30.681  1
   6.40     0.801  1       37.49    18.297  1       68.58    31.013  1
   7.32     1.183  1       38.40    18.728  1       69.49    31.348  1
   8.23     1.700  1       39.32    19.155  1       70.41    31.680  1
   9.14     2.497  1       40.23    19.577  1       71.32    32.010  1
  10.06     3.255  1       41.15    19.996  1       72.24    32.338  1
  10.97     3.809  1       42.06    20.410  1       73.15    32.664  1
  11.89     4.371  1       42.98    20.819  1       74.07    32.987  1
  12.80     4.927  1       43.89    21.225  1       74.98    33.308  1
  13.72     5.481  1       44.81    21.626  1       75.90    33.626  1
  14.63     6.032  1       45.72    22.023  1       76.81    33.943  1
  15.54     6.579  1       46.63    22.416  1       77.72    34.257  1
  16.46     7.119  1       47.55    22.806  1       78.64    34.569  1
  17.37     7.655  1       48.46    23.192  1       79.55    34.879  1
  18.29     8.185  1       49.38    23.574  1       80.47    35.186  1
  19.20     8.711  1       50.29    23.953  1       81.38    35.492  1
  20.12     9.232  1       51.21    24.329  1       82.30    35.796  1
  21.03     9.750  1       52.12    24.701  1       83.21    35.375  1
  21.95    10.265  1       53.04    25.069  1       84.12    34.204  1
  22.86    10.776  1       53.95    25.436  1       85.04    32.992  1
  23.77    11.283  1       54.86    25.804  1       85.95    31.738  1
  24.69    11.782  1       55.78    26.170  1       86.87    30.440  1
  25.60    12.278  1       56.69    26.533  1       87.78    29.099  1
  26.52    12.770  1       57.61    26.893  1       88.70    27.726  1
  27.43    13.256  1       58.52    27.250  1       89.61    26.312  1
  28.35    13.736  1       59.44    27.604  1       90.53    24.856  1
  29.26    14.212  1       60.35    27.955  1       91.44    23.348  1
  30.18    14.686  1       61.26    28.303  1
  31.09    15.155  1       62.18    28.648  1

note:  (+) soil loss - detachment     (-) soil loss - deposition



III. OFF SITE EFFECTS  OFF SITE EFFECTS  OFF SITE EFFECTS
     ----------------  ----------------  ----------------

     A.  AVERAGE ANNUAL SEDIMENT LEAVING PROFILE
          1834.886   kg/m of width
          9174.431     kg (based on profile width of      5.000      m)
           200.666   t/ha (assuming contributions from     0.046     ha)


     B.  SEDIMENT CHARACTERISTICS AND ENRICHMENT

     Sediment particle information leaving profile
-------------------------------------------------------------------------------
                                 Particle Composition         Detached Fraction
Class  Diameter  Specific  ---------------------------------  Sediment  In Flow
         (mm)    Gravity   % Sand   % Silt   % Clay   % O.M.  Fraction  Exiting
-------------------------------------------------------------------------------
  1     0.002      2.60      0.0      0.0    100.0      6.7     0.039    0.039
  2     0.010      2.65      0.0    100.0      0.0      0.0     0.330    0.330
  3     0.030      1.80      0.0     80.0     20.0      1.3     0.270    0.270
  4     0.300      1.60     55.6     21.6     22.8      1.5     0.250    0.250
  5     0.200      2.65    100.0      0.0      0.0      0.0     0.111    0.111
-------------------------------------------------------------------------------


     Average annual SSA enrichment ratio leaving profile =   1.00
