 Annual; abbreviated (Metric Units)                                     


          USDA WATER EROSION PREDICTION PROJECT
          -------------------------------------

          HILLSLOPE PROFILE AND WATERSHED MODEL
                     VERSION  2010.100
           January 28,      2010


               TO REPORT PROBLEMS OR TO BE PUT ON THE MAILING
               LIST FOR FUTURE WEPP MODEL RELEASES, PLEASE CONTACT:

                    WEPP TECHNICAL SUPPORT
                    USDA-AGRICULTURAL RESEARCH SERVICE
                    NATIONAL SOIL EROSION RESEARCH LABORATORY
                    275 SOUTH RUSSELL STREET
                    WEST LAFAYETTE, IN 47907-2077  USA

                    PHONE: (765) 494-8673
                      FAX: (765) 494-5948
                    email:  wepp@ecn.purdue.edu
                      URL:  http://topsoil.nserl.purdue.edu


     HILLSLOPE INPUT DATA FILES - VERSION  2010.100
      January 28,      2010


    MANAGEMENT: data/high100.man                                  
 MAN. PRACTICE: Forest conditions following a high severity fire            
                using Cropland input format                                 
                W. Elliot 12/96                                             
         SLOPE: ../working/wepp-1256.slp                          
       CLIMATE: ../working/wepp-1256.cli                          
       Station:  FLAGSTAFF WB AP AZ                             CLIGEN VERSION  4.31
          SOIL: ../working/wepp-1256.sol                          
      PLANE  1 ERMiT_u1            loam                


     ANNUAL AVERAGE SUMMARIES
     ------------------------


I.   RAINFALL AND RUNOFF SUMMARY
     -------- --- ------ -------

      total summary:  years    1 -  100

      8198 storms produced                        57518.40 mm of precipitation
        98 rain storm runoff events produced        710.77 mm of runoff
        10 snow melts and/or
             events during winter produced           69.81 mm of runoff

      annual averages
      ---------------

        Number of years                                  100
        Mean annual precipitation                     575.18    mm
        Mean annual runoff from rainfall                7.11    mm
        Mean annual runoff from snow melt
          and/or rain storm during winter               0.70    mm



II.  ON SITE EFFECTS  ON SITE EFFECTS  ON SITE EFFECTS
     ---------------  ---------------  ---------------


  A.  AREA OF NET SOIL LOSS

      ** Soil Loss (Avg. of Net Detachment Areas) =    0.050 kg/m2 **
      ** Maximum Soil Loss  =    0.084 kg/m2 at   82.30 meters **


      Area of    Soil Loss   Soil Loss   MAX   MAX Loss   MIN   MIN Loss
      Net Loss      MEAN      STDEV      Loss    Point    Loss   Point
        (m)       (kg/m2)     (kg/m2)  (kg/m2)    (m)    (kg/m2)  (m)
------------------------------------------------------------------------
   0.00-  91.44    0.050     0.024      0.084   82.30     0.000     0.91



  C.  SOIL LOSS/DEPOSITION ALONG SLOPE PROFILE

          Profile distances are from top to bottom of hillslope


 distance soil  flow    distance   soil  flow    distance   soil  flow
    (m)   loss  elem       (m)     loss  elem       (m)     loss  elem
         (kg/m2)                  (kg/m2)                  (kg/m2)
------------------------------------------------------------------------

   0.91     0.000  1       32.00     0.041  1       63.09     0.069  1
   1.83     0.000  1       32.92     0.042  1       64.01     0.069  1
   2.74     0.001  1       33.83     0.042  1       64.92     0.070  1
   3.66     0.002  1       34.75     0.043  1       65.84     0.071  1
   4.57     0.003  1       35.66     0.044  1       66.75     0.072  1
   5.49     0.005  1       36.58     0.045  1       67.67     0.073  1
   6.40     0.007  1       37.49     0.046  1       68.58     0.073  1
   7.32     0.009  1       38.40     0.047  1       69.49     0.074  1
   8.23     0.012  1       39.32     0.048  1       70.41     0.075  1
   9.14     0.014  1       40.23     0.049  1       71.32     0.076  1
  10.06     0.016  1       41.15     0.049  1       72.24     0.076  1
  10.97     0.017  1       42.06     0.050  1       73.15     0.077  1
  11.89     0.018  1       42.98     0.051  1       74.07     0.078  1
  12.80     0.020  1       43.89     0.052  1       74.98     0.078  1
  13.72     0.021  1       44.81     0.053  1       75.90     0.079  1
  14.63     0.022  1       45.72     0.054  1       76.81     0.080  1
  15.54     0.023  1       46.63     0.054  1       77.72     0.081  1
  16.46     0.024  1       47.55     0.055  1       78.64     0.081  1
  17.37     0.025  1       48.46     0.056  1       79.55     0.082  1
  18.29     0.026  1       49.38     0.057  1       80.47     0.083  1
  19.20     0.027  1       50.29     0.058  1       81.38     0.084  1
  20.12     0.028  1       51.21     0.058  1       82.30     0.084  1
  21.03     0.029  1       52.12     0.059  1       83.21     0.084  1
  21.95     0.030  1       53.04     0.060  1       84.12     0.082  1
  22.86     0.031  1       53.95     0.061  1       85.04     0.080  1
  23.77     0.032  1       54.86     0.062  1       85.95     0.078  1
  24.69     0.033  1       55.78     0.062  1       86.87     0.075  1
  25.60     0.034  1       56.69     0.063  1       87.78     0.073  1
  26.52     0.035  1       57.61     0.064  1       88.70     0.071  1
  27.43     0.036  1       58.52     0.065  1       89.61     0.068  1
  28.35     0.037  1       59.44     0.066  1       90.53     0.066  1
  29.26     0.038  1       60.35     0.066  1       91.44     0.063  1
  30.18     0.039  1       61.26     0.067  1
  31.09     0.040  1       62.18     0.068  1

note:  (+) soil loss - detachment     (-) soil loss - deposition



III. OFF SITE EFFECTS  OFF SITE EFFECTS  OFF SITE EFFECTS
     ----------------  ----------------  ----------------

     A.  AVERAGE ANNUAL SEDIMENT LEAVING PROFILE
             4.588   kg/m of width
            22.938     kg (based on profile width of      5.000      m)
             0.502   t/ha (assuming contributions from     0.046     ha)


     B.  SEDIMENT CHARACTERISTICS AND ENRICHMENT

     Sediment particle information leaving profile
-------------------------------------------------------------------------------
                                 Particle Composition         Detached Fraction
Class  Diameter  Specific  ---------------------------------  Sediment  In Flow
         (mm)    Gravity   % Sand   % Silt   % Clay   % O.M.  Fraction  Exiting
-------------------------------------------------------------------------------
  1     0.002      2.60      0.0      0.0    100.0      5.0     0.052    0.052
  2     0.010      2.65      0.0    100.0      0.0      0.0     0.092    0.092
  3     0.030      1.80      0.0     63.6     36.4      1.8     0.258    0.258
  4     0.400      1.60     67.2     20.8     12.0      0.6     0.451    0.451
  5     0.200      2.65    100.0      0.0      0.0      0.0     0.147    0.147
-------------------------------------------------------------------------------


     Average annual SSA enrichment ratio leaving profile =   1.00
