 Annual; abbreviated (Metric Units)                                     


          USDA WATER EROSION PREDICTION PROJECT
          -------------------------------------

          HILLSLOPE PROFILE AND WATERSHED MODEL
                     VERSION  2010.100
           January 28,      2010


               TO REPORT PROBLEMS OR TO BE PUT ON THE MAILING
               LIST FOR FUTURE WEPP MODEL RELEASES, PLEASE CONTACT:

                    WEPP TECHNICAL SUPPORT
                    USDA-AGRICULTURAL RESEARCH SERVICE
                    NATIONAL SOIL EROSION RESEARCH LABORATORY
                    275 SOUTH RUSSELL STREET
                    WEST LAFAYETTE, IN 47907-2077  USA

                    PHONE: (765) 494-8673
                      FAX: (765) 494-5948
                    email:  wepp@ecn.purdue.edu
                      URL:  http://topsoil.nserl.purdue.edu


     HILLSLOPE INPUT DATA FILES - VERSION  2010.100
      January 28,      2010


    MANAGEMENT: data/3inslope.man                                 
 MAN. PRACTICE: Road Section to collect water and then release through      
                ditch and culvert to a fill and forest for deposition       
                W. Elliot & H. Rhee 1/99  USDA Forest Service               
         SLOPE: ../working/wepp-1053.slp                          
       CLIMATE: ../working/wepp-1053.cli                          
       Station:  FLAGSTAFF WB AP AZ                             CLIGEN VERSION  4.31
          SOIL: ../working/wepp-1053.sol                          
      PLANE  1 Road                loam                
      PLANE  2 Fill                loam                
      PLANE  3 Forest              loam                


     ANNUAL AVERAGE SUMMARIES
     ------------------------


I.   RAINFALL AND RUNOFF SUMMARY
     -------- --- ------ -------

      total summary:  years    1 -   50

      4131 storms produced                        29167.30 mm of precipitation
      1000 rain storm runoff events produced        593.17 mm of runoff
      1168 snow melts and/or
             events during winter produced          586.51 mm of runoff

      annual averages
      ---------------

        Number of years                                   50
        Mean annual precipitation                     583.35    mm
        Mean annual runoff from rainfall               11.86    mm
        Mean annual runoff from snow melt
          and/or rain storm during winter              11.73    mm



II.  ON SITE EFFECTS  ON SITE EFFECTS  ON SITE EFFECTS
     ---------------  ---------------  ---------------


  A.  AREA OF NET SOIL LOSS

      ** Soil Loss (Avg. of Net Detachment Areas) =    0.268 kg/m2 **
      ** Maximum Soil Loss  =    1.657 kg/m2 at   61.23 meters **


      Area of    Soil Loss   Soil Loss   MAX   MAX Loss   MIN   MIN Loss
      Net Loss      MEAN      STDEV      Loss    Point    Loss   Point
        (m)       (kg/m2)     (kg/m2)  (kg/m2)    (m)    (kg/m2)  (m)
------------------------------------------------------------------------
   0.00-  65.53    0.309     0.672      1.657   61.23     0.000     0.61
  65.93-  66.32    0.132     0.000      0.132   66.32     0.132    66.32
  84.15-  84.55    0.002     0.000      0.002   84.55     0.002    84.55
  88.51-  89.30    0.029     0.000      0.030   88.91     0.029    89.30
  89.70-  90.89    0.027     0.003      0.029   90.09     0.024    90.89
  92.47-  94.06    0.028     0.000      0.028   92.87     0.028    94.06
  94.85-  98.41    0.028     0.000      0.028   95.25     0.027    98.41
  99.21- 102.77    0.025     0.004      0.027   99.60     0.016   102.77

      Single Point     Single Point
       Soil Area          Loss
         (m)             (kg/m2/)
      ------------------------------
        66.32             0.132
        84.55             0.002

  B.  AREA OF SOIL DEPOSITION

      ** Soil Deposition (Avg. of Net Deposition Areas) =    -0.473 kg/m2 **
      ** Maximum Soil Deposition  =    -1.529 kg/m2 at   70.68 meters **

      Area of    Soil Dep   Soil Dep     MAX    MAX Dep   MIN   MIN Dep
      Net Dep       MEAN     STDEV       Dep     Point    Dep    Point
        (m)       (kg/m2)    (kg/m2)   (kg/m2)    (m)    (kg/m2)  (m)
------------------------------------------------------------------------
  65.53-  65.93   -0.032     0.000     -0.032   65.93    -0.032    65.93
  66.32-  84.15   -0.673     0.391     -1.529   70.68    -0.008    84.15
  84.55-  88.51   -0.134     0.068     -0.208   88.11    -0.024    87.32
  89.30-  89.70   -0.067     0.000     -0.067   89.70    -0.067    89.70
  90.89-  92.47   -0.037     0.040     -0.077   92.08    -0.002    92.47
  94.06-  94.85   -0.078     0.061     -0.121   94.85    -0.035    94.45
  98.41-  99.21   -0.040     0.001     -0.041   98.81    -0.040    99.21
 102.77- 105.15   -0.250     0.208     -0.549  105.15    -0.010   103.17

      Single Point     Single Point
       Soil Area          Dep
         (m)             (kg/m2/)
      ------------------------------
        65.93            -0.032
        89.70            -0.067



  C.  SOIL LOSS/DEPOSITION ALONG SLOPE PROFILE

          Profile distances are from top to bottom of hillslope


 distance soil  flow    distance   soil  flow    distance   soil  flow
    (m)   loss  elem       (m)     loss  elem       (m)     loss  elem
         (kg/m2)                  (kg/m2)                  (kg/m2)
------------------------------------------------------------------------

   0.61     0.000  1       61.01     0.016  2       65.93    -0.032  3
   1.22     0.000  1       61.05     0.182  2       66.32     0.132  3
   1.83     0.000  1       61.10     0.513  2       66.72    -0.147  3
   2.44     0.000  1       61.14     0.936  2       67.11    -0.225  3
   3.05     0.000  1       61.19     1.412  2       67.51    -0.674  3
   3.66     0.001  1       61.23     1.657  2       67.91    -0.883  3
   4.27     0.002  1       61.28     1.650  2       68.30    -0.615  3
   4.88     0.003  1       61.33     1.609  2       68.70    -0.619  3
   5.49     0.005  1       61.37     1.636  2       69.10    -0.771  3
   6.10     0.007  1       61.42     1.613  2       69.49    -1.017  3
   6.71     0.010  1       61.46     1.622  2       69.89    -1.097  3
   7.32     0.013  1       61.51     1.602  2       70.28    -1.061  3
   7.92     0.017  1       61.55     1.539  2       70.68    -1.529  3
   8.53     0.020  1       61.60     1.565  2       71.08    -1.489  3
   9.14     0.024  1       61.65     1.599  2       71.47    -1.383  3
   9.75     0.028  1       61.69     1.548  2       71.87    -1.079  3
  10.36     0.032  1       61.74     1.581  2       72.27    -1.023  3
  10.97     0.037  1       61.78     1.418  2       72.66    -1.302  3
  11.58     0.041  1       61.83     1.471  2       73.06    -1.143  3
  12.19     0.046  1       61.87     1.472  2       73.45    -1.267  3
  12.80     0.050  1       61.92     1.450  2       73.85    -0.924  3
  13.41     0.055  1       61.97     1.443  2       74.25    -0.620  3
  14.02     0.060  1       62.01     1.550  2       74.64    -0.789  3
  14.63     0.065  1       62.06     1.452  2       75.04    -0.833  3
  15.24     0.070  1       62.10     1.308  2       75.44    -0.411  3
  15.85     0.075  1       62.15     1.227  2       75.83    -0.478  3
  16.46     0.080  1       62.19     1.258  2       76.23    -0.424  3
  17.07     0.085  1       62.24     1.520  2       76.62    -0.697  3
  17.68     0.090  1       62.29     1.315  2       77.02    -0.547  3
  18.29     0.095  1       62.33     1.042  2       77.42    -0.580  3
  18.90     0.100  1       62.38     1.113  2       77.81    -0.690  3
  19.51     0.106  1       62.42     1.421  2       78.21    -0.854  3
  20.12     0.111  1       62.47     1.390  2       78.60    -0.483  3
  20.73     0.117  1       62.51     1.402  2       79.00    -0.265  3
  21.34     0.122  1       62.56     1.014  2       79.40    -0.647  3
  21.95     0.128  1       62.61     1.423  2       79.79    -0.575  3
  22.56     0.134  1       62.65     1.419  2       80.19    -0.341  3
  23.16     0.140  1       62.70     1.276  2       80.59    -0.431  3
  23.77     0.146  1       62.74     1.435  2       80.98    -0.516  3
  24.38     0.152  1       62.79     1.305  2       81.38    -0.062  3
  24.99     0.158  1       62.83     1.122  2       81.77    -0.079  3
  25.60     0.164  1       62.88     1.440  2       82.17    -0.082  3
  26.21     0.170  1       62.93     1.293  2       82.57    -0.330  3
  26.82     0.177  1       62.97     1.082  2       82.96    -0.603  3
  27.43     0.183  1       63.02     1.202  2       83.36    -0.409  3
  28.04     0.190  1       63.06     1.144  2       83.76    -0.287  3
  28.65     0.196  1       63.11     1.143  2       84.15    -0.008  3
  29.26     0.202  1       63.15     1.247  2       84.55     0.002  3
  29.87     0.209  1       63.20     1.050  2       84.94    -0.158  3
  30.48     0.216  1       63.25     0.998  2       85.34    -0.141  3
  31.09     0.222  1       63.29     1.175  2       85.74    -0.189  3
  31.70     0.229  1       63.34     1.163  2       86.13    -0.180  3
  32.31     0.236  1       63.38     0.956  2       86.53    -0.181  3
  32.92     0.242  1       63.43     0.947  2       86.92    -0.065  3
  33.53     0.249  1       63.47     1.295  2       87.32    -0.024  3
  34.14     0.256  1       63.52     0.892  2       87.72    -0.163  3
  34.75     0.263  1       63.56     1.257  2       88.11    -0.208  3
  35.36     0.270  1       63.61     1.169  2       88.51    -0.034  3
  35.97     0.277  1       63.66     0.924  2       88.91     0.030  3
  36.58     0.284  1       63.70     0.891  2       89.30     0.029  3
  37.19     0.291  1       63.75     1.303  2       89.70    -0.067  3
  37.80     0.298  1       63.79     0.992  2       90.09     0.029  3
  38.40     0.305  1       63.84     0.934  2       90.49     0.029  3
  39.01     0.312  1       63.88     0.810  2       90.89     0.024  3
  39.62     0.320  1       63.93     0.840  2       91.28    -0.067  3
  40.23     0.327  1       63.98     1.202  2       91.68    -0.003  3
  40.84     0.335  1       64.02     1.322  2       92.08    -0.077  3
  41.45     0.342  1       64.07     1.317  2       92.47    -0.002  3
  42.06     0.350  1       64.11     1.309  2       92.87     0.028  3
  42.67     0.358  1       64.16     1.232  2       93.26     0.028  3
  43.28     0.366  1       64.20     1.169  2       93.66     0.028  3
  43.89     0.374  1       64.25     1.078  2       94.06     0.028  3
  44.50     0.382  1       64.30     1.167  2       94.45    -0.035  3
  45.11     0.390  1       64.34     0.754  2       94.85    -0.121  3
  45.72     0.398  1       64.39     1.289  2       95.25     0.028  3
  46.33     0.406  1       64.43     1.160  2       95.64     0.028  3
  46.94     0.414  1       64.48     0.977  2       96.04     0.028  3
  47.55     0.422  1       64.52     0.794  2       96.43     0.028  3
  48.16     0.430  1       64.57     0.926  2       96.83     0.028  3
  48.77     0.438  1       64.62     0.795  2       97.23     0.027  3
  49.38     0.446  1       64.66     0.956  2       97.62     0.027  3
  49.99     0.454  1       64.71     1.242  2       98.02     0.027  3
  50.60     0.462  1       64.75     0.872  2       98.41     0.027  3
  51.21     0.470  1       64.80     1.014  2       98.81    -0.041  3
  51.82     0.478  1       64.84     1.163  2       99.21    -0.040  3
  52.43     0.486  1       64.89     1.185  2       99.60     0.027  3
  53.04     0.494  1       64.94     1.167  2      100.00     0.027  3
  53.64     0.502  1       64.98     1.134  2      100.40     0.027  3
  54.25     0.510  1       65.03     0.998  2      100.79     0.027  3
  54.86     0.518  1       65.07     1.235  2      101.19     0.027  3
  55.47     0.526  1       65.12     1.224  2      101.58     0.027  3
  56.08     0.534  1       65.16     1.142  2      101.98     0.026  3
  56.69     0.542  1       65.21     1.184  2      102.38     0.023  3
  57.30     0.550  1       65.26     1.020  2      102.77     0.016  3
  57.91     0.558  1       65.30     1.218  2      103.17    -0.010  3
  58.52     0.566  1       65.35     1.155  2      103.57    -0.078  3
  59.13     0.574  1       65.39     1.203  2      103.96    -0.159  3
  59.74     0.583  1       65.44     1.077  2      104.36    -0.278  3
  60.35     0.591  1       65.48     1.142  2      104.75    -0.426  3
  60.96     0.599  1       65.53     0.197  2      105.15    -0.549  3

note:  (+) soil loss - detachment     (-) soil loss - deposition



III. OFF SITE EFFECTS  OFF SITE EFFECTS  OFF SITE EFFECTS
     ----------------  ----------------  ----------------

     A.  AVERAGE ANNUAL SEDIMENT LEAVING PROFILE
             7.291   kg/m of width
            28.873     kg (based on profile width of      3.960      m)
             0.693   t/ha (assuming contributions from     0.042     ha)


     B.  SEDIMENT CHARACTERISTICS AND ENRICHMENT

     Sediment particle information leaving profile
-------------------------------------------------------------------------------
                                 Particle Composition         Detached Fraction
Class  Diameter  Specific  ---------------------------------  Sediment  In Flow
         (mm)    Gravity   % Sand   % Silt   % Clay   % O.M.  Fraction  Exiting
-------------------------------------------------------------------------------
  1     0.002      2.60      0.0      0.0    100.0     30.0     0.052    0.055
  2     0.010      2.65      0.0    100.0      0.0      0.0     0.099    0.096
  3     0.030      1.80      0.0     66.7     33.3     10.0     0.301    0.283
  4     0.400      1.60     64.5     24.1     11.4      3.4     0.417    0.430
  5     0.200      2.65    100.0      0.0      0.0      0.0     0.131    0.136
-------------------------------------------------------------------------------


     Average annual SSA enrichment ratio leaving profile =   0.99
