 Annual; detailed (Metric Units)                                        


          USDA WATER EROSION PREDICTION PROJECT
          -------------------------------------

          HILLSLOPE PROFILE AND WATERSHED MODEL
                     VERSION  2010.100
           January 28,      2010


               TO REPORT PROBLEMS OR TO BE PUT ON THE MAILING
               LIST FOR FUTURE WEPP MODEL RELEASES, PLEASE CONTACT:

                    WEPP TECHNICAL SUPPORT
                    USDA-AGRICULTURAL RESEARCH SERVICE
                    NATIONAL SOIL EROSION RESEARCH LABORATORY
                    275 SOUTH RUSSELL STREET
                    WEST LAFAYETTE, IN 47907-2077  USA

                    PHONE: (765) 494-8673
                      FAX: (765) 494-5948
                    email:  wepp@ecn.purdue.edu
                      URL:  http://topsoil.nserl.purdue.edu


     HILLSLOPE INPUT DATA FILES - VERSION  2010.100
      January 28,      2010


    MANAGEMENT: ../working/wepp-878.man                           
 MAN. PRACTICE: Two OFEs for forest conditions                              
                W. Elliot 02/99                                             
                                                                            
         SLOPE: ../working/wepp-878.slp                           
       CLIMATE: ../working/wepp-878.cli                           
       Station:  MOUNT SHASTA CA                                CLIGEN VERSION  4.31
          SOIL: ../working/wepp-878.sol                           
      PLANE  1 SHORT               loam                
      PLANE  2 YoungF              loam                


     HILLSLOPE 1 YEARLY SUMMARY FOR    1
     ----------------------------------


I.   RAINFALL AND RUNOFF SUMMARY
     -------- --- ------ -------

      year:      1

         Rainfall         Storm Runoff        Melt Runoff
      events   amount   events   amount     events  amount
                (mm)              (mm)               (mm)

        86     890.40       1       1.98       0       0.00


II.  ON SITE EFFECTS  ON SITE EFFECTS  ON SITE EFFECTS
     ---------------  ---------------  ---------------


  A.  AREA OF NET SOIL LOSS

      ** Soil Loss (Avg. of Net Detachment Areas) =    0.019 kg/m2 **
      ** Maximum Soil Loss  =    0.029 kg/m2 at   45.73 meters **


      Area of    Soil Loss   Soil Loss   MAX   MAX Loss   MIN   MIN Loss
      Net Loss      MEAN      STDEV      Loss    Point    Loss   Point
        (m)       (kg/m2)     (kg/m2)  (kg/m2)    (m)    (kg/m2)  (m)
------------------------------------------------------------------------
   0.00-  56.40    0.019     0.011      0.029   45.73     0.004    51.06



  C.  SOIL LOSS/DEPOSITION ALONG SLOPE PROFILE

          Profile distances are from top to bottom of hillslope


 distance soil  flow    distance   soil  flow    distance   soil  flow
    (m)   loss  elem       (m)     loss  elem       (m)     loss  elem
         (kg/m2)                  (kg/m2)                  (kg/m2)
------------------------------------------------------------------------

   0.46     0.010  1       31.10     0.027  1       49.46     0.005  2
   0.91     0.010  1       31.55     0.027  1       49.57     0.005  2
   1.37     0.010  1       32.01     0.027  1       49.68     0.005  2
   1.83     0.010  1       32.47     0.027  1       49.78     0.005  2
   2.29     0.010  1       32.93     0.027  1       49.89     0.005  2
   2.74     0.010  1       33.38     0.028  1       50.00     0.005  2
   3.20     0.010  1       33.84     0.028  1       50.10     0.005  2
   3.66     0.010  1       34.30     0.028  1       50.21     0.005  2
   4.12     0.010  1       34.75     0.028  1       50.32     0.005  2
   4.57     0.011  1       35.21     0.028  1       50.42     0.004  2
   5.03     0.011  1       35.67     0.028  1       50.53     0.004  2
   5.49     0.012  1       36.13     0.028  1       50.64     0.004  2
   5.94     0.012  1       36.58     0.028  1       50.74     0.004  2
   6.40     0.012  1       37.04     0.028  1       50.85     0.004  2
   6.86     0.013  1       37.50     0.028  1       50.96     0.004  2
   7.32     0.013  1       37.96     0.028  1       51.06     0.004  2
   7.77     0.014  1       38.41     0.028  1       51.17     0.004  2
   8.23     0.014  1       38.87     0.029  1       51.28     0.004  2
   8.69     0.014  1       39.33     0.029  1       51.39     0.004  2
   9.15     0.015  1       39.79     0.029  1       51.49     0.004  2
   9.60     0.015  1       40.24     0.029  1       51.60     0.004  2
  10.06     0.016  1       40.70     0.029  1       51.71     0.004  2
  10.52     0.016  1       41.16     0.029  1       51.81     0.005  2
  10.98     0.016  1       41.61     0.029  1       51.92     0.005  2
  11.43     0.017  1       42.07     0.029  1       52.03     0.005  2
  11.89     0.017  1       42.53     0.029  1       52.13     0.005  2
  12.35     0.017  1       42.99     0.029  1       52.24     0.005  2
  12.80     0.018  1       43.44     0.029  1       52.35     0.005  2
  13.26     0.018  1       43.90     0.029  1       52.45     0.005  2
  13.72     0.018  1       44.36     0.029  1       52.56     0.005  2
  14.18     0.019  1       44.82     0.029  1       52.67     0.005  2
  14.63     0.019  1       45.27     0.029  1       52.77     0.005  2
  15.09     0.019  1       45.73     0.029  1       52.88     0.005  2
  15.55     0.020  1       45.84     0.007  2       52.99     0.005  2
  16.01     0.020  1       45.94     0.007  2       53.09     0.005  2
  16.46     0.020  1       46.05     0.007  2       53.20     0.005  2
  16.92     0.020  1       46.16     0.007  2       53.31     0.005  2
  17.38     0.021  1       46.26     0.007  2       53.41     0.005  2
  17.83     0.021  1       46.37     0.007  2       53.52     0.006  2
  18.29     0.021  1       46.48     0.007  2       53.63     0.006  2
  18.75     0.022  1       46.58     0.007  2       53.73     0.006  2
  19.21     0.022  1       46.69     0.007  2       53.84     0.006  2
  19.66     0.022  1       46.80     0.007  2       53.95     0.006  2
  20.12     0.022  1       46.90     0.007  2       54.05     0.006  2
  20.58     0.023  1       47.01     0.007  2       54.16     0.006  2
  21.04     0.023  1       47.12     0.007  2       54.27     0.006  2
  21.49     0.023  1       47.22     0.007  2       54.37     0.006  2
  21.95     0.024  1       47.33     0.006  2       54.48     0.006  2
  22.41     0.024  1       47.44     0.006  2       54.59     0.006  2
  22.86     0.024  1       47.54     0.006  2       54.69     0.006  2
  23.32     0.024  1       47.65     0.006  2       54.80     0.006  2
  23.78     0.025  1       47.76     0.006  2       54.91     0.006  2
  24.24     0.025  1       47.86     0.006  2       55.01     0.006  2
  24.69     0.025  1       47.97     0.006  2       55.12     0.006  2
  25.15     0.025  1       48.08     0.006  2       55.23     0.006  2
  25.61     0.025  1       48.18     0.006  2       55.33     0.006  2
  26.07     0.025  1       48.29     0.006  2       55.44     0.006  2
  26.52     0.026  1       48.40     0.006  2       55.55     0.006  2
  26.98     0.026  1       48.50     0.006  2       55.65     0.006  2
  27.44     0.026  1       48.61     0.006  2       55.76     0.006  2
  27.90     0.026  1       48.72     0.006  2       55.87     0.006  2
  28.35     0.026  1       48.82     0.005  2       55.97     0.006  2
  28.81     0.026  1       48.93     0.005  2       56.08     0.006  2
  29.27     0.026  1       49.04     0.005  2       56.19     0.006  2
  29.72     0.027  1       49.14     0.005  2       56.29     0.007  2
  30.18     0.027  1       49.25     0.005  2       56.40     0.007  2
  30.64     0.027  1       49.36     0.005  2

note:  (+) soil loss - detachment     (-) soil loss - deposition



III. OFF SITE EFFECTS  OFF SITE EFFECTS  OFF SITE EFFECTS
     ----------------  ----------------  ----------------

     A.  SEDIMENT LEAVING PROFILE for year    1     1.066 kg/m



     B.  SEDIMENT CHARACTERISTICS AND ENRICHMENT

     Sediment particle information leaving profile
-------------------------------------------------------------------------------
                                 Particle Composition         Detached Fraction
Class  Diameter  Specific  ---------------------------------  Sediment  In Flow
         (mm)    Gravity   % Sand   % Silt   % Clay   % O.M.  Fraction  Exiting
-------------------------------------------------------------------------------
  1     0.002      2.60      0.0      0.0    100.0     25.0     0.052    0.058
  2     0.010      2.65      0.0    100.0      0.0      0.0     0.092    0.103
  3     0.030      1.80      0.0     63.6     36.4      9.1     0.258    0.288
  4     0.400      1.60     67.2     20.8     12.0      3.0     0.451    0.415
  5     0.200      2.65    100.0      0.0      0.0      0.0     0.147    0.136
-------------------------------------------------------------------------------


     Weighted SSA enrichment ratio leaving profile for year    1 =   1.06


     HILLSLOPE 1 YEARLY SUMMARY FOR    2
     ----------------------------------


I.   RAINFALL AND RUNOFF SUMMARY
     -------- --- ------ -------

      year:      2

         Rainfall         Storm Runoff        Melt Runoff
      events   amount   events   amount     events  amount
                (mm)              (mm)               (mm)

        98    1290.60       3       0.27       1      13.60


II.  ON SITE EFFECTS  ON SITE EFFECTS  ON SITE EFFECTS
     ---------------  ---------------  ---------------


  A.  AREA OF NET SOIL LOSS

      ** Soil Loss (Avg. of Net Detachment Areas) =    0.005 kg/m2 **
      ** Maximum Soil Loss  =    0.058 kg/m2 at   56.40 meters **


      Area of    Soil Loss   Soil Loss   MAX   MAX Loss   MIN   MIN Loss
      Net Loss      MEAN      STDEV      Loss    Point    Loss   Point
        (m)       (kg/m2)     (kg/m2)  (kg/m2)    (m)    (kg/m2)  (m)
------------------------------------------------------------------------
   0.00-  56.40    0.005     0.018      0.058   56.40     0.000    22.41



  C.  SOIL LOSS/DEPOSITION ALONG SLOPE PROFILE

          Profile distances are from top to bottom of hillslope


 distance soil  flow    distance   soil  flow    distance   soil  flow
    (m)   loss  elem       (m)     loss  elem       (m)     loss  elem
         (kg/m2)                  (kg/m2)                  (kg/m2)
------------------------------------------------------------------------

   0.46     0.000  1       31.10     0.000  1       49.46     0.014  2
   0.91     0.000  1       31.55     0.000  1       49.57     0.013  2
   1.37     0.000  1       32.01     0.000  1       49.68     0.013  2
   1.83     0.000  1       32.47     0.000  1       49.78     0.013  2
   2.29     0.000  1       32.93     0.000  1       49.89     0.013  2
   2.74     0.000  1       33.38     0.000  1       50.00     0.012  2
   3.20     0.000  1       33.84     0.000  1       50.10     0.012  2
   3.66     0.000  1       34.30     0.000  1       50.21     0.012  2
   4.12     0.000  1       34.75     0.000  1       50.32     0.011  2
   4.57     0.000  1       35.21     0.000  1       50.42     0.011  2
   5.03     0.000  1       35.67     0.000  1       50.53     0.011  2
   5.49     0.000  1       36.13     0.000  1       50.64     0.010  2
   5.94     0.000  1       36.58     0.000  1       50.74     0.010  2
   6.40     0.000  1       37.04     0.000  1       50.85     0.010  2
   6.86     0.000  1       37.50     0.000  1       50.96     0.009  2
   7.32     0.000  1       37.96     0.000  1       51.06     0.009  2
   7.77     0.000  1       38.41     0.000  1       51.17     0.010  2
   8.23     0.000  1       38.87     0.000  1       51.28     0.011  2
   8.69     0.000  1       39.33     0.000  1       51.39     0.012  2
   9.15     0.000  1       39.79     0.000  1       51.49     0.013  2
   9.60     0.000  1       40.24     0.000  1       51.60     0.014  2
  10.06     0.000  1       40.70     0.000  1       51.71     0.015  2
  10.52     0.000  1       41.16     0.000  1       51.81     0.016  2
  10.98     0.000  1       41.61     0.000  1       51.92     0.017  2
  11.43     0.000  1       42.07     0.000  1       52.03     0.018  2
  11.89     0.000  1       42.53     0.000  1       52.13     0.019  2
  12.35     0.000  1       42.99     0.000  1       52.24     0.020  2
  12.80     0.000  1       43.44     0.000  1       52.35     0.021  2
  13.26     0.000  1       43.90     0.000  1       52.45     0.022  2
  13.72     0.000  1       44.36     0.000  1       52.56     0.023  2
  14.18     0.000  1       44.82     0.000  1       52.67     0.024  2
  14.63     0.000  1       45.27     0.000  1       52.77     0.025  2
  15.09     0.000  1       45.73     0.000  1       52.88     0.026  2
  15.55     0.000  1       45.84     0.021  2       52.99     0.027  2
  16.01     0.000  1       45.94     0.020  2       53.09     0.028  2
  16.46     0.000  1       46.05     0.020  2       53.20     0.029  2
  16.92     0.000  1       46.16     0.020  2       53.31     0.030  2
  17.38     0.000  1       46.26     0.020  2       53.41     0.031  2
  17.83     0.000  1       46.37     0.020  2       53.52     0.032  2
  18.29     0.000  1       46.48     0.020  2       53.63     0.033  2
  18.75     0.000  1       46.58     0.020  2       53.73     0.034  2
  19.21     0.000  1       46.69     0.019  2       53.84     0.035  2
  19.66     0.000  1       46.80     0.019  2       53.95     0.036  2
  20.12     0.000  1       46.90     0.019  2       54.05     0.037  2
  20.58     0.000  1       47.01     0.012  2       54.16     0.038  2
  21.04     0.000  1       47.12     0.019  2       54.27     0.039  2
  21.49     0.000  1       47.22     0.018  2       54.37     0.040  2
  21.95     0.000  1       47.33     0.018  2       54.48     0.041  2
  22.41     0.000  1       47.44     0.018  2       54.59     0.041  2
  22.86     0.000  1       47.54     0.018  2       54.69     0.042  2
  23.32     0.000  1       47.65     0.018  2       54.80     0.043  2
  23.78     0.000  1       47.76     0.017  2       54.91     0.044  2
  24.24     0.000  1       47.86     0.017  2       55.01     0.045  2
  24.69     0.000  1       47.97     0.017  2       55.12     0.046  2
  25.15     0.000  1       48.08     0.017  2       55.23     0.047  2
  25.61     0.000  1       48.18     0.017  2       55.33     0.048  2
  26.07     0.000  1       48.29     0.016  2       55.44     0.049  2
  26.52     0.000  1       48.40     0.016  2       55.55     0.050  2
  26.98     0.000  1       48.50     0.016  2       55.65     0.051  2
  27.44     0.000  1       48.61     0.016  2       55.76     0.052  2
  27.90     0.000  1       48.72     0.015  2       55.87     0.053  2
  28.35     0.000  1       48.82     0.015  2       55.97     0.054  2
  28.81     0.000  1       48.93     0.015  2       56.08     0.055  2
  29.27     0.000  1       49.04     0.015  2       56.19     0.056  2
  29.72     0.000  1       49.14     0.014  2       56.29     0.057  2
  30.18     0.000  1       49.25     0.014  2       56.40     0.058  2
  30.64     0.000  1       49.36     0.014  2

note:  (+) soil loss - detachment     (-) soil loss - deposition



III. OFF SITE EFFECTS  OFF SITE EFFECTS  OFF SITE EFFECTS
     ----------------  ----------------  ----------------

     A.  SEDIMENT LEAVING PROFILE for year    2     0.265 kg/m



     B.  SEDIMENT CHARACTERISTICS AND ENRICHMENT

     Sediment particle information leaving profile
-------------------------------------------------------------------------------
                                 Particle Composition         Detached Fraction
Class  Diameter  Specific  ---------------------------------  Sediment  In Flow
         (mm)    Gravity   % Sand   % Silt   % Clay   % O.M.  Fraction  Exiting
-------------------------------------------------------------------------------
  1     0.002      2.60      0.0      0.0    100.0     25.0     0.052    0.052
  2     0.010      2.65      0.0    100.0      0.0      0.0     0.092    0.092
  3     0.030      1.80      0.0     63.6     36.4      9.1     0.258    0.258
  4     0.400      1.60     67.2     20.8     12.0      3.0     0.451    0.451
  5     0.200      2.65    100.0      0.0      0.0      0.0     0.147    0.147
-------------------------------------------------------------------------------


     Weighted SSA enrichment ratio leaving profile for year    2 =   1.00


     HILLSLOPE 1 YEARLY SUMMARY FOR    3
     ----------------------------------


I.   RAINFALL AND RUNOFF SUMMARY
     -------- --- ------ -------

      year:      3

         Rainfall         Storm Runoff        Melt Runoff
      events   amount   events   amount     events  amount
                (mm)              (mm)               (mm)

        85     700.60       1       0.00       1       0.60


II.  ON SITE EFFECTS  ON SITE EFFECTS  ON SITE EFFECTS
     ---------------  ---------------  ---------------


  A.  AREA OF NET SOIL LOSS

      ** Soil Loss (Avg. of Net Detachment Areas) =    0.001 kg/m2 **
      ** Maximum Soil Loss  =    0.002 kg/m2 at   45.73 meters **


      Area of    Soil Loss   Soil Loss   MAX   MAX Loss   MIN   MIN Loss
      Net Loss      MEAN      STDEV      Loss    Point    Loss   Point
        (m)       (kg/m2)     (kg/m2)  (kg/m2)    (m)    (kg/m2)  (m)
------------------------------------------------------------------------
   0.00-  46.69    0.001     0.000      0.002   45.73     0.000    46.69

  B.  AREA OF SOIL DEPOSITION

      ** Soil Deposition (Avg. of Net Deposition Areas) =    -0.453 kg/m2 **
      ** Maximum Soil Deposition  =    -0.453 kg/m2 at   46.90 meters **

      Area of    Soil Dep   Soil Dep     MAX    MAX Dep   MIN   MIN Dep
      Net Dep       MEAN     STDEV       Dep     Point    Dep    Point
        (m)       (kg/m2)    (kg/m2)   (kg/m2)    (m)    (kg/m2)  (m)
------------------------------------------------------------------------
  46.80-  46.90   -0.453     0.000     -0.453   46.90    -0.453    46.90

      Single Point     Single Point
       Soil Area          Dep
         (m)             (kg/m2/)
      ------------------------------
        46.90            -0.453



  C.  SOIL LOSS/DEPOSITION ALONG SLOPE PROFILE

          Profile distances are from top to bottom of hillslope


 distance soil  flow    distance   soil  flow    distance   soil  flow
    (m)   loss  elem       (m)     loss  elem       (m)     loss  elem
         (kg/m2)                  (kg/m2)                  (kg/m2)
------------------------------------------------------------------------

   0.46     0.001  1       31.10     0.001  1       49.46     0.000  2
   0.91     0.001  1       31.55     0.001  1       49.57     0.000  2
   1.37     0.001  1       32.01     0.001  1       49.68     0.000  2
   1.83     0.001  1       32.47     0.001  1       49.78     0.000  2
   2.29     0.001  1       32.93     0.001  1       49.89     0.000  2
   2.74     0.001  1       33.38     0.001  1       50.00     0.000  2
   3.20     0.001  1       33.84     0.001  1       50.10     0.000  2
   3.66     0.001  1       34.30     0.001  1       50.21     0.000  2
   4.12     0.001  1       34.75     0.001  1       50.32     0.000  2
   4.57     0.001  1       35.21     0.001  1       50.42     0.000  2
   5.03     0.001  1       35.67     0.001  1       50.53     0.000  2
   5.49     0.001  1       36.13     0.002  1       50.64     0.000  2
   5.94     0.001  1       36.58     0.002  1       50.74     0.000  2
   6.40     0.001  1       37.04     0.002  1       50.85     0.000  2
   6.86     0.001  1       37.50     0.002  1       50.96     0.000  2
   7.32     0.001  1       37.96     0.002  1       51.06     0.000  2
   7.77     0.001  1       38.41     0.002  1       51.17     0.000  2
   8.23     0.001  1       38.87     0.002  1       51.28     0.000  2
   8.69     0.001  1       39.33     0.002  1       51.39     0.000  2
   9.15     0.001  1       39.79     0.002  1       51.49     0.000  2
   9.60     0.001  1       40.24     0.002  1       51.60     0.000  2
  10.06     0.001  1       40.70     0.002  1       51.71     0.000  2
  10.52     0.001  1       41.16     0.002  1       51.81     0.000  2
  10.98     0.001  1       41.61     0.002  1       51.92     0.000  2
  11.43     0.001  1       42.07     0.002  1       52.03     0.000  2
  11.89     0.001  1       42.53     0.002  1       52.13     0.000  2
  12.35     0.001  1       42.99     0.002  1       52.24     0.000  2
  12.80     0.001  1       43.44     0.002  1       52.35     0.000  2
  13.26     0.001  1       43.90     0.002  1       52.45     0.000  2
  13.72     0.001  1       44.36     0.002  1       52.56     0.000  2
  14.18     0.001  1       44.82     0.002  1       52.67     0.000  2
  14.63     0.001  1       45.27     0.002  1       52.77     0.000  2
  15.09     0.001  1       45.73     0.002  1       52.88     0.000  2
  15.55     0.001  1       45.84     0.001  2       52.99     0.000  2
  16.01     0.001  1       45.94     0.001  2       53.09     0.000  2
  16.46     0.001  1       46.05     0.001  2       53.20     0.000  2
  16.92     0.001  1       46.16     0.001  2       53.31     0.000  2
  17.38     0.001  1       46.26     0.001  2       53.41     0.000  2
  17.83     0.001  1       46.37     0.000  2       53.52     0.000  2
  18.29     0.001  1       46.48     0.000  2       53.63     0.000  2
  18.75     0.001  1       46.58     0.000  2       53.73     0.000  2
  19.21     0.001  1       46.69     0.000  2       53.84     0.000  2
  19.66     0.001  1       46.80     0.000  2       53.95     0.000  2
  20.12     0.001  1       46.90    -0.453  2       54.05     0.000  2
  20.58     0.001  1       47.01     0.000  2       54.16     0.000  2
  21.04     0.001  1       47.12     0.000  2       54.27     0.000  2
  21.49     0.001  1       47.22     0.000  2       54.37     0.000  2
  21.95     0.001  1       47.33     0.000  2       54.48     0.000  2
  22.41     0.001  1       47.44     0.000  2       54.59     0.000  2
  22.86     0.001  1       47.54     0.000  2       54.69     0.000  2
  23.32     0.001  1       47.65     0.000  2       54.80     0.000  2
  23.78     0.001  1       47.76     0.000  2       54.91     0.000  2
  24.24     0.001  1       47.86     0.000  2       55.01     0.000  2
  24.69     0.001  1       47.97     0.000  2       55.12     0.000  2
  25.15     0.001  1       48.08     0.000  2       55.23     0.000  2
  25.61     0.001  1       48.18     0.000  2       55.33     0.000  2
  26.07     0.001  1       48.29     0.000  2       55.44     0.000  2
  26.52     0.001  1       48.40     0.000  2       55.55     0.000  2
  26.98     0.001  1       48.50     0.000  2       55.65     0.000  2
  27.44     0.001  1       48.61     0.000  2       55.76     0.000  2
  27.90     0.001  1       48.72     0.000  2       55.87     0.000  2
  28.35     0.001  1       48.82     0.000  2       55.97     0.000  2
  28.81     0.001  1       48.93     0.000  2       56.08     0.000  2
  29.27     0.001  1       49.04     0.000  2       56.19     0.000  2
  29.72     0.001  1       49.14     0.000  2       56.29     0.000  2
  30.18     0.001  1       49.25     0.000  2       56.40     0.000  2
  30.64     0.001  1       49.36     0.000  2

note:  (+) soil loss - detachment     (-) soil loss - deposition



III. OFF SITE EFFECTS  OFF SITE EFFECTS  OFF SITE EFFECTS
     ----------------  ----------------  ----------------

     A.  SEDIMENT LEAVING PROFILE for year    3     0.000 kg/m



     B.  SEDIMENT CHARACTERISTICS AND ENRICHMENT

     Sediment particle information leaving profile
-------------------------------------------------------------------------------
                                 Particle Composition         Detached Fraction
Class  Diameter  Specific  ---------------------------------  Sediment  In Flow
         (mm)    Gravity   % Sand   % Silt   % Clay   % O.M.  Fraction  Exiting
-------------------------------------------------------------------------------
  1     0.002      2.60      0.0      0.0    100.0     25.0     0.052    0.000
  2     0.010      2.65      0.0    100.0      0.0      0.0     0.092    0.000
  3     0.030      1.80      0.0     63.6     36.4      9.1     0.258    0.000
  4     0.400      1.60     67.2     20.8     12.0      3.0     0.451    0.000
  5     0.200      2.65    100.0      0.0      0.0      0.0     0.147    0.000
-------------------------------------------------------------------------------


     Weighted SSA enrichment ratio leaving profile for year    3 =   0.00


     HILLSLOPE 1 YEARLY SUMMARY FOR    4
     ----------------------------------


I.   RAINFALL AND RUNOFF SUMMARY
     -------- --- ------ -------

      year:      4

         Rainfall         Storm Runoff        Melt Runoff
      events   amount   events   amount     events  amount
                (mm)              (mm)               (mm)

        95    1208.30       0       0.00       2     102.11


II.  ON SITE EFFECTS  ON SITE EFFECTS  ON SITE EFFECTS
     ---------------  ---------------  ---------------


  A.  AREA OF NET SOIL LOSS

      ** Soil Loss (Avg. of Net Detachment Areas) =    0.195 kg/m2 **
      ** Maximum Soil Loss  =    0.366 kg/m2 at   56.40 meters **


      Area of    Soil Loss   Soil Loss   MAX   MAX Loss   MIN   MIN Loss
      Net Loss      MEAN      STDEV      Loss    Point    Loss   Point
        (m)       (kg/m2)     (kg/m2)  (kg/m2)    (m)    (kg/m2)  (m)
------------------------------------------------------------------------
  11.89-  56.40    0.195     0.074      0.366   56.40     0.000    12.35



  C.  SOIL LOSS/DEPOSITION ALONG SLOPE PROFILE

          Profile distances are from top to bottom of hillslope


 distance soil  flow    distance   soil  flow    distance   soil  flow
    (m)   loss  elem       (m)     loss  elem       (m)     loss  elem
         (kg/m2)                  (kg/m2)                  (kg/m2)
------------------------------------------------------------------------

   0.46     0.000  1       31.10     0.229  1       49.46     0.165  2
   0.91     0.000  1       31.55     0.232  1       49.57     0.164  2
   1.37     0.000  1       32.01     0.234  1       49.68     0.162  2
   1.83     0.000  1       32.47     0.237  1       49.78     0.161  2
   2.29     0.000  1       32.93     0.240  1       49.89     0.159  2
   2.74     0.000  1       33.38     0.242  1       50.00     0.158  2
   3.20     0.000  1       33.84     0.245  1       50.10     0.156  2
   3.66     0.000  1       34.30     0.247  1       50.21     0.154  2
   4.12     0.000  1       34.75     0.250  1       50.32     0.153  2
   4.57     0.000  1       35.21     0.252  1       50.42     0.151  2
   5.03     0.000  1       35.67     0.254  1       50.53     0.150  2
   5.49     0.000  1       36.13     0.256  1       50.64     0.148  2
   5.94     0.000  1       36.58     0.258  1       50.74     0.146  2
   6.40     0.000  1       37.04     0.260  1       50.85     0.144  2
   6.86     0.000  1       37.50     0.262  1       50.96     0.143  2
   7.32     0.000  1       37.96     0.264  1       51.06     0.141  2
   7.77     0.000  1       38.41     0.266  1       51.17     0.142  2
   8.23     0.000  1       38.87     0.267  1       51.28     0.147  2
   8.69     0.000  1       39.33     0.269  1       51.39     0.151  2
   9.15     0.000  1       39.79     0.270  1       51.49     0.156  2
   9.60     0.000  1       40.24     0.272  1       51.60     0.160  2
  10.06     0.000  1       40.70     0.273  1       51.71     0.164  2
  10.52     0.000  1       41.16     0.274  1       51.81     0.169  2
  10.98     0.000  1       41.61     0.276  1       51.92     0.173  2
  11.43     0.000  1       42.07     0.277  1       52.03     0.177  2
  11.89     0.000  1       42.53     0.278  1       52.13     0.181  2
  12.35     0.000  1       42.99     0.279  1       52.24     0.186  2
  12.80     0.007  1       43.44     0.280  1       52.35     0.190  2
  13.26     0.014  1       43.90     0.281  1       52.45     0.194  2
  13.72     0.022  1       44.36     0.282  1       52.56     0.198  2
  14.18     0.030  1       44.82     0.282  1       52.67     0.202  2
  14.63     0.037  1       45.27     0.283  1       52.77     0.206  2
  15.09     0.045  1       45.73     0.284  1       52.88     0.211  2
  15.55     0.052  1       45.84     0.210  2       52.99     0.215  2
  16.01     0.059  1       45.94     0.208  2       53.09     0.219  2
  16.46     0.067  1       46.05     0.207  2       53.20     0.223  2
  16.92     0.074  1       46.16     0.206  2       53.31     0.227  2
  17.38     0.081  1       46.26     0.205  2       53.41     0.232  2
  17.83     0.088  1       46.37     0.204  2       53.52     0.237  2
  18.29     0.095  1       46.48     0.203  2       53.63     0.242  2
  18.75     0.102  1       46.58     0.202  2       53.73     0.247  2
  19.21     0.108  1       46.69     0.200  2       53.84     0.252  2
  19.66     0.115  1       46.80     0.199  2       53.95     0.257  2
  20.12     0.122  1       46.90     0.198  2       54.05     0.261  2
  20.58     0.129  1       47.01     0.197  2       54.16     0.266  2
  21.04     0.135  1       47.12     0.196  2       54.27     0.271  2
  21.49     0.142  1       47.22     0.194  2       54.37     0.276  2
  21.95     0.148  1       47.33     0.193  2       54.48     0.281  2
  22.41     0.155  1       47.44     0.192  2       54.59     0.286  2
  22.86     0.161  1       47.54     0.190  2       54.69     0.290  2
  23.32     0.167  1       47.65     0.189  2       54.80     0.295  2
  23.78     0.171  1       47.76     0.188  2       54.91     0.300  2
  24.24     0.175  1       47.86     0.187  2       55.01     0.305  2
  24.69     0.180  1       47.97     0.185  2       55.12     0.310  2
  25.15     0.184  1       48.08     0.184  2       55.23     0.314  2
  25.61     0.188  1       48.18     0.183  2       55.33     0.319  2
  26.07     0.191  1       48.29     0.181  2       55.44     0.324  2
  26.52     0.195  1       48.40     0.180  2       55.55     0.329  2
  26.98     0.199  1       48.50     0.178  2       55.65     0.333  2
  27.44     0.203  1       48.61     0.177  2       55.76     0.338  2
  27.90     0.206  1       48.72     0.176  2       55.87     0.343  2
  28.35     0.210  1       48.82     0.174  2       55.97     0.347  2
  28.81     0.213  1       48.93     0.173  2       56.08     0.352  2
  29.27     0.216  1       49.04     0.171  2       56.19     0.357  2
  29.72     0.220  1       49.14     0.170  2       56.29     0.361  2
  30.18     0.223  1       49.25     0.168  2       56.40     0.366  2
  30.64     0.226  1       49.36     0.167  2

note:  (+) soil loss - detachment     (-) soil loss - deposition



III. OFF SITE EFFECTS  OFF SITE EFFECTS  OFF SITE EFFECTS
     ----------------  ----------------  ----------------

     A.  SEDIMENT LEAVING PROFILE for year    4     8.696 kg/m



     B.  SEDIMENT CHARACTERISTICS AND ENRICHMENT

     Sediment particle information leaving profile
-------------------------------------------------------------------------------
                                 Particle Composition         Detached Fraction
Class  Diameter  Specific  ---------------------------------  Sediment  In Flow
         (mm)    Gravity   % Sand   % Silt   % Clay   % O.M.  Fraction  Exiting
-------------------------------------------------------------------------------
  1     0.002      2.60      0.0      0.0    100.0     25.0     0.052    0.052
  2     0.010      2.65      0.0    100.0      0.0      0.0     0.092    0.092
  3     0.030      1.80      0.0     63.6     36.4      9.1     0.258    0.258
  4     0.400      1.60     67.2     20.8     12.0      3.0     0.451    0.451
  5     0.200      2.65    100.0      0.0      0.0      0.0     0.147    0.147
-------------------------------------------------------------------------------


     Weighted SSA enrichment ratio leaving profile for year    4 =   1.00


     HILLSLOPE 1 YEARLY SUMMARY FOR    5
     ----------------------------------


I.   RAINFALL AND RUNOFF SUMMARY
     -------- --- ------ -------

      year:      5

         Rainfall         Storm Runoff        Melt Runoff
      events   amount   events   amount     events  amount
                (mm)              (mm)               (mm)

        94    1095.60       4      41.74       0       0.00


II.  ON SITE EFFECTS  ON SITE EFFECTS  ON SITE EFFECTS
     ---------------  ---------------  ---------------


  A.  AREA OF NET SOIL LOSS

      ** Soil Loss (Avg. of Net Detachment Areas) =    0.135 kg/m2 **
      ** Maximum Soil Loss  =    0.198 kg/m2 at   45.73 meters **


      Area of    Soil Loss   Soil Loss   MAX   MAX Loss   MIN   MIN Loss
      Net Loss      MEAN      STDEV      Loss    Point    Loss   Point
        (m)       (kg/m2)     (kg/m2)  (kg/m2)    (m)    (kg/m2)  (m)
------------------------------------------------------------------------
   0.00-  47.22    0.146     0.049      0.198   45.73     0.059     0.46
  47.33-  56.40    0.077     0.015      0.109   56.40     0.058    51.06

  B.  AREA OF SOIL DEPOSITION

      ** Soil Deposition (Avg. of Net Deposition Areas) =    -0.044 kg/m2 **
      ** Maximum Soil Deposition  =    -0.044 kg/m2 at   47.33 meters **

      Area of    Soil Dep   Soil Dep     MAX    MAX Dep   MIN   MIN Dep
      Net Dep       MEAN     STDEV       Dep     Point    Dep    Point
        (m)       (kg/m2)    (kg/m2)   (kg/m2)    (m)    (kg/m2)  (m)
------------------------------------------------------------------------
  47.22-  47.33   -0.044     0.000     -0.044   47.33    -0.044    47.33

      Single Point     Single Point
       Soil Area          Dep
         (m)             (kg/m2/)
      ------------------------------
        47.33            -0.044



  C.  SOIL LOSS/DEPOSITION ALONG SLOPE PROFILE

          Profile distances are from top to bottom of hillslope


 distance soil  flow    distance   soil  flow    distance   soil  flow
    (m)   loss  elem       (m)     loss  elem       (m)     loss  elem
         (kg/m2)                  (kg/m2)                  (kg/m2)
------------------------------------------------------------------------

   0.46     0.059  1       31.10     0.182  1       49.46     0.065  2
   0.91     0.059  1       31.55     0.183  1       49.57     0.065  2
   1.37     0.059  1       32.01     0.184  1       49.68     0.065  2
   1.83     0.059  1       32.47     0.185  1       49.78     0.064  2
   2.29     0.060  1       32.93     0.186  1       49.89     0.064  2
   2.74     0.062  1       33.38     0.186  1       50.00     0.063  2
   3.20     0.064  1       33.84     0.187  1       50.10     0.063  2
   3.66     0.066  1       34.30     0.188  1       50.21     0.062  2
   4.12     0.068  1       34.75     0.188  1       50.32     0.062  2
   4.57     0.071  1       35.21     0.189  1       50.42     0.061  2
   5.03     0.075  1       35.67     0.190  1       50.53     0.061  2
   5.49     0.078  1       36.13     0.190  1       50.64     0.060  2
   5.94     0.081  1       36.58     0.191  1       50.74     0.060  2
   6.40     0.084  1       37.04     0.191  1       50.85     0.059  2
   6.86     0.086  1       37.50     0.192  1       50.96     0.059  2
   7.32     0.089  1       37.96     0.193  1       51.06     0.058  2
   7.77     0.092  1       38.41     0.193  1       51.17     0.059  2
   8.23     0.094  1       38.87     0.194  1       51.28     0.060  2
   8.69     0.097  1       39.33     0.194  1       51.39     0.061  2
   9.15     0.100  1       39.79     0.194  1       51.49     0.062  2
   9.60     0.102  1       40.24     0.195  1       51.60     0.063  2
  10.06     0.105  1       40.70     0.195  1       51.71     0.064  2
  10.52     0.107  1       41.16     0.196  1       51.81     0.066  2
  10.98     0.109  1       41.61     0.196  1       51.92     0.067  2
  11.43     0.112  1       42.07     0.196  1       52.03     0.068  2
  11.89     0.114  1       42.53     0.197  1       52.13     0.069  2
  12.35     0.116  1       42.99     0.197  1       52.24     0.070  2
  12.80     0.119  1       43.44     0.197  1       52.35     0.071  2
  13.26     0.121  1       43.90     0.197  1       52.45     0.072  2
  13.72     0.123  1       44.36     0.198  1       52.56     0.073  2
  14.18     0.125  1       44.82     0.198  1       52.67     0.074  2
  14.63     0.127  1       45.27     0.198  1       52.77     0.075  2
  15.09     0.130  1       45.73     0.198  1       52.88     0.076  2
  15.55     0.132  1       45.84     0.079  2       52.99     0.077  2
  16.01     0.134  1       45.94     0.079  2       53.09     0.078  2
  16.46     0.136  1       46.05     0.078  2       53.20     0.080  2
  16.92     0.138  1       46.16     0.078  2       53.31     0.081  2
  17.38     0.140  1       46.26     0.078  2       53.41     0.082  2
  17.83     0.142  1       46.37     0.077  2       53.52     0.083  2
  18.29     0.144  1       46.48     0.077  2       53.63     0.084  2
  18.75     0.146  1       46.58     0.076  2       53.73     0.085  2
  19.21     0.148  1       46.69     0.076  2       53.84     0.086  2
  19.66     0.150  1       46.80     0.076  2       53.95     0.087  2
  20.12     0.152  1       46.90     0.075  2       54.05     0.088  2
  20.58     0.154  1       47.01     0.075  2       54.16     0.089  2
  21.04     0.156  1       47.12     0.075  2       54.27     0.090  2
  21.49     0.158  1       47.22     0.074  2       54.37     0.091  2
  21.95     0.159  1       47.33    -0.044  2       54.48     0.092  2
  22.41     0.161  1       47.44     0.073  2       54.59     0.093  2
  22.86     0.163  1       47.54     0.073  2       54.69     0.094  2
  23.32     0.165  1       47.65     0.073  2       54.80     0.095  2
  23.78     0.166  1       47.76     0.072  2       54.91     0.096  2
  24.24     0.167  1       47.86     0.072  2       55.01     0.097  2
  24.69     0.168  1       47.97     0.071  2       55.12     0.098  2
  25.15     0.170  1       48.08     0.071  2       55.23     0.099  2
  25.61     0.171  1       48.18     0.071  2       55.33     0.100  2
  26.07     0.172  1       48.29     0.070  2       55.44     0.101  2
  26.52     0.173  1       48.40     0.070  2       55.55     0.102  2
  26.98     0.174  1       48.50     0.069  2       55.65     0.103  2
  27.44     0.175  1       48.61     0.069  2       55.76     0.103  2
  27.90     0.176  1       48.72     0.069  2       55.87     0.104  2
  28.35     0.177  1       48.82     0.068  2       55.97     0.105  2
  28.81     0.178  1       48.93     0.068  2       56.08     0.106  2
  29.27     0.179  1       49.04     0.067  2       56.19     0.107  2
  29.72     0.180  1       49.14     0.067  2       56.29     0.108  2
  30.18     0.181  1       49.25     0.066  2       56.40     0.109  2
  30.64     0.182  1       49.36     0.066  2

note:  (+) soil loss - detachment     (-) soil loss - deposition



III. OFF SITE EFFECTS  OFF SITE EFFECTS  OFF SITE EFFECTS
     ----------------  ----------------  ----------------

     A.  SEDIMENT LEAVING PROFILE for year    5     7.585 kg/m



     B.  SEDIMENT CHARACTERISTICS AND ENRICHMENT

     Sediment particle information leaving profile
-------------------------------------------------------------------------------
                                 Particle Composition         Detached Fraction
Class  Diameter  Specific  ---------------------------------  Sediment  In Flow
         (mm)    Gravity   % Sand   % Silt   % Clay   % O.M.  Fraction  Exiting
-------------------------------------------------------------------------------
  1     0.002      2.60      0.0      0.0    100.0     25.0     0.052    0.061
  2     0.010      2.65      0.0    100.0      0.0      0.0     0.092    0.103
  3     0.030      1.80      0.0     63.6     36.4      9.1     0.258    0.274
  4     0.400      1.60     67.2     20.8     12.0      3.0     0.451    0.423
  5     0.200      2.65    100.0      0.0      0.0      0.0     0.147    0.139
-------------------------------------------------------------------------------


     Weighted SSA enrichment ratio leaving profile for year    5 =   1.05


     HILLSLOPE 1 YEARLY SUMMARY FOR    6
     ----------------------------------


I.   RAINFALL AND RUNOFF SUMMARY
     -------- --- ------ -------

      year:      6

         Rainfall         Storm Runoff        Melt Runoff
      events   amount   events   amount     events  amount
                (mm)              (mm)               (mm)

       116    1408.80       3      12.71       3      47.65


II.  ON SITE EFFECTS  ON SITE EFFECTS  ON SITE EFFECTS
     ---------------  ---------------  ---------------


  A.  AREA OF NET SOIL LOSS

      ** Soil Loss (Avg. of Net Detachment Areas) =    0.103 kg/m2 **
      ** Maximum Soil Loss  =    0.183 kg/m2 at   56.40 meters **


      Area of    Soil Loss   Soil Loss   MAX   MAX Loss   MIN   MIN Loss
      Net Loss      MEAN      STDEV      Loss    Point    Loss   Point
        (m)       (kg/m2)     (kg/m2)  (kg/m2)    (m)    (kg/m2)  (m)
------------------------------------------------------------------------
   0.00-  56.40    0.103     0.026      0.183   56.40     0.056     0.46



  C.  SOIL LOSS/DEPOSITION ALONG SLOPE PROFILE

          Profile distances are from top to bottom of hillslope


 distance soil  flow    distance   soil  flow    distance   soil  flow
    (m)   loss  elem       (m)     loss  elem       (m)     loss  elem
         (kg/m2)                  (kg/m2)                  (kg/m2)
------------------------------------------------------------------------

   0.46     0.056  1       31.10     0.115  1       49.46     0.094  2
   0.91     0.056  1       31.55     0.116  1       49.57     0.093  2
   1.37     0.056  1       32.01     0.116  1       49.68     0.092  2
   1.83     0.057  1       32.47     0.117  1       49.78     0.091  2
   2.29     0.058  1       32.93     0.117  1       49.89     0.091  2
   2.74     0.059  1       33.38     0.117  1       50.00     0.090  2
   3.20     0.060  1       33.84     0.118  1       50.10     0.089  2
   3.66     0.061  1       34.30     0.118  1       50.21     0.088  2
   4.12     0.063  1       34.75     0.118  1       50.32     0.087  2
   4.57     0.064  1       35.21     0.118  1       50.42     0.086  2
   5.03     0.066  1       35.67     0.119  1       50.53     0.085  2
   5.49     0.067  1       36.13     0.119  1       50.64     0.085  2
   5.94     0.068  1       36.58     0.119  1       50.74     0.084  2
   6.40     0.070  1       37.04     0.120  1       50.85     0.083  2
   6.86     0.071  1       37.50     0.120  1       50.96     0.082  2
   7.32     0.072  1       37.96     0.120  1       51.06     0.081  2
   7.77     0.073  1       38.41     0.120  1       51.17     0.082  2
   8.23     0.075  1       38.87     0.120  1       51.28     0.084  2
   8.69     0.076  1       39.33     0.121  1       51.39     0.086  2
   9.15     0.077  1       39.79     0.121  1       51.49     0.088  2
   9.60     0.078  1       40.24     0.121  1       51.60     0.090  2
  10.06     0.079  1       40.70     0.121  1       51.71     0.092  2
  10.52     0.081  1       41.16     0.121  1       51.81     0.094  2
  10.98     0.082  1       41.61     0.122  1       51.92     0.096  2
  11.43     0.083  1       42.07     0.122  1       52.03     0.098  2
  11.89     0.084  1       42.53     0.122  1       52.13     0.100  2
  12.35     0.085  1       42.99     0.122  1       52.24     0.102  2
  12.80     0.086  1       43.44     0.122  1       52.35     0.104  2
  13.26     0.087  1       43.90     0.122  1       52.45     0.106  2
  13.72     0.088  1       44.36     0.122  1       52.56     0.108  2
  14.18     0.089  1       44.82     0.122  1       52.67     0.110  2
  14.63     0.090  1       45.27     0.123  1       52.77     0.112  2
  15.09     0.091  1       45.73     0.123  1       52.88     0.113  2
  15.55     0.092  1       45.84     0.119  2       52.99     0.115  2
  16.01     0.093  1       45.94     0.118  2       53.09     0.117  2
  16.46     0.094  1       46.05     0.118  2       53.20     0.119  2
  16.92     0.095  1       46.16     0.117  2       53.31     0.121  2
  17.38     0.096  1       46.26     0.116  2       53.41     0.124  2
  17.83     0.097  1       46.37     0.116  2       53.52     0.126  2
  18.29     0.098  1       46.48     0.115  2       53.63     0.128  2
  18.75     0.099  1       46.58     0.114  2       53.73     0.130  2
  19.21     0.099  1       46.69     0.114  2       53.84     0.132  2
  19.66     0.100  1       46.80     0.113  2       53.95     0.135  2
  20.12     0.101  1       46.90     0.112  2       54.05     0.137  2
  20.58     0.102  1       47.01     0.112  2       54.16     0.139  2
  21.04     0.103  1       47.12     0.111  2       54.27     0.141  2
  21.49     0.104  1       47.22     0.110  2       54.37     0.143  2
  21.95     0.105  1       47.33     0.109  2       54.48     0.145  2
  22.41     0.106  1       47.44     0.109  2       54.59     0.147  2
  22.86     0.106  1       47.54     0.108  2       54.69     0.150  2
  23.32     0.107  1       47.65     0.107  2       54.80     0.152  2
  23.78     0.108  1       47.76     0.106  2       54.91     0.154  2
  24.24     0.108  1       47.86     0.106  2       55.01     0.156  2
  24.69     0.109  1       47.97     0.105  2       55.12     0.158  2
  25.15     0.109  1       48.08     0.104  2       55.23     0.160  2
  25.61     0.110  1       48.18     0.103  2       55.33     0.162  2
  26.07     0.110  1       48.29     0.103  2       55.44     0.164  2
  26.52     0.111  1       48.40     0.102  2       55.55     0.166  2
  26.98     0.111  1       48.50     0.101  2       55.65     0.168  2
  27.44     0.112  1       48.61     0.100  2       55.76     0.170  2
  27.90     0.112  1       48.72     0.100  2       55.87     0.173  2
  28.35     0.113  1       48.82     0.099  2       55.97     0.175  2
  28.81     0.113  1       48.93     0.098  2       56.08     0.177  2
  29.27     0.114  1       49.04     0.097  2       56.19     0.179  2
  29.72     0.114  1       49.14     0.096  2       56.29     0.181  2
  30.18     0.115  1       49.25     0.096  2       56.40     0.183  2
  30.64     0.115  1       49.36     0.095  2

note:  (+) soil loss - detachment     (-) soil loss - deposition



III. OFF SITE EFFECTS  OFF SITE EFFECTS  OFF SITE EFFECTS
     ----------------  ----------------  ----------------

     A.  SEDIMENT LEAVING PROFILE for year    6     5.788 kg/m



     B.  SEDIMENT CHARACTERISTICS AND ENRICHMENT

     Sediment particle information leaving profile
-------------------------------------------------------------------------------
                                 Particle Composition         Detached Fraction
Class  Diameter  Specific  ---------------------------------  Sediment  In Flow
         (mm)    Gravity   % Sand   % Silt   % Clay   % O.M.  Fraction  Exiting
-------------------------------------------------------------------------------
  1     0.002      2.60      0.0      0.0    100.0     25.0     0.052    0.061
  2     0.010      2.65      0.0    100.0      0.0      0.0     0.092    0.109
  3     0.030      1.80      0.0     63.6     36.4      9.1     0.258    0.304
  4     0.400      1.60     67.2     20.8     12.0      3.0     0.451    0.396
  5     0.200      2.65    100.0      0.0      0.0      0.0     0.147    0.130
-------------------------------------------------------------------------------


     Weighted SSA enrichment ratio leaving profile for year    6 =   1.10


     HILLSLOPE 1 YEARLY SUMMARY FOR    7
     ----------------------------------


I.   RAINFALL AND RUNOFF SUMMARY
     -------- --- ------ -------

      year:      7

         Rainfall         Storm Runoff        Melt Runoff
      events   amount   events   amount     events  amount
                (mm)              (mm)               (mm)

        96     988.60       4      25.30       0       0.00


II.  ON SITE EFFECTS  ON SITE EFFECTS  ON SITE EFFECTS
     ---------------  ---------------  ---------------


  A.  AREA OF NET SOIL LOSS

      ** Soil Loss (Avg. of Net Detachment Areas) =    0.032 kg/m2 **
      ** Maximum Soil Loss  =    0.056 kg/m2 at   56.40 meters **


      Area of    Soil Loss   Soil Loss   MAX   MAX Loss   MIN   MIN Loss
      Net Loss      MEAN      STDEV      Loss    Point    Loss   Point
        (m)       (kg/m2)     (kg/m2)  (kg/m2)    (m)    (kg/m2)  (m)
------------------------------------------------------------------------
   0.00-  47.76    0.031     0.007      0.045   45.84     0.020     0.46
  47.97-  56.40    0.040     0.008      0.056   56.40     0.030    51.06

  B.  AREA OF SOIL DEPOSITION

      ** Soil Deposition (Avg. of Net Deposition Areas) =    -1.116 kg/m2 **
      ** Maximum Soil Deposition  =    -1.951 kg/m2 at   47.97 meters **

      Area of    Soil Dep   Soil Dep     MAX    MAX Dep   MIN   MIN Dep
      Net Dep       MEAN     STDEV       Dep     Point    Dep    Point
        (m)       (kg/m2)    (kg/m2)   (kg/m2)    (m)    (kg/m2)  (m)
------------------------------------------------------------------------
  47.76-  47.97   -1.116     1.182     -1.951   47.97    -0.280    47.86



  C.  SOIL LOSS/DEPOSITION ALONG SLOPE PROFILE

          Profile distances are from top to bottom of hillslope


 distance soil  flow    distance   soil  flow    distance   soil  flow
    (m)   loss  elem       (m)     loss  elem       (m)     loss  elem
         (kg/m2)                  (kg/m2)                  (kg/m2)
------------------------------------------------------------------------

   0.46     0.020  1       31.10     0.034  1       49.46     0.034  2
   0.91     0.020  1       31.55     0.034  1       49.57     0.034  2
   1.37     0.020  1       32.01     0.035  1       49.68     0.034  2
   1.83     0.020  1       32.47     0.035  1       49.78     0.033  2
   2.29     0.020  1       32.93     0.035  1       49.89     0.033  2
   2.74     0.021  1       33.38     0.035  1       50.00     0.033  2
   3.20     0.021  1       33.84     0.035  1       50.10     0.033  2
   3.66     0.021  1       34.30     0.035  1       50.21     0.032  2
   4.12     0.021  1       34.75     0.035  1       50.32     0.032  2
   4.57     0.022  1       35.21     0.035  1       50.42     0.032  2
   5.03     0.022  1       35.67     0.035  1       50.53     0.032  2
   5.49     0.022  1       36.13     0.035  1       50.64     0.031  2
   5.94     0.022  1       36.58     0.035  1       50.74     0.031  2
   6.40     0.022  1       37.04     0.036  1       50.85     0.031  2
   6.86     0.023  1       37.50     0.036  1       50.96     0.031  2
   7.32     0.023  1       37.96     0.036  1       51.06     0.030  2
   7.77     0.023  1       38.41     0.036  1       51.17     0.031  2
   8.23     0.023  1       38.87     0.036  1       51.28     0.031  2
   8.69     0.023  1       39.33     0.036  1       51.39     0.032  2
   9.15     0.023  1       39.79     0.036  1       51.49     0.032  2
   9.60     0.024  1       40.24     0.036  1       51.60     0.033  2
  10.06     0.024  1       40.70     0.036  1       51.71     0.034  2
  10.52     0.024  1       41.16     0.036  1       51.81     0.034  2
  10.98     0.025  1       41.61     0.036  1       51.92     0.035  2
  11.43     0.025  1       42.07     0.036  1       52.03     0.035  2
  11.89     0.025  1       42.53     0.036  1       52.13     0.036  2
  12.35     0.025  1       42.99     0.036  1       52.24     0.036  2
  12.80     0.026  1       43.44     0.036  1       52.35     0.037  2
  13.26     0.026  1       43.90     0.036  1       52.45     0.037  2
  13.72     0.026  1       44.36     0.036  1       52.56     0.038  2
  14.18     0.027  1       44.82     0.036  1       52.67     0.038  2
  14.63     0.027  1       45.27     0.036  1       52.77     0.039  2
  15.09     0.027  1       45.73     0.036  1       52.88     0.040  2
  15.55     0.028  1       45.84     0.045  2       52.99     0.040  2
  16.01     0.028  1       45.94     0.044  2       53.09     0.041  2
  16.46     0.028  1       46.05     0.044  2       53.20     0.041  2
  16.92     0.028  1       46.16     0.044  2       53.31     0.042  2
  17.38     0.029  1       46.26     0.043  2       53.41     0.042  2
  17.83     0.029  1       46.37     0.042  2       53.52     0.043  2
  18.29     0.029  1       46.48     0.042  2       53.63     0.043  2
  18.75     0.029  1       46.58     0.042  2       53.73     0.044  2
  19.21     0.030  1       46.69     0.042  2       53.84     0.044  2
  19.66     0.030  1       46.80     0.041  2       53.95     0.045  2
  20.12     0.030  1       46.90     0.041  2       54.05     0.045  2
  20.58     0.030  1       47.01     0.041  2       54.16     0.046  2
  21.04     0.031  1       47.12     0.040  2       54.27     0.046  2
  21.49     0.031  1       47.22     0.040  2       54.37     0.047  2
  21.95     0.031  1       47.33     0.039  2       54.48     0.047  2
  22.41     0.032  1       47.44     0.039  2       54.59     0.048  2
  22.86     0.032  1       47.54     0.039  2       54.69     0.048  2
  23.32     0.032  1       47.65     0.038  2       54.80     0.049  2
  23.78     0.032  1       47.76     0.038  2       54.91     0.049  2
  24.24     0.032  1       47.86    -0.280  2       55.01     0.050  2
  24.69     0.032  1       47.97    -1.951  2       55.12     0.050  2
  25.15     0.033  1       48.08     0.037  2       55.23     0.051  2
  25.61     0.033  1       48.18     0.037  2       55.33     0.051  2
  26.07     0.033  1       48.29     0.037  2       55.44     0.052  2
  26.52     0.033  1       48.40     0.036  2       55.55     0.052  2
  26.98     0.033  1       48.50     0.036  2       55.65     0.053  2
  27.44     0.033  1       48.61     0.036  2       55.76     0.053  2
  27.90     0.033  1       48.72     0.036  2       55.87     0.054  2
  28.35     0.034  1       48.82     0.035  2       55.97     0.054  2
  28.81     0.034  1       48.93     0.035  2       56.08     0.055  2
  29.27     0.034  1       49.04     0.035  2       56.19     0.055  2
  29.72     0.034  1       49.14     0.035  2       56.29     0.056  2
  30.18     0.034  1       49.25     0.035  2       56.40     0.056  2
  30.64     0.034  1       49.36     0.034  2

note:  (+) soil loss - detachment     (-) soil loss - deposition



III. OFF SITE EFFECTS  OFF SITE EFFECTS  OFF SITE EFFECTS
     ----------------  ----------------  ----------------

     A.  SEDIMENT LEAVING PROFILE for year    7     1.559 kg/m



     B.  SEDIMENT CHARACTERISTICS AND ENRICHMENT

     Sediment particle information leaving profile
-------------------------------------------------------------------------------
                                 Particle Composition         Detached Fraction
Class  Diameter  Specific  ---------------------------------  Sediment  In Flow
         (mm)    Gravity   % Sand   % Silt   % Clay   % O.M.  Fraction  Exiting
-------------------------------------------------------------------------------
  1     0.002      2.60      0.0      0.0    100.0     25.0     0.052    0.077
  2     0.010      2.65      0.0    100.0      0.0      0.0     0.092    0.111
  3     0.030      1.80      0.0     63.6     36.4      9.1     0.258    0.280
  4     0.400      1.60     67.2     20.8     12.0      3.0     0.451    0.400
  5     0.200      2.65    100.0      0.0      0.0      0.0     0.147    0.131
-------------------------------------------------------------------------------


     Weighted SSA enrichment ratio leaving profile for year    7 =   1.13


     HILLSLOPE 1 YEARLY SUMMARY FOR    8
     ----------------------------------


I.   RAINFALL AND RUNOFF SUMMARY
     -------- --- ------ -------

      year:      8

         Rainfall         Storm Runoff        Melt Runoff
      events   amount   events   amount     events  amount
                (mm)              (mm)               (mm)

        89     932.50       0       0.00       1       8.45


II.  ON SITE EFFECTS  ON SITE EFFECTS  ON SITE EFFECTS
     ---------------  ---------------  ---------------


  A.  AREA OF NET SOIL LOSS

      ** Soil Loss (Avg. of Net Detachment Areas) =    0.016 kg/m2 **
      ** Maximum Soil Loss  =    0.038 kg/m2 at   56.40 meters **


      Area of    Soil Loss   Soil Loss   MAX   MAX Loss   MIN   MIN Loss
      Net Loss      MEAN      STDEV      Loss    Point    Loss   Point
        (m)       (kg/m2)     (kg/m2)  (kg/m2)    (m)    (kg/m2)  (m)
------------------------------------------------------------------------
  19.66-  56.40    0.016     0.008      0.038   56.40     0.000    20.12



  C.  SOIL LOSS/DEPOSITION ALONG SLOPE PROFILE

          Profile distances are from top to bottom of hillslope


 distance soil  flow    distance   soil  flow    distance   soil  flow
    (m)   loss  elem       (m)     loss  elem       (m)     loss  elem
         (kg/m2)                  (kg/m2)                  (kg/m2)
------------------------------------------------------------------------

   0.46     0.000  1       31.10     0.014  1       49.46     0.014  2
   0.91     0.000  1       31.55     0.014  1       49.57     0.014  2
   1.37     0.000  1       32.01     0.015  1       49.68     0.014  2
   1.83     0.000  1       32.47     0.015  1       49.78     0.014  2
   2.29     0.000  1       32.93     0.015  1       49.89     0.014  2
   2.74     0.000  1       33.38     0.016  1       50.00     0.013  2
   3.20     0.000  1       33.84     0.016  1       50.10     0.013  2
   3.66     0.000  1       34.30     0.016  1       50.21     0.013  2
   4.12     0.000  1       34.75     0.017  1       50.32     0.013  2
   4.57     0.000  1       35.21     0.017  1       50.42     0.013  2
   5.03     0.000  1       35.67     0.017  1       50.53     0.012  2
   5.49     0.000  1       36.13     0.017  1       50.64     0.012  2
   5.94     0.000  1       36.58     0.018  1       50.74     0.012  2
   6.40     0.000  1       37.04     0.018  1       50.85     0.012  2
   6.86     0.000  1       37.50     0.018  1       50.96     0.012  2
   7.32     0.000  1       37.96     0.018  1       51.06     0.011  2
   7.77     0.000  1       38.41     0.019  1       51.17     0.012  2
   8.23     0.000  1       38.87     0.019  1       51.28     0.012  2
   8.69     0.000  1       39.33     0.019  1       51.39     0.013  2
   9.15     0.000  1       39.79     0.019  1       51.49     0.013  2
   9.60     0.000  1       40.24     0.019  1       51.60     0.014  2
  10.06     0.000  1       40.70     0.020  1       51.71     0.014  2
  10.52     0.000  1       41.16     0.020  1       51.81     0.015  2
  10.98     0.000  1       41.61     0.020  1       51.92     0.016  2
  11.43     0.000  1       42.07     0.020  1       52.03     0.016  2
  11.89     0.000  1       42.53     0.020  1       52.13     0.017  2
  12.35     0.000  1       42.99     0.020  1       52.24     0.017  2
  12.80     0.000  1       43.44     0.021  1       52.35     0.018  2
  13.26     0.000  1       43.90     0.021  1       52.45     0.018  2
  13.72     0.000  1       44.36     0.021  1       52.56     0.019  2
  14.18     0.000  1       44.82     0.021  1       52.67     0.019  2
  14.63     0.000  1       45.27     0.021  1       52.77     0.020  2
  15.09     0.000  1       45.73     0.021  1       52.88     0.021  2
  15.55     0.000  1       45.84     0.020  2       52.99     0.021  2
  16.01     0.000  1       45.94     0.020  2       53.09     0.022  2
  16.46     0.000  1       46.05     0.020  2       53.20     0.022  2
  16.92     0.000  1       46.16     0.020  2       53.31     0.023  2
  17.38     0.000  1       46.26     0.019  2       53.41     0.023  2
  17.83     0.000  1       46.37     0.019  2       53.52     0.024  2
  18.29     0.000  1       46.48     0.019  2       53.63     0.024  2
  18.75     0.000  1       46.58     0.019  2       53.73     0.025  2
  19.21     0.000  1       46.69     0.019  2       53.84     0.025  2
  19.66     0.000  1       46.80     0.019  2       53.95     0.026  2
  20.12     0.000  1       46.90     0.019  2       54.05     0.026  2
  20.58     0.001  1       47.01     0.018  2       54.16     0.027  2
  21.04     0.002  1       47.12     0.018  2       54.27     0.027  2
  21.49     0.003  1       47.22     0.018  2       54.37     0.028  2
  21.95     0.003  1       47.33     0.018  2       54.48     0.029  2
  22.41     0.004  1       47.44     0.018  2       54.59     0.029  2
  22.86     0.005  1       47.54     0.018  2       54.69     0.030  2
  23.32     0.006  1       47.65     0.017  2       54.80     0.030  2
  23.78     0.006  1       47.76     0.017  2       54.91     0.031  2
  24.24     0.007  1       47.86     0.017  2       55.01     0.031  2
  24.69     0.007  1       47.97     0.017  2       55.12     0.032  2
  25.15     0.008  1       48.08     0.017  2       55.23     0.032  2
  25.61     0.008  1       48.18     0.017  2       55.33     0.033  2
  26.07     0.009  1       48.29     0.016  2       55.44     0.033  2
  26.52     0.009  1       48.40     0.016  2       55.55     0.034  2
  26.98     0.010  1       48.50     0.016  2       55.65     0.034  2
  27.44     0.010  1       48.61     0.016  2       55.76     0.035  2
  27.90     0.011  1       48.72     0.016  2       55.87     0.035  2
  28.35     0.011  1       48.82     0.016  2       55.97     0.036  2
  28.81     0.012  1       48.93     0.015  2       56.08     0.036  2
  29.27     0.012  1       49.04     0.015  2       56.19     0.037  2
  29.72     0.013  1       49.14     0.015  2       56.29     0.037  2
  30.18     0.013  1       49.25     0.015  2       56.40     0.038  2
  30.64     0.013  1       49.36     0.015  2

note:  (+) soil loss - detachment     (-) soil loss - deposition



III. OFF SITE EFFECTS  OFF SITE EFFECTS  OFF SITE EFFECTS
     ----------------  ----------------  ----------------

     A.  SEDIMENT LEAVING PROFILE for year    8     0.577 kg/m



     B.  SEDIMENT CHARACTERISTICS AND ENRICHMENT

     Sediment particle information leaving profile
-------------------------------------------------------------------------------
                                 Particle Composition         Detached Fraction
Class  Diameter  Specific  ---------------------------------  Sediment  In Flow
         (mm)    Gravity   % Sand   % Silt   % Clay   % O.M.  Fraction  Exiting
-------------------------------------------------------------------------------
  1     0.002      2.60      0.0      0.0    100.0     25.0     0.052    0.052
  2     0.010      2.65      0.0    100.0      0.0      0.0     0.092    0.092
  3     0.030      1.80      0.0     63.6     36.4      9.1     0.258    0.258
  4     0.400      1.60     67.2     20.8     12.0      3.0     0.451    0.451
  5     0.200      2.65    100.0      0.0      0.0      0.0     0.147    0.147
-------------------------------------------------------------------------------


     Weighted SSA enrichment ratio leaving profile for year    8 =   1.00


     HILLSLOPE 1 YEARLY SUMMARY FOR    9
     ----------------------------------


I.   RAINFALL AND RUNOFF SUMMARY
     -------- --- ------ -------

      year:      9

         Rainfall         Storm Runoff        Melt Runoff
      events   amount   events   amount     events  amount
                (mm)              (mm)               (mm)

        91     741.20       0       0.00       1       2.89


II.  ON SITE EFFECTS  ON SITE EFFECTS  ON SITE EFFECTS
     ---------------  ---------------  ---------------


  A.  AREA OF NET SOIL LOSS

      ** Soil Loss (Avg. of Net Detachment Areas) =    0.002 kg/m2 **
      ** Maximum Soil Loss  =    0.012 kg/m2 at   56.40 meters **


      Area of    Soil Loss   Soil Loss   MAX   MAX Loss   MIN   MIN Loss
      Net Loss      MEAN      STDEV      Loss    Point    Loss   Point
        (m)       (kg/m2)     (kg/m2)  (kg/m2)    (m)    (kg/m2)  (m)
------------------------------------------------------------------------
  16.01-  56.40    0.002     0.005      0.012   56.40     0.000    16.46



  C.  SOIL LOSS/DEPOSITION ALONG SLOPE PROFILE

          Profile distances are from top to bottom of hillslope


 distance soil  flow    distance   soil  flow    distance   soil  flow
    (m)   loss  elem       (m)     loss  elem       (m)     loss  elem
         (kg/m2)                  (kg/m2)                  (kg/m2)
------------------------------------------------------------------------

   0.46     0.000  1       31.10     0.000  1       49.46     0.006  2
   0.91     0.000  1       31.55     0.000  1       49.57     0.006  2
   1.37     0.000  1       32.01     0.000  1       49.68     0.006  2
   1.83     0.000  1       32.47     0.000  1       49.78     0.006  2
   2.29     0.000  1       32.93     0.000  1       49.89     0.006  2
   2.74     0.000  1       33.38     0.000  1       50.00     0.006  2
   3.20     0.000  1       33.84     0.001  1       50.10     0.006  2
   3.66     0.000  1       34.30     0.001  1       50.21     0.006  2
   4.12     0.000  1       34.75     0.001  1       50.32     0.005  2
   4.57     0.000  1       35.21     0.001  1       50.42     0.005  2
   5.03     0.000  1       35.67     0.001  1       50.53     0.005  2
   5.49     0.000  1       36.13     0.001  1       50.64     0.005  2
   5.94     0.000  1       36.58     0.001  1       50.74     0.005  2
   6.40     0.000  1       37.04     0.001  1       50.85     0.005  2
   6.86     0.000  1       37.50     0.001  1       50.96     0.005  2
   7.32     0.000  1       37.96     0.001  1       51.06     0.005  2
   7.77     0.000  1       38.41     0.001  1       51.17     0.005  2
   8.23     0.000  1       38.87     0.001  1       51.28     0.005  2
   8.69     0.000  1       39.33     0.001  1       51.39     0.005  2
   9.15     0.000  1       39.79     0.001  1       51.49     0.005  2
   9.60     0.000  1       40.24     0.001  1       51.60     0.006  2
  10.06     0.000  1       40.70     0.001  1       51.71     0.006  2
  10.52     0.000  1       41.16     0.001  1       51.81     0.006  2
  10.98     0.000  1       41.61     0.001  1       51.92     0.006  2
  11.43     0.000  1       42.07     0.001  1       52.03     0.006  2
  11.89     0.000  1       42.53     0.001  1       52.13     0.006  2
  12.35     0.000  1       42.99     0.001  1       52.24     0.007  2
  12.80     0.000  1       43.44     0.001  1       52.35     0.007  2
  13.26     0.000  1       43.90     0.001  1       52.45     0.007  2
  13.72     0.000  1       44.36     0.001  1       52.56     0.007  2
  14.18     0.000  1       44.82     0.001  1       52.67     0.007  2
  14.63     0.000  1       45.27     0.001  1       52.77     0.007  2
  15.09     0.000  1       45.73     0.001  1       52.88     0.007  2
  15.55     0.000  1       45.84     0.009  2       52.99     0.008  2
  16.01     0.000  1       45.94     0.009  2       53.09     0.008  2
  16.46     0.000  1       46.05     0.009  2       53.20     0.008  2
  16.92     0.000  1       46.16     0.009  2       53.31     0.008  2
  17.38     0.000  1       46.26     0.009  2       53.41     0.008  2
  17.83     0.000  1       46.37     0.008  2       53.52     0.008  2
  18.29     0.000  1       46.48     0.008  2       53.63     0.009  2
  18.75     0.000  1       46.58     0.008  2       53.73     0.009  2
  19.21     0.000  1       46.69     0.008  2       53.84     0.009  2
  19.66     0.000  1       46.80     0.008  2       53.95     0.009  2
  20.12     0.000  1       46.90     0.008  2       54.05     0.009  2
  20.58     0.000  1       47.01     0.008  2       54.16     0.009  2
  21.04     0.000  1       47.12     0.008  2       54.27     0.009  2
  21.49     0.000  1       47.22     0.008  2       54.37     0.009  2
  21.95     0.000  1       47.33     0.008  2       54.48     0.010  2
  22.41     0.000  1       47.44     0.008  2       54.59     0.010  2
  22.86     0.000  1       47.54     0.008  2       54.69     0.010  2
  23.32     0.000  1       47.65     0.008  2       54.80     0.010  2
  23.78     0.000  1       47.76     0.007  2       54.91     0.010  2
  24.24     0.000  1       47.86     0.007  2       55.01     0.010  2
  24.69     0.000  1       47.97     0.007  2       55.12     0.010  2
  25.15     0.000  1       48.08     0.007  2       55.23     0.011  2
  25.61     0.000  1       48.18     0.007  2       55.33     0.011  2
  26.07     0.000  1       48.29     0.007  2       55.44     0.011  2
  26.52     0.000  1       48.40     0.007  2       55.55     0.011  2
  26.98     0.000  1       48.50     0.007  2       55.65     0.011  2
  27.44     0.000  1       48.61     0.007  2       55.76     0.011  2
  27.90     0.000  1       48.72     0.007  2       55.87     0.011  2
  28.35     0.000  1       48.82     0.007  2       55.97     0.011  2
  28.81     0.000  1       48.93     0.007  2       56.08     0.012  2
  29.27     0.000  1       49.04     0.006  2       56.19     0.012  2
  29.72     0.000  1       49.14     0.006  2       56.29     0.012  2
  30.18     0.000  1       49.25     0.006  2       56.40     0.012  2
  30.64     0.000  1       49.36     0.006  2

note:  (+) soil loss - detachment     (-) soil loss - deposition



III. OFF SITE EFFECTS  OFF SITE EFFECTS  OFF SITE EFFECTS
     ----------------  ----------------  ----------------

     A.  SEDIMENT LEAVING PROFILE for year    9     0.095 kg/m



     B.  SEDIMENT CHARACTERISTICS AND ENRICHMENT

     Sediment particle information leaving profile
-------------------------------------------------------------------------------
                                 Particle Composition         Detached Fraction
Class  Diameter  Specific  ---------------------------------  Sediment  In Flow
         (mm)    Gravity   % Sand   % Silt   % Clay   % O.M.  Fraction  Exiting
-------------------------------------------------------------------------------
  1     0.002      2.60      0.0      0.0    100.0     25.0     0.052    0.052
  2     0.010      2.65      0.0    100.0      0.0      0.0     0.092    0.092
  3     0.030      1.80      0.0     63.6     36.4      9.1     0.258    0.258
  4     0.400      1.60     67.2     20.8     12.0      3.0     0.451    0.451
  5     0.200      2.65    100.0      0.0      0.0      0.0     0.147    0.147
-------------------------------------------------------------------------------


     Weighted SSA enrichment ratio leaving profile for year    9 =   1.00


     HILLSLOPE 1 YEARLY SUMMARY FOR   10
     ----------------------------------


I.   RAINFALL AND RUNOFF SUMMARY
     -------- --- ------ -------

      year:     10

         Rainfall         Storm Runoff        Melt Runoff
      events   amount   events   amount     events  amount
                (mm)              (mm)               (mm)

        97    1010.50       5       0.41       1      10.66


II.  ON SITE EFFECTS  ON SITE EFFECTS  ON SITE EFFECTS
     ---------------  ---------------  ---------------


  A.  AREA OF NET SOIL LOSS

      ** Soil Loss (Avg. of Net Detachment Areas) =    0.044 kg/m2 **
      ** Maximum Soil Loss  =    0.076 kg/m2 at   45.73 meters **


      Area of    Soil Loss   Soil Loss   MAX   MAX Loss   MIN   MIN Loss
      Net Loss      MEAN      STDEV      Loss    Point    Loss   Point
        (m)       (kg/m2)     (kg/m2)  (kg/m2)    (m)    (kg/m2)  (m)
------------------------------------------------------------------------
   0.00-  46.80    0.046     0.020      0.076   45.73     0.017     1.37
  46.90-  47.44    0.043     0.001      0.044   47.01     0.041    47.44
  47.54-  47.97    0.039     0.001      0.040   47.65     0.037    47.97
  48.08-  56.40    0.035     0.007      0.047   56.40     0.023    51.06

  B.  AREA OF SOIL DEPOSITION

      ** Soil Deposition (Avg. of Net Deposition Areas) =    -1.882 kg/m2 **
      ** Maximum Soil Deposition  =    -4.268 kg/m2 at   48.08 meters **

      Area of    Soil Dep   Soil Dep     MAX    MAX Dep   MIN   MIN Dep
      Net Dep       MEAN     STDEV       Dep     Point    Dep    Point
        (m)       (kg/m2)    (kg/m2)   (kg/m2)    (m)    (kg/m2)  (m)
------------------------------------------------------------------------
  46.80-  46.90   -1.068     0.000     -1.068   46.90    -1.068    46.90
  47.44-  47.54   -0.311     0.000     -0.311   47.54    -0.311    47.54
  47.97-  48.08   -4.268     0.000     -4.268   48.08    -4.268    48.08

      Single Point     Single Point
       Soil Area          Dep
         (m)             (kg/m2/)
      ------------------------------
        46.90            -1.068
        47.54            -0.311
        48.08            -4.268



  C.  SOIL LOSS/DEPOSITION ALONG SLOPE PROFILE

          Profile distances are from top to bottom of hillslope


 distance soil  flow    distance   soil  flow    distance   soil  flow
    (m)   loss  elem       (m)     loss  elem       (m)     loss  elem
         (kg/m2)                  (kg/m2)                  (kg/m2)
------------------------------------------------------------------------

   0.46     0.017  1       31.10     0.061  1       49.46     0.031  2
   0.91     0.017  1       31.55     0.062  1       49.57     0.030  2
   1.37     0.017  1       32.01     0.062  1       49.68     0.030  2
   1.83     0.017  1       32.47     0.063  1       49.78     0.029  2
   2.29     0.017  1       32.93     0.064  1       49.89     0.029  2
   2.74     0.017  1       33.38     0.065  1       50.00     0.028  2
   3.20     0.017  1       33.84     0.065  1       50.10     0.028  2
   3.66     0.017  1       34.30     0.066  1       50.21     0.027  2
   4.12     0.017  1       34.75     0.067  1       50.32     0.027  2
   4.57     0.017  1       35.21     0.067  1       50.42     0.026  2
   5.03     0.017  1       35.67     0.068  1       50.53     0.026  2
   5.49     0.017  1       36.13     0.068  1       50.64     0.025  2
   5.94     0.018  1       36.58     0.069  1       50.74     0.025  2
   6.40     0.018  1       37.04     0.069  1       50.85     0.024  2
   6.86     0.018  1       37.50     0.070  1       50.96     0.024  2
   7.32     0.018  1       37.96     0.070  1       51.06     0.023  2
   7.77     0.019  1       38.41     0.071  1       51.17     0.023  2
   8.23     0.019  1       38.87     0.071  1       51.28     0.024  2
   8.69     0.020  1       39.33     0.072  1       51.39     0.025  2
   9.15     0.021  1       39.79     0.072  1       51.49     0.026  2
   9.60     0.022  1       40.24     0.073  1       51.60     0.026  2
  10.06     0.023  1       40.70     0.073  1       51.71     0.027  2
  10.52     0.024  1       41.16     0.073  1       51.81     0.028  2
  10.98     0.025  1       41.61     0.074  1       51.92     0.028  2
  11.43     0.026  1       42.07     0.074  1       52.03     0.029  2
  11.89     0.026  1       42.53     0.074  1       52.13     0.030  2
  12.35     0.027  1       42.99     0.075  1       52.24     0.030  2
  12.80     0.028  1       43.44     0.075  1       52.35     0.031  2
  13.26     0.029  1       43.90     0.075  1       52.45     0.032  2
  13.72     0.030  1       44.36     0.076  1       52.56     0.032  2
  14.18     0.031  1       44.82     0.076  1       52.67     0.033  2
  14.63     0.032  1       45.27     0.076  1       52.77     0.033  2
  15.09     0.032  1       45.73     0.076  1       52.88     0.034  2
  15.55     0.033  1       45.84     0.056  2       52.99     0.034  2
  16.01     0.034  1       45.94     0.055  2       53.09     0.035  2
  16.46     0.035  1       46.05     0.054  2       53.20     0.036  2
  16.92     0.036  1       46.16     0.053  2       53.31     0.036  2
  17.38     0.037  1       46.26     0.052  2       53.41     0.037  2
  17.83     0.038  1       46.37     0.050  2       53.52     0.037  2
  18.29     0.038  1       46.48     0.049  2       53.63     0.038  2
  18.75     0.039  1       46.58     0.048  2       53.73     0.038  2
  19.21     0.040  1       46.69     0.047  2       53.84     0.039  2
  19.66     0.041  1       46.80     0.046  2       53.95     0.039  2
  20.12     0.042  1       46.90    -1.068  2       54.05     0.040  2
  20.58     0.042  1       47.01     0.044  2       54.16     0.040  2
  21.04     0.043  1       47.12     0.044  2       54.27     0.041  2
  21.49     0.044  1       47.22     0.043  2       54.37     0.041  2
  21.95     0.045  1       47.33     0.042  2       54.48     0.041  2
  22.41     0.045  1       47.44     0.041  2       54.59     0.042  2
  22.86     0.046  1       47.54    -0.311  2       54.69     0.042  2
  23.32     0.047  1       47.65     0.040  2       54.80     0.043  2
  23.78     0.047  1       47.76     0.039  2       54.91     0.043  2
  24.24     0.048  1       47.86     0.038  2       55.01     0.044  2
  24.69     0.048  1       47.97     0.037  2       55.12     0.044  2
  25.15     0.049  1       48.08    -4.268  2       55.23     0.044  2
  25.61     0.049  1       48.18     0.036  2       55.33     0.045  2
  26.07     0.050  1       48.29     0.036  2       55.44     0.045  2
  26.52     0.051  1       48.40     0.035  2       55.55     0.045  2
  26.98     0.053  1       48.50     0.035  2       55.65     0.046  2
  27.44     0.054  1       48.61     0.034  2       55.76     0.046  2
  27.90     0.054  1       48.72     0.034  2       55.87     0.046  2
  28.35     0.055  1       48.82     0.034  2       55.97     0.046  2
  28.81     0.056  1       48.93     0.033  2       56.08     0.047  2
  29.27     0.057  1       49.04     0.033  2       56.19     0.047  2
  29.72     0.058  1       49.14     0.032  2       56.29     0.047  2
  30.18     0.059  1       49.25     0.032  2       56.40     0.047  2
  30.64     0.060  1       49.36     0.031  2

note:  (+) soil loss - detachment     (-) soil loss - deposition



III. OFF SITE EFFECTS  OFF SITE EFFECTS  OFF SITE EFFECTS
     ----------------  ----------------  ----------------

     A.  SEDIMENT LEAVING PROFILE for year   10     1.882 kg/m



     B.  SEDIMENT CHARACTERISTICS AND ENRICHMENT

     Sediment particle information leaving profile
-------------------------------------------------------------------------------
                                 Particle Composition         Detached Fraction
Class  Diameter  Specific  ---------------------------------  Sediment  In Flow
         (mm)    Gravity   % Sand   % Silt   % Clay   % O.M.  Fraction  Exiting
-------------------------------------------------------------------------------
  1     0.002      2.60      0.0      0.0    100.0     25.0     0.052    0.055
  2     0.010      2.65      0.0    100.0      0.0      0.0     0.092    0.098
  3     0.030      1.80      0.0     63.6     36.4      9.1     0.258    0.274
  4     0.400      1.60     67.2     20.8     12.0      3.0     0.451    0.431
  5     0.200      2.65    100.0      0.0      0.0      0.0     0.147    0.141
-------------------------------------------------------------------------------


     Weighted SSA enrichment ratio leaving profile for year   10 =   1.03


     ANNUAL AVERAGE SUMMARIES
     ------------------------


I.   RAINFALL AND RUNOFF SUMMARY
     -------- --- ------ -------

      total summary:  years    1 -   10

       947 storms produced                        10267.10 mm of precipitation
        21 rain storm runoff events produced         82.40 mm of runoff
        10 snow melts and/or
             events during winter produced          185.96 mm of runoff

      annual averages
      ---------------

        Number of years                                   10
        Mean annual precipitation                    1026.71    mm
        Mean annual runoff from rainfall                8.24    mm
        Mean annual runoff from snow melt
          and/or rain storm during winter              18.60    mm



II.  ON SITE EFFECTS  ON SITE EFFECTS  ON SITE EFFECTS
     ---------------  ---------------  ---------------


  A.  AREA OF NET SOIL LOSS

      ** Soil Loss (Avg. of Net Detachment Areas) =    0.050 kg/m2 **
      ** Maximum Soil Loss  =    0.088 kg/m2 at   56.40 meters **


      Area of    Soil Loss   Soil Loss   MAX   MAX Loss   MIN   MIN Loss
      Net Loss      MEAN      STDEV      Loss    Point    Loss   Point
        (m)       (kg/m2)     (kg/m2)  (kg/m2)    (m)    (kg/m2)  (m)
------------------------------------------------------------------------
   0.00-  46.80    0.050     0.021      0.077   45.73     0.016     0.46
  46.90-  47.86    0.042     0.015      0.052   47.12     0.015    47.54
  48.08-  56.40    0.055     0.016      0.088   56.40     0.036    51.06

  B.  AREA OF SOIL DEPOSITION

      ** Soil Deposition (Avg. of Net Deposition Areas) =    -0.212 kg/m2 **
      ** Maximum Soil Deposition  =    -0.383 kg/m2 at   48.08 meters **

      Area of    Soil Dep   Soil Dep     MAX    MAX Dep   MIN   MIN Dep
      Net Dep       MEAN     STDEV       Dep     Point    Dep    Point
        (m)       (kg/m2)    (kg/m2)   (kg/m2)    (m)    (kg/m2)  (m)
------------------------------------------------------------------------
  46.80-  46.90   -0.104     0.000     -0.104   46.90    -0.104    46.90
  47.86-  48.08   -0.267     0.164     -0.383   48.08    -0.150    47.97

      Single Point     Single Point
       Soil Area          Dep
         (m)             (kg/m2/)
      ------------------------------
        46.90            -0.104



  C.  SOIL LOSS/DEPOSITION ALONG SLOPE PROFILE

          Profile distances are from top to bottom of hillslope


 distance soil  flow    distance   soil  flow    distance   soil  flow
    (m)   loss  elem       (m)     loss  elem       (m)     loss  elem
         (kg/m2)                  (kg/m2)                  (kg/m2)
------------------------------------------------------------------------

   0.46     0.016  1       31.10     0.066  1       49.46     0.043  2
   0.91     0.016  1       31.55     0.067  1       49.57     0.042  2
   1.37     0.016  1       32.01     0.068  1       49.68     0.042  2
   1.83     0.016  1       32.47     0.068  1       49.78     0.042  2
   2.29     0.017  1       32.93     0.069  1       49.89     0.041  2
   2.74     0.017  1       33.38     0.069  1       50.00     0.041  2
   3.20     0.017  1       33.84     0.070  1       50.10     0.040  2
   3.66     0.018  1       34.30     0.070  1       50.21     0.040  2
   4.12     0.018  1       34.75     0.070  1       50.32     0.039  2
   4.57     0.019  1       35.21     0.071  1       50.42     0.039  2
   5.03     0.019  1       35.67     0.071  1       50.53     0.039  2
   5.49     0.020  1       36.13     0.072  1       50.64     0.038  2
   5.94     0.020  1       36.58     0.072  1       50.74     0.038  2
   6.40     0.021  1       37.04     0.072  1       50.85     0.037  2
   6.86     0.021  1       37.50     0.073  1       50.96     0.037  2
   7.32     0.022  1       37.96     0.073  1       51.06     0.036  2
   7.77     0.022  1       38.41     0.073  1       51.17     0.037  2
   8.23     0.023  1       38.87     0.074  1       51.28     0.038  2
   8.69     0.023  1       39.33     0.074  1       51.39     0.039  2
   9.15     0.024  1       39.79     0.074  1       51.49     0.040  2
   9.60     0.024  1       40.24     0.075  1       51.60     0.041  2
  10.06     0.025  1       40.70     0.075  1       51.71     0.042  2
  10.52     0.025  1       41.16     0.075  1       51.81     0.043  2
  10.98     0.026  1       41.61     0.075  1       51.92     0.044  2
  11.43     0.026  1       42.07     0.076  1       52.03     0.045  2
  11.89     0.027  1       42.53     0.076  1       52.13     0.046  2
  12.35     0.027  1       42.99     0.076  1       52.24     0.047  2
  12.80     0.028  1       43.44     0.076  1       52.35     0.048  2
  13.26     0.030  1       43.90     0.076  1       52.45     0.049  2
  13.72     0.031  1       44.36     0.077  1       52.56     0.050  2
  14.18     0.032  1       44.82     0.077  1       52.67     0.051  2
  14.63     0.033  1       45.27     0.077  1       52.77     0.052  2
  15.09     0.034  1       45.73     0.077  1       52.88     0.053  2
  15.55     0.036  1       45.84     0.057  2       52.99     0.054  2
  16.01     0.037  1       45.94     0.056  2       53.09     0.055  2
  16.46     0.038  1       46.05     0.056  2       53.20     0.056  2
  16.92     0.039  1       46.16     0.055  2       53.31     0.057  2
  17.38     0.040  1       46.26     0.055  2       53.41     0.058  2
  17.83     0.041  1       46.37     0.054  2       53.52     0.059  2
  18.29     0.043  1       46.48     0.054  2       53.63     0.061  2
  18.75     0.044  1       46.58     0.054  2       53.73     0.062  2
  19.21     0.045  1       46.69     0.053  2       53.84     0.063  2
  19.66     0.046  1       46.80     0.053  2       53.95     0.064  2
  20.12     0.047  1       46.90    -0.104  2       54.05     0.065  2
  20.58     0.048  1       47.01     0.051  2       54.16     0.066  2
  21.04     0.049  1       47.12     0.052  2       54.27     0.067  2
  21.49     0.050  1       47.22     0.051  2       54.37     0.068  2
  21.95     0.052  1       47.33     0.039  2       54.48     0.069  2
  22.41     0.053  1       47.44     0.050  2       54.59     0.070  2
  22.86     0.054  1       47.54     0.015  2       54.69     0.071  2
  23.32     0.055  1       47.65     0.050  2       54.80     0.072  2
  23.78     0.056  1       47.76     0.049  2       54.91     0.073  2
  24.24     0.056  1       47.86     0.017  2       55.01     0.074  2
  24.69     0.057  1       47.97    -0.150  2       55.12     0.075  2
  25.15     0.058  1       48.08    -0.383  2       55.23     0.076  2
  25.61     0.059  1       48.18     0.048  2       55.33     0.077  2
  26.07     0.059  1       48.29     0.047  2       55.44     0.078  2
  26.52     0.060  1       48.40     0.047  2       55.55     0.080  2
  26.98     0.061  1       48.50     0.046  2       55.65     0.081  2
  27.44     0.061  1       48.61     0.046  2       55.76     0.082  2
  27.90     0.062  1       48.72     0.046  2       55.87     0.083  2
  28.35     0.063  1       48.82     0.045  2       55.97     0.084  2
  28.81     0.063  1       48.93     0.045  2       56.08     0.085  2
  29.27     0.064  1       49.04     0.045  2       56.19     0.086  2
  29.72     0.065  1       49.14     0.044  2       56.29     0.087  2
  30.18     0.065  1       49.25     0.044  2       56.40     0.088  2
  30.64     0.066  1       49.36     0.043  2

note:  (+) soil loss - detachment     (-) soil loss - deposition



III. OFF SITE EFFECTS  OFF SITE EFFECTS  OFF SITE EFFECTS
     ----------------  ----------------  ----------------

     A.  AVERAGE ANNUAL SEDIMENT LEAVING PROFILE
             2.752   kg/m of width
           275.154     kg (based on profile width of    100.000      m)
             0.488   t/ha (assuming contributions from     0.564     ha)


     B.  SEDIMENT CHARACTERISTICS AND ENRICHMENT

     Sediment particle information leaving profile
-------------------------------------------------------------------------------
                                 Particle Composition         Detached Fraction
Class  Diameter  Specific  ---------------------------------  Sediment  In Flow
         (mm)    Gravity   % Sand   % Silt   % Clay   % O.M.  Fraction  Exiting
-------------------------------------------------------------------------------
  1     0.002      2.60      0.0      0.0    100.0     25.0     0.052    0.058
  2     0.010      2.65      0.0    100.0      0.0      0.0     0.092    0.101
  3     0.030      1.80      0.0     63.6     36.4      9.1     0.258    0.276
  4     0.400      1.60     67.2     20.8     12.0      3.0     0.451    0.426
  5     0.200      2.65    100.0      0.0      0.0      0.0     0.147    0.139
-------------------------------------------------------------------------------


     Average annual SSA enrichment ratio leaving profile =   1.05
