 Annual; abbreviated (Metric Units)                                     


          USDA WATER EROSION PREDICTION PROJECT
          -------------------------------------

          HILLSLOPE PROFILE AND WATERSHED MODEL
                     VERSION  2010.100
           January 28,      2010


               TO REPORT PROBLEMS OR TO BE PUT ON THE MAILING
               LIST FOR FUTURE WEPP MODEL RELEASES, PLEASE CONTACT:

                    WEPP TECHNICAL SUPPORT
                    USDA-AGRICULTURAL RESEARCH SERVICE
                    NATIONAL SOIL EROSION RESEARCH LABORATORY
                    275 SOUTH RUSSELL STREET
                    WEST LAFAYETTE, IN 47907-2077  USA

                    PHONE: (765) 494-8673
                      FAX: (765) 494-5948
                    email:  wepp@ecn.purdue.edu
                      URL:  http://topsoil.nserl.purdue.edu


     HILLSLOPE INPUT DATA FILES - VERSION  2010.100
      January 28,      2010


    MANAGEMENT: data/3inslope.man                                 
 MAN. PRACTICE: Road Section to collect water and then release through      
                ditch and culvert to a fill and forest for deposition       
                W. Elliot & H. Rhee 1/99  USDA Forest Service               
         SLOPE: ../working/wepp-1023.slp                          
       CLIMATE: ../working/wepp-1023.cli                          
       Station:  BIRMINGHAM WB AP AL                            CLIGEN VERSION  4.31
          SOIL: ../working/wepp-1023.sol                          
      PLANE  1 Road                clay loam           
      PLANE  2 Fill                clay loam           
      PLANE  3 Forest              clay loam           


     ANNUAL AVERAGE SUMMARIES
     ------------------------


I.   RAINFALL AND RUNOFF SUMMARY
     -------- --- ------ -------

      total summary:  years    1 -   30

      3481 storms produced                        41581.30 mm of precipitation
      2057 rain storm runoff events produced       4353.34 mm of runoff
       374 snow melts and/or
             events during winter produced          541.07 mm of runoff

      annual averages
      ---------------

        Number of years                                   30
        Mean annual precipitation                    1386.04    mm
        Mean annual runoff from rainfall              145.11    mm
        Mean annual runoff from snow melt
          and/or rain storm during winter              18.04    mm



II.  ON SITE EFFECTS  ON SITE EFFECTS  ON SITE EFFECTS
     ---------------  ---------------  ---------------


  A.  AREA OF NET SOIL LOSS

      ** Soil Loss (Avg. of Net Detachment Areas) =    4.093 kg/m2 **
      ** Maximum Soil Loss  =   40.231 kg/m2 at   61.23 meters **


      Area of    Soil Loss   Soil Loss   MAX   MAX Loss   MIN   MIN Loss
      Net Loss      MEAN      STDEV      Loss    Point    Loss   Point
        (m)       (kg/m2)     (kg/m2)  (kg/m2)    (m)    (kg/m2)  (m)
------------------------------------------------------------------------
   0.00-  66.72    4.428    22.504     40.231   61.23     1.032    66.72
  89.30-  90.49    0.348     0.215      0.591   90.09     0.185    89.70
  92.47-  93.66    0.118     0.029      0.144   93.66     0.087    93.26
  98.02- 101.58    0.413     0.135      0.543   99.60     0.201   101.58

  B.  AREA OF SOIL DEPOSITION

      ** Soil Deposition (Avg. of Net Deposition Areas) =    -3.658 kg/m2 **
      ** Maximum Soil Deposition  =   -10.038 kg/m2 at   72.66 meters **

      Area of    Soil Dep   Soil Dep     MAX    MAX Dep   MIN   MIN Dep
      Net Dep       MEAN     STDEV       Dep     Point    Dep    Point
        (m)       (kg/m2)    (kg/m2)   (kg/m2)    (m)    (kg/m2)  (m)
------------------------------------------------------------------------
  66.72-  89.30   -4.593     2.659    -10.038   72.66    -0.306    89.30
  90.49-  92.47   -0.618     0.289     -0.917   91.68    -0.285    92.47
  93.66-  98.02   -0.560     0.363     -1.105   96.83    -0.002    95.25
 101.58- 105.15   -3.218     2.850     -8.689  105.15    -0.123   101.98



  C.  SOIL LOSS/DEPOSITION ALONG SLOPE PROFILE

          Profile distances are from top to bottom of hillslope


 distance soil  flow    distance   soil  flow    distance   soil  flow
    (m)   loss  elem       (m)     loss  elem       (m)     loss  elem
         (kg/m2)                  (kg/m2)                  (kg/m2)
------------------------------------------------------------------------

   0.61     1.480  1       61.01     5.347  2       65.93     2.366  3
   1.22     1.480  1       61.05    13.896  2       66.32     1.796  3
   1.83     1.480  1       61.10    22.008  2       66.72     1.032  3
   2.44     1.480  1       61.14    29.590  2       67.11    -0.389  3
   3.05     1.480  1       61.19    36.778  2       67.51    -3.104  3
   3.66     1.480  1       61.23    40.231  2       67.91    -2.843  3
   4.27     1.480  1       61.28    40.155  2       68.30    -4.034  3
   4.88     1.480  1       61.33    40.046  2       68.70    -3.785  3
   5.49     1.480  1       61.37    39.995  2       69.10    -5.308  3
   6.10     1.480  1       61.42    39.897  2       69.49    -4.095  3
   6.71     1.480  1       61.46    39.819  2       69.89    -4.523  3
   7.32     1.481  1       61.51    39.745  2       70.28    -4.703  3
   7.92     1.481  1       61.55    39.703  2       70.68    -8.251  3
   8.53     1.481  1       61.60    39.532  2       71.08    -6.986  3
   9.14     1.482  1       61.65    39.510  2       71.47    -7.718  3
   9.75     1.482  1       61.69    39.435  2       71.87    -6.584  3
  10.36     1.483  1       61.74    39.375  2       72.27    -7.894  3
  10.97     1.484  1       61.78    39.346  2       72.66   -10.038  3
  11.58     1.484  1       61.83    39.197  2       73.06    -8.511  3
  12.19     1.485  1       61.87    39.095  2       73.45    -8.382  3
  12.80     1.487  1       61.92    38.956  2       73.85    -9.733  3
  13.41     1.488  1       61.97    39.025  2       74.25    -9.596  3
  14.02     1.489  1       62.01    38.934  2       74.64    -8.216  3
  14.63     1.492  1       62.06    38.836  2       75.04    -5.792  3
  15.24     1.495  1       62.10    38.792  2       75.44    -7.478  3
  15.85     1.499  1       62.15    38.682  2       75.83    -8.218  3
  16.46     1.504  1       62.19    38.587  2       76.23    -8.797  3
  17.07     1.512  1       62.24    38.603  2       76.62    -6.486  3
  17.68     1.520  1       62.29    38.463  2       77.02    -5.494  3
  18.29     1.528  1       62.33    38.386  2       77.42    -4.609  3
  18.90     1.537  1       62.38    38.336  2       77.81    -4.161  3
  19.51     1.547  1       62.42    38.270  2       78.21    -4.654  3
  20.12     1.559  1       62.47    38.129  2       78.60    -4.559  3
  20.73     1.572  1       62.51    38.108  2       79.00    -3.396  3
  21.34     1.586  1       62.56    37.974  2       79.40    -4.605  3
  21.95     1.601  1       62.61    37.940  2       79.79    -5.977  3
  22.56     1.617  1       62.65    37.724  2       80.19    -4.104  3
  23.16     1.633  1       62.70    37.755  2       80.59    -6.910  3
  23.77     1.650  1       62.74    37.600  2       80.98    -4.572  3
  24.38     1.668  1       62.79    37.731  2       81.38    -2.566  3
  24.99     1.687  1       62.83    37.565  2       81.77    -2.541  3
  25.60     1.706  1       62.88    37.439  2       82.17    -2.514  3
  26.21     1.727  1       62.93    37.441  2       82.57    -3.552  3
  26.82     1.747  1       62.97    37.320  2       82.96    -4.454  3
  27.43     1.769  1       63.02    37.202  2       83.36    -4.982  3
  28.04     1.790  1       63.06    37.245  2       83.76    -4.569  3
  28.65     1.812  1       63.11    37.179  2       84.15    -2.110  3
  29.26     1.835  1       63.15    37.162  2       84.55    -1.133  3
  29.87     1.858  1       63.20    36.963  2       84.94    -0.946  3
  30.48     1.883  1       63.25    36.939  2       85.34    -1.357  3
  31.09     1.907  1       63.29    36.916  2       85.74    -0.440  3
  31.70     1.932  1       63.34    36.878  2       86.13    -0.521  3
  32.31     1.958  1       63.38    36.546  2       86.53    -2.126  3
  32.92     1.984  1       63.43    36.611  2       86.92    -2.375  3
  33.53     2.010  1       63.47    36.455  2       87.32    -2.830  3
  34.14     2.037  1       63.52    36.607  2       87.72    -2.127  3
  34.75     2.064  1       63.56    36.490  2       88.11    -1.947  3
  35.36     2.092  1       63.61    36.465  2       88.51    -2.134  3
  35.97     2.120  1       63.66    36.130  2       88.91    -1.752  3
  36.58     2.149  1       63.70    36.323  2       89.30    -0.306  3
  37.19     2.178  1       63.75    36.242  2       89.70     0.185  3
  37.80     2.207  1       63.79    36.144  2       90.09     0.591  3
  38.40     2.236  1       63.84    36.083  2       90.49     0.268  3
  39.01     2.266  1       63.88    35.998  2       90.89    -0.365  3
  39.62     2.296  1       63.93    35.905  2       91.28    -0.640  3
  40.23     2.326  1       63.98    35.761  2       91.68    -0.917  3
  40.84     2.357  1       64.02    35.561  2       92.08    -0.881  3
  41.45     2.387  1       64.07    35.713  2       92.47    -0.285  3
  42.06     2.419  1       64.11    35.504  2       92.87     0.125  3
  42.67     2.450  1       64.16    35.582  2       93.26     0.087  3
  43.28     2.482  1       64.20    35.450  2       93.66     0.144  3
  43.89     2.514  1       64.25    35.476  2       94.06    -0.196  3
  44.50     2.547  1       64.30    35.369  2       94.45    -0.428  3
  45.11     2.580  1       64.34    35.287  2       94.85    -0.577  3
  45.72     2.613  1       64.39    35.170  2       95.25    -0.002  3
  46.33     2.647  1       64.43    35.084  2       95.64    -0.229  3
  46.94     2.680  1       64.48    35.082  2       96.04    -0.481  3
  47.55     2.714  1       64.52    34.951  2       96.43    -0.918  3
  48.16     2.748  1       64.57    34.900  2       96.83    -1.105  3
  48.77     2.782  1       64.62    34.773  2       97.23    -0.965  3
  49.38     2.817  1       64.66    34.751  2       97.62    -0.891  3
  49.99     2.851  1       64.71    34.749  2       98.02    -0.363  3
  50.60     2.887  1       64.75    34.647  2       98.41     0.245  3
  51.21     2.922  1       64.80    34.483  2       98.81     0.282  3
  51.82     2.958  1       64.84    34.527  2       99.21     0.457  3
  52.43     2.993  1       64.89    34.469  2       99.60     0.543  3
  53.04     3.030  1       64.94    34.307  2      100.00     0.536  3
  53.64     3.066  1       64.98    34.268  2      100.40     0.527  3
  54.25     3.103  1       65.03    34.293  2      100.79     0.500  3
  54.86     3.141  1       65.07    34.077  2      101.19     0.428  3
  55.47     3.178  1       65.12    34.155  2      101.58     0.201  3
  56.08     3.216  1       65.16    34.010  2      101.98    -0.123  3
  56.69     3.255  1       65.21    33.970  2      102.38    -0.499  3
  57.30     3.294  1       65.26    33.870  2      102.77    -1.185  3
  57.91     3.333  1       65.30    33.756  2      103.17    -1.936  3
  58.52     3.372  1       65.35    33.815  2      103.57    -2.386  3
  59.13     3.412  1       65.39    33.697  2      103.96    -3.158  3
  59.74     3.452  1       65.44    33.558  2      104.36    -4.696  3
  60.35     3.492  1       65.48    33.266  2      104.75    -6.289  3
  60.96     3.532  1       65.53    32.773  2      105.15    -8.689  3

note:  (+) soil loss - detachment     (-) soil loss - deposition



III. OFF SITE EFFECTS  OFF SITE EFFECTS  OFF SITE EFFECTS
     ----------------  ----------------  ----------------

     A.  AVERAGE ANNUAL SEDIMENT LEAVING PROFILE
           178.572   kg/m of width
           707.144     kg (based on profile width of      3.960      m)
            16.983   t/ha (assuming contributions from     0.042     ha)


     B.  SEDIMENT CHARACTERISTICS AND ENRICHMENT

     Sediment particle information leaving profile
-------------------------------------------------------------------------------
                                 Particle Composition         Detached Fraction
Class  Diameter  Specific  ---------------------------------  Sediment  In Flow
         (mm)    Gravity   % Sand   % Silt   % Clay   % O.M.  Fraction  Exiting
-------------------------------------------------------------------------------
  1     0.002      2.60      0.0      0.0    100.0     26.7     0.078    0.082
  2     0.010      2.65      0.0    100.0      0.0      0.0     0.072    0.074
  3     0.040      1.80      0.0     57.1     42.9     11.4     0.328    0.334
  4     0.600      1.60     52.9     29.8     17.3      4.6     0.472    0.461
  5     0.200      2.65    100.0      0.0      0.0      0.0     0.050    0.049
-------------------------------------------------------------------------------


     Average annual SSA enrichment ratio leaving profile =   1.02
